Archive member included to satisfy reference by file (symbol)

C:/ST/STM32CubeCLT_1.15.0/GNU-tools-for-STM32/bin/../lib/gcc/arm-none-eabi/12.3.1/../../../../arm-none-eabi/lib/thumb/v8-m.main+fp/hard\libc.a(libc_a-exit.o)
                              C:/ST/STM32CubeCLT_1.15.0/GNU-tools-for-STM32/bin/../lib/gcc/arm-none-eabi/12.3.1/../../../../arm-none-eabi/lib/thumb/v8-m.main+fp/hard/crt0.o (exit)
C:/ST/STM32CubeCLT_1.15.0/GNU-tools-for-STM32/bin/../lib/gcc/arm-none-eabi/12.3.1/../../../../arm-none-eabi/lib/thumb/v8-m.main+fp/hard\libc.a(libc_a-findfp.o)
                              C:/ST/STM32CubeCLT_1.15.0/GNU-tools-for-STM32/bin/../lib/gcc/arm-none-eabi/12.3.1/../../../../arm-none-eabi/lib/thumb/v8-m.main+fp/hard\libc.a(libc_a-exit.o) (__stdio_exit_handler)
C:/ST/STM32CubeCLT_1.15.0/GNU-tools-for-STM32/bin/../lib/gcc/arm-none-eabi/12.3.1/../../../../arm-none-eabi/lib/thumb/v8-m.main+fp/hard\libc.a(libc_a-fwalk.o)
                              C:/ST/STM32CubeCLT_1.15.0/GNU-tools-for-STM32/bin/../lib/gcc/arm-none-eabi/12.3.1/../../../../arm-none-eabi/lib/thumb/v8-m.main+fp/hard\libc.a(libc_a-findfp.o) (_fwalk_sglue)
C:/ST/STM32CubeCLT_1.15.0/GNU-tools-for-STM32/bin/../lib/gcc/arm-none-eabi/12.3.1/../../../../arm-none-eabi/lib/thumb/v8-m.main+fp/hard\libc.a(libc_a-stdio.o)
                              C:/ST/STM32CubeCLT_1.15.0/GNU-tools-for-STM32/bin/../lib/gcc/arm-none-eabi/12.3.1/../../../../arm-none-eabi/lib/thumb/v8-m.main+fp/hard\libc.a(libc_a-findfp.o) (__sread)
C:/ST/STM32CubeCLT_1.15.0/GNU-tools-for-STM32/bin/../lib/gcc/arm-none-eabi/12.3.1/../../../../arm-none-eabi/lib/thumb/v8-m.main+fp/hard\libc.a(libc_a-memset.o)
                              C:/ST/STM32CubeCLT_1.15.0/GNU-tools-for-STM32/bin/../lib/gcc/arm-none-eabi/12.3.1/../../../../arm-none-eabi/lib/thumb/v8-m.main+fp/hard/crt0.o (memset)
C:/ST/STM32CubeCLT_1.15.0/GNU-tools-for-STM32/bin/../lib/gcc/arm-none-eabi/12.3.1/../../../../arm-none-eabi/lib/thumb/v8-m.main+fp/hard\libc.a(libc_a-closer.o)
                              C:/ST/STM32CubeCLT_1.15.0/GNU-tools-for-STM32/bin/../lib/gcc/arm-none-eabi/12.3.1/../../../../arm-none-eabi/lib/thumb/v8-m.main+fp/hard\libc.a(libc_a-stdio.o) (_close_r)
C:/ST/STM32CubeCLT_1.15.0/GNU-tools-for-STM32/bin/../lib/gcc/arm-none-eabi/12.3.1/../../../../arm-none-eabi/lib/thumb/v8-m.main+fp/hard\libc.a(libc_a-reent.o)
                              C:/ST/STM32CubeCLT_1.15.0/GNU-tools-for-STM32/bin/../lib/gcc/arm-none-eabi/12.3.1/../../../../arm-none-eabi/lib/thumb/v8-m.main+fp/hard\libc.a(libc_a-closer.o) (errno)
C:/ST/STM32CubeCLT_1.15.0/GNU-tools-for-STM32/bin/../lib/gcc/arm-none-eabi/12.3.1/../../../../arm-none-eabi/lib/thumb/v8-m.main+fp/hard\libc.a(libc_a-impure.o)
                              C:/ST/STM32CubeCLT_1.15.0/GNU-tools-for-STM32/bin/../lib/gcc/arm-none-eabi/12.3.1/../../../../arm-none-eabi/lib/thumb/v8-m.main+fp/hard\libc.a(libc_a-reent.o) (_impure_ptr)
C:/ST/STM32CubeCLT_1.15.0/GNU-tools-for-STM32/bin/../lib/gcc/arm-none-eabi/12.3.1/../../../../arm-none-eabi/lib/thumb/v8-m.main+fp/hard\libc.a(libc_a-lseekr.o)
                              C:/ST/STM32CubeCLT_1.15.0/GNU-tools-for-STM32/bin/../lib/gcc/arm-none-eabi/12.3.1/../../../../arm-none-eabi/lib/thumb/v8-m.main+fp/hard\libc.a(libc_a-stdio.o) (_lseek_r)
C:/ST/STM32CubeCLT_1.15.0/GNU-tools-for-STM32/bin/../lib/gcc/arm-none-eabi/12.3.1/../../../../arm-none-eabi/lib/thumb/v8-m.main+fp/hard\libc.a(libc_a-readr.o)
                              C:/ST/STM32CubeCLT_1.15.0/GNU-tools-for-STM32/bin/../lib/gcc/arm-none-eabi/12.3.1/../../../../arm-none-eabi/lib/thumb/v8-m.main+fp/hard\libc.a(libc_a-stdio.o) (_read_r)
C:/ST/STM32CubeCLT_1.15.0/GNU-tools-for-STM32/bin/../lib/gcc/arm-none-eabi/12.3.1/../../../../arm-none-eabi/lib/thumb/v8-m.main+fp/hard\libc.a(libc_a-writer.o)
                              C:/ST/STM32CubeCLT_1.15.0/GNU-tools-for-STM32/bin/../lib/gcc/arm-none-eabi/12.3.1/../../../../arm-none-eabi/lib/thumb/v8-m.main+fp/hard\libc.a(libc_a-stdio.o) (_write_r)
C:/ST/STM32CubeCLT_1.15.0/GNU-tools-for-STM32/bin/../lib/gcc/arm-none-eabi/12.3.1/../../../../arm-none-eabi/lib/thumb/v8-m.main+fp/hard\libc.a(libc_a-init.o)
                              C:/ST/STM32CubeCLT_1.15.0/GNU-tools-for-STM32/bin/../lib/gcc/arm-none-eabi/12.3.1/../../../../arm-none-eabi/lib/thumb/v8-m.main+fp/hard/crt0.o (__libc_init_array)
C:/ST/STM32CubeCLT_1.15.0/GNU-tools-for-STM32/bin/../lib/gcc/arm-none-eabi/12.3.1/../../../../arm-none-eabi/lib/thumb/v8-m.main+fp/hard\libc.a(libc_a-lock.o)
                              C:/ST/STM32CubeCLT_1.15.0/GNU-tools-for-STM32/bin/../lib/gcc/arm-none-eabi/12.3.1/../../../../arm-none-eabi/lib/thumb/v8-m.main+fp/hard\libc.a(libc_a-findfp.o) (__retarget_lock_init_recursive)
C:/ST/STM32CubeCLT_1.15.0/GNU-tools-for-STM32/bin/../lib/gcc/arm-none-eabi/12.3.1/../../../../arm-none-eabi/lib/thumb/v8-m.main+fp/hard\libc.a(libc_a-__call_atexit.o)
[...]
Memory Configuration

Name             Origin             Length             Attributes
RAM              0x20000000         0x00270000         xrw
FLASH            0x08000000         0x00400000         xr
*default*        0x00000000         0xffffffff

Linker script and memory map

LOAD C:/ST/STM32CubeCLT_1.15.0/GNU-tools-for-STM32/bin/../lib/gcc/arm-none-eabi/12.3.1/thumb/v8-m.main+fp/hard/crti.o
LOAD C:/ST/STM32CubeCLT_1.15.0/GNU-tools-for-STM32/bin/../lib/gcc/arm-none-eabi/12.3.1/thumb/v8-m.main+fp/hard/crtbegin.o
LOAD C:/ST/STM32CubeCLT_1.15.0/GNU-tools-for-STM32/bin/../lib/gcc/arm-none-eabi/12.3.1/../../../../arm-none-eabi/lib/thumb/v8-m.main+fp/hard/crt0.o
START GROUP
LOAD C:/ST/STM32CubeCLT_1.15.0/GNU-tools-for-STM32/bin/../lib/gcc/arm-none-eabi/12.3.1/../../../../arm-none-eabi/lib/thumb/v8-m.main+fp/hard\libc.a
LOAD C:/ST/STM32CubeCLT_1.15.0/GNU-tools-for-STM32/bin/../lib/gcc/arm-none-eabi/12.3.1/../../../../arm-none-eabi/lib/thumb/v8-m.main+fp/hard\libm.a
LOAD C:/ST/STM32CubeCLT_1.15.0/GNU-tools-for-STM32/bin/../lib/gcc/arm-none-eabi/12.3.1/../../../../arm-none-eabi/lib/thumb/v8-m.main+fp/hard\libstdc++.a
LOAD C:/ST/STM32CubeCLT_1.15.0/GNU-tools-for-STM32/bin/../lib/gcc/arm-none-eabi/12.3.1/../../../../arm-none-eabi/lib/thumb/v8-m.main+fp/hard\libsupc++.a
END GROUP
LOAD CMakeFiles/VS_stm32u5a5.dir/Src/main.c.obj
LOAD CMakeFiles/VS_stm32u5a5.dir/Src/syscall.c.obj
LOAD CMakeFiles/VS_stm32u5a5.dir/Src/sysmem.c.obj
LOAD CMakeFiles/VS_stm32u5a5.dir/Startup/startup_stm32u5a5zjtxq.s.obj
LOAD CMakeFiles/VS_stm32u5a5.dir/Src/bsp/bsp.c.obj
LOAD CMakeFiles/VS_stm32u5a5.dir/Src/lib/ST/CMSIS/Device/ST/STM32U5xx/Source/Templates/system_stm32u5xx.c.obj
LOAD CMakeFiles/VS_stm32u5a5.dir/Src/lib/ST/STM32U5xx_HAL_Driver/Src/stm32u5xx_hal.c.obj
LOAD CMakeFiles/VS_stm32u5a5.dir/Src/lib/ST/STM32U5xx_HAL_Driver/Src/stm32u5xx_hal_cortex.c.obj
LOAD CMakeFiles/VS_stm32u5a5.dir/Src/lib/ST/STM32U5xx_HAL_Driver/Src/stm32u5xx_hal_dma.c.obj
LOAD CMakeFiles/VS_stm32u5a5.dir/Src/lib/ST/STM32U5xx_HAL_Driver/Src/stm32u5xx_hal_dma_ex.c.obj
LOAD CMakeFiles/VS_stm32u5a5.dir/Src/lib/ST/STM32U5xx_HAL_Driver/Src/stm32u5xx_hal_exti.c.obj
LOAD CMakeFiles/VS_stm32u5a5.dir/Src/lib/ST/STM32U5xx_HAL_Driver/Src/stm32u5xx_hal_flash.c.obj
LOAD CMakeFiles/VS_stm32u5a5.dir/Src/lib/ST/STM32U5xx_HAL_Driver/Src/stm32u5xx_hal_flash_ex.c.obj
LOAD CMakeFiles/VS_stm32u5a5.dir/Src/lib/ST/STM32U5xx_HAL_Driver/Src/stm32u5xx_hal_gpio.c.obj
LOAD CMakeFiles/VS_stm32u5a5.dir/Src/lib/ST/STM32U5xx_HAL_Driver/Src/stm32u5xx_hal_gtzc.c.obj
LOAD CMakeFiles/VS_stm32u5a5.dir/Src/lib/ST/STM32U5xx_HAL_Driver/Src/stm32u5xx_hal_hcd.c.obj
LOAD CMakeFiles/VS_stm32u5a5.dir/Src/lib/ST/STM32U5xx_HAL_Driver/Src/stm32u5xx_hal_i2c.c.obj
LOAD CMakeFiles/VS_stm32u5a5.dir/Src/lib/ST/STM32U5xx_HAL_Driver/Src/stm32u5xx_hal_i2c_ex.c.obj
LOAD CMakeFiles/VS_stm32u5a5.dir/Src/lib/ST/STM32U5xx_HAL_Driver/Src/stm32u5xx_hal_icache.c.obj
LOAD CMakeFiles/VS_stm32u5a5.dir/Src/lib/ST/STM32U5xx_HAL_Driver/Src/stm32u5xx_hal_pwr.c.obj
LOAD CMakeFiles/VS_stm32u5a5.dir/Src/lib/ST/STM32U5xx_HAL_Driver/Src/stm32u5xx_hal_pwr_ex.c.obj
LOAD CMakeFiles/VS_stm32u5a5.dir/Src/lib/ST/STM32U5xx_HAL_Driver/Src/stm32u5xx_hal_rcc.c.obj
LOAD CMakeFiles/VS_stm32u5a5.dir/Src/lib/ST/STM32U5xx_HAL_Driver/Src/stm32u5xx_hal_rcc_ex.c.obj
LOAD CMakeFiles/VS_stm32u5a5.dir/Src/lib/ST/STM32U5xx_HAL_Driver/Src/stm32u5xx_hal_tim.c.obj
LOAD CMakeFiles/VS_stm32u5a5.dir/Src/lib/ST/STM32U5xx_HAL_Driver/Src/stm32u5xx_hal_tim_ex.c.obj
LOAD CMakeFiles/VS_stm32u5a5.dir/Src/lib/ST/STM32U5xx_HAL_Driver/Src/stm32u5xx_hal_uart.c.obj
LOAD CMakeFiles/VS_stm32u5a5.dir/Src/lib/ST/STM32U5xx_HAL_Driver/Src/stm32u5xx_hal_uart_ex.c.obj
LOAD CMakeFiles/VS_stm32u5a5.dir/Src/lib/ST/STM32U5xx_HAL_Driver/Src/stm32u5xx_ll_usb.c.obj
START GROUP
LOAD C:/ST/STM32CubeCLT_1.15.0/GNU-tools-for-STM32/bin/../lib/gcc/arm-none-eabi/12.3.1/thumb/v8-m.main+fp/hard\libgcc.a
LOAD C:/ST/STM32CubeCLT_1.15.0/GNU-tools-for-STM32/bin/../lib/gcc/arm-none-eabi/12.3.1/../../../../arm-none-eabi/lib/thumb/v8-m.main+fp/hard\libg.a
LOAD C:/ST/STM32CubeCLT_1.15.0/GNU-tools-for-STM32/bin/../lib/gcc/arm-none-eabi/12.3.1/../../../../arm-none-eabi/lib/thumb/v8-m.main+fp/hard\libc.a
END GROUP
START GROUP
LOAD C:/ST/STM32CubeCLT_1.15.0/GNU-tools-for-STM32/bin/../lib/gcc/arm-none-eabi/12.3.1/thumb/v8-m.main+fp/hard\libgcc.a
LOAD C:/ST/STM32CubeCLT_1.15.0/GNU-tools-for-STM32/bin/../lib/gcc/arm-none-eabi/12.3.1/../../../../arm-none-eabi/lib/thumb/v8-m.main+fp/hard\libc.a
LOAD C:/ST/STM32CubeCLT_1.15.0/GNU-tools-for-STM32/bin/../lib/gcc/arm-none-eabi/12.3.1/../../../../arm-none-eabi/lib/thumb/v8-m.main+fp/hard\libnosys.a
END GROUP
LOAD C:/ST/STM32CubeCLT_1.15.0/GNU-tools-for-STM32/bin/../lib/gcc/arm-none-eabi/12.3.1/thumb/v8-m.main+fp/hard/crtend.o
LOAD C:/ST/STM32CubeCLT_1.15.0/GNU-tools-for-STM32/bin/../lib/gcc/arm-none-eabi/12.3.1/thumb/v8-m.main+fp/hard/crtn.o
                0x20270000                        _estack = (ORIGIN (RAM) + LENGTH (RAM))
                0x00000200                        _Min_Heap_Size = 0x200
                0x00000400                        _Min_Stack_Size = 0x400

.isr_vector     0x08000000      0x258
                0x08000000                        . = ALIGN (0x4)
 *(.isr_vector)
 .isr_vector    0x08000000      0x258 CMakeFiles/VS_stm32u5a5.dir/Startup/startup_stm32u5a5zjtxq.s.obj
                0x08000000                g_pfnVectors
                0x08000258                        . = ALIGN (0x4)

.text           0x08000258     0x1614
                0x08000258                        . = ALIGN (0x4)
 *(.text)
 .text          0x08000258       0x40 C:/ST/STM32CubeCLT_1.15.0/GNU-tools-for-STM32/bin/../lib/gcc/arm-none-eabi/12.3.1/thumb/v8-m.main+fp/hard/crtbegin.o
 *(.text*)
 .text.memset   0x08000298       0x10 C:/ST/STM32CubeCLT_1.15.0/GNU-tools-for-STM32/bin/../lib/gcc/arm-none-eabi/12.3.1/../../../../arm-none-eabi/lib/thumb/v8-m.main+fp/hard\libc.a(libc_a-memset.o)
                0x08000298                memset
 .text.__libc_init_array
                0x080002a8       0x48 C:/ST/STM32CubeCLT_1.15.0/GNU-tools-for-STM32/bin/../lib/gcc/arm-none-eabi/12.3.1/../../../../arm-none-eabi/lib/thumb/v8-m.main+fp/hard\libc.a(libc_a-init.o)
                0x080002a8                __libc_init_array
 .text.__retarget_lock_acquire_recursive
                0x080002f0        0x2 C:/ST/STM32CubeCLT_1.15.0/GNU-tools-for-STM32/bin/../lib/gcc/arm-none-eabi/12.3.1/../../../../arm-none-eabi/lib/thumb/v8-m.main+fp/hard\libc.a(libc_a-lock.o)
                0x080002f0                __retarget_lock_acquire_recursive
 .text.__retarget_lock_release_recursive
                0x080002f2        0x2 C:/ST/STM32CubeCLT_1.15.0/GNU-tools-for-STM32/bin/../lib/gcc/arm-none-eabi/12.3.1/../../../../arm-none-eabi/lib/thumb/v8-m.main+fp/hard\libc.a(libc_a-lock.o)
                0x080002f2                __retarget_lock_release_recursive
 .text.startup.register_fini
                0x080002f4       0x14 C:/ST/STM32CubeCLT_1.15.0/GNU-tools-for-STM32/bin/../lib/gcc/arm-none-eabi/12.3.1/../../../../arm-none-eabi/lib/thumb/v8-m.main+fp/hard\libc.a(libc_a-__call_atexit.o)
 .text.atexit   0x08000308        0xc C:/ST/STM32CubeCLT_1.15.0/GNU-tools-for-STM32/bin/../lib/gcc/arm-none-eabi/12.3.1/../../../../arm-none-eabi/lib/thumb/v8-m.main+fp/hard\libc.a(libc_a-atexit.o)
                0x08000308                atexit
 .text.__libc_fini_array
                0x08000314       0x28 C:/ST/STM32CubeCLT_1.15.0/GNU-tools-for-STM32/bin/../lib/gcc/arm-none-eabi/12.3.1/../../../../arm-none-eabi/lib/thumb/v8-m.main+fp/hard\libc.a(libc_a-fini.o)
                0x08000314                __libc_fini_array
 .text.__register_exitproc
                0x0800033c       0x84 C:/ST/STM32CubeCLT_1.15.0/GNU-tools-for-STM32/bin/../lib/gcc/arm-none-eabi/12.3.1/../../../../arm-none-eabi/lib/thumb/v8-m.main+fp/hard\libc.a(libc_a-__atexit.o)
                0x0800033c                __register_exitproc
 .text.main     0x080003c0        0xa CMakeFiles/VS_stm32u5a5.dir/Src/main.c.obj
                0x080003c0                main
 *fill*         0x080003ca        0x2 
 .text.Reset_Handler
                0x080003cc       0x50 CMakeFiles/VS_stm32u5a5.dir/Startup/startup_stm32u5a5zjtxq.s.obj
                0x080003cc                Reset_Handler
 .text.Default_Handler
                0x0800041c        0x2 CMakeFiles/VS_stm32u5a5.dir/Startup/startup_stm32u5a5zjtxq.s.obj
                0x0800041c                EXTI2_IRQHandler
                0x0800041c                TIM8_TRG_COM_IRQHandler
                0x0800041c                TIM8_CC_IRQHandler
                0x0800041c                EXTI5_IRQHandler
                0x0800041c                FLASH_S_IRQHandler
                0x0800041c                EXTI13_IRQHandler
                0x0800041c                TIM1_CC_IRQHandler
                0x0800041c                TSC_IRQHandler
                0x0800041c                HardFault_Handler
                0x0800041c                TAMP_IRQHandler
                0x0800041c                TIM6_IRQHandler
                0x0800041c                EXTI12_IRQHandler
                0x0800041c                CORDIC_IRQHandler
                0x0800041c                SysTick_Handler
                0x0800041c                PendSV_Handler
                0x0800041c                NMI_Handler
                0x0800041c                EXTI3_IRQHandler
                0x0800041c                ADC12_IRQHandler
                0x0800041c                LPTIM4_IRQHandler
                0x0800041c                EXTI8_IRQHandler
                0x0800041c                LPTIM2_IRQHandler
                0x0800041c                GPDMA1_CH5_IRQHandler
                0x0800041c                GPDMA1_CH12_IRQHandler
                0x0800041c                I2C3_ER_IRQHandler
                0x0800041c                I2C5_EV_IRQHandler
                0x0800041c                PWR_S3WU_IRQHandler
                0x0800041c                GPDMA1_CH15_IRQHandler
                0x0800041c                MDF1_FLT2_IRQHandler
                0x0800041c                LPTIM3_IRQHandler
                0x0800041c                GPDMA1_CH11_IRQHandler
                0x0800041c                EXTI0_IRQHandler
                0x0800041c                I2C2_EV_IRQHandler
                0x0800041c                FPU_IRQHandler
                0x0800041c                MDF1_FLT4_IRQHandler
                0x0800041c                FDCAN1_IT1_IRQHandler
                0x0800041c                RAMCFG_IRQHandler
                0x0800041c                UsageFault_Handler
                0x0800041c                DCACHE1_IRQHandler
                0x0800041c                GPDMA1_CH3_IRQHandler
                0x0800041c                SPI1_IRQHandler
                0x0800041c                OCTOSPI1_IRQHandler
                0x0800041c                GPDMA1_CH4_IRQHandler
                0x0800041c                GPDMA1_CH14_IRQHandler
                0x0800041c                TIM8_UP_IRQHandler
                0x0800041c                RCC_S_IRQHandler
                0x0800041c                OCTOSPI2_IRQHandler
                0x0800041c                SAI2_IRQHandler
                0x0800041c                MDF1_FLT1_IRQHandler
                0x0800041c                PKA_IRQHandler
                0x0800041c                USART6_IRQHandler
                0x0800041c                MDF1_FLT5_IRQHandler
                0x0800041c                EXTI15_IRQHandler
                0x0800041c                TIM17_IRQHandler
                0x0800041c                USART3_IRQHandler
                0x0800041c                RTC_IRQHandler
                0x0800041c                EXTI9_IRQHandler
                0x0800041c                UART5_IRQHandler
                0x0800041c                GPDMA1_CH7_IRQHandler
                0x0800041c                LPDMA1_CH1_IRQHandler
                0x0800041c                TIM4_IRQHandler
                0x0800041c                I2C1_EV_IRQHandler
                0x0800041c                TIM16_IRQHandler
                0x0800041c                UART4_IRQHandler
                0x0800041c                SecureFault_Handler
                0x0800041c                GPDMA1_CH6_IRQHandler
                0x0800041c                TIM3_IRQHandler
                0x0800041c                RCC_IRQHandler
                0x0800041c                TIM1_TRG_COM_IRQHandler
                0x0800041c                Default_Handler
                0x0800041c                GPDMA1_CH1_IRQHandler
                0x0800041c                FMAC_IRQHandler
                0x0800041c                I2C5_ER_IRQHandler
                0x0800041c                OTFDEC1_IRQHandler
                0x0800041c                GPDMA1_CH0_IRQHandler
                0x0800041c                TIM7_IRQHandler
                0x0800041c                SDMMC1_IRQHandler
                0x0800041c                SAES_IRQHandler
                0x0800041c                TIM5_IRQHandler
                0x0800041c                UCPD1_IRQHandler
                0x0800041c                TIM15_IRQHandler
                0x0800041c                I2C3_EV_IRQHandler
                0x0800041c                GPDMA1_CH9_IRQHandler
                0x0800041c                PVD_PVM_IRQHandler
                0x0800041c                GPU2D_IRQSYS_IRQHandler
                0x0800041c                SPI2_IRQHandler
                0x0800041c                MemManage_Handler
                0x0800041c                LPDMA1_CH3_IRQHandler
                0x0800041c                GPDMA1_CH2_IRQHandler
                0x0800041c                EXTI14_IRQHandler
                0x0800041c                EXTI11_IRQHandler
                0x0800041c                OTFDEC2_IRQHandler
                0x0800041c                SVC_Handler
                0x0800041c                CRS_IRQHandler
                0x0800041c                LSECSSD_IRQHandler
                0x0800041c                EXTI4_IRQHandler
                0x0800041c                RTC_S_IRQHandler
                0x0800041c                RNG_IRQHandler
                0x0800041c                GPDMA1_CH8_IRQHandler
                0x0800041c                GPDMA1_CH13_IRQHandler
                0x0800041c                COMP_IRQHandler
                0x0800041c                TIM1_UP_IRQHandler
                0x0800041c                ADC4_IRQHandler
                0x0800041c                WWDG_IRQHandler
                0x0800041c                I2C4_EV_IRQHandler
                0x0800041c                IWDG_IRQHandler
                0x0800041c                I2C6_ER_IRQHandler
                0x0800041c                LPUART1_IRQHandler
                0x0800041c                MDF1_FLT0_IRQHandler
                0x0800041c                FDCAN1_IT0_IRQHandler
                0x0800041c                TIM2_IRQHandler
                0x0800041c                LPDMA1_CH2_IRQHandler
                0x0800041c                GPDMA1_CH10_IRQHandler
                0x0800041c                OTG_HS_IRQHandler
                0x0800041c                EXTI7_IRQHandler
                0x0800041c                DMA2D_IRQHandler
                0x0800041c                TIM1_BRK_IRQHandler
                0x0800041c                EXTI1_IRQHandler
                0x0800041c                SDMMC2_IRQHandler
                0x0800041c                AES_IRQHandler
                0x0800041c                DAC1_IRQHandler
                0x0800041c                GTZC_IRQHandler
                0x0800041c                MDF1_FLT3_IRQHandler
                0x0800041c                USART2_IRQHandler
                0x0800041c                I2C6_EV_IRQHandler
                0x0800041c                ADF1_FLT0_IRQHandler
                0x0800041c                I2C2_ER_IRQHandler
                0x0800041c                TIM8_BRK_IRQHandler
                0x0800041c                FLASH_IRQHandler
                0x0800041c                BusFault_Handler
                0x0800041c                USART1_IRQHandler
                0x0800041c                EXTI10_IRQHandler
                0x0800041c                SPI3_IRQHandler
                0x0800041c                I2C1_ER_IRQHandler
                0x0800041c                LPDMA1_CH0_IRQHandler
                0x0800041c                FMC_IRQHandler
                0x0800041c                GPU2D_IRQ_IRQHandler
                0x0800041c                EXTI6_IRQHandler
                0x0800041c                LPTIM1_IRQHandler
                0x0800041c                DCMI_PSSI_IRQHandler
                0x0800041c                I2C4_ER_IRQHandler
                0x0800041c                ICACHE_IRQHandler
                0x0800041c                SAI1_IRQHandler
                0x0800041c                HASH_IRQHandler
 .text.Error_Handler
                0x0800041e        0x4 CMakeFiles/VS_stm32u5a5.dir/Src/bsp/bsp.c.obj
                0x0800041e                Error_Handler
 .text.SystemClock_Config
                0x08000422       0x8e CMakeFiles/VS_stm32u5a5.dir/Src/bsp/bsp.c.obj
 .text.bspInit  0x080004b0        0xe CMakeFiles/VS_stm32u5a5.dir/Src/bsp/bsp.c.obj
                0x080004b0                bspInit
 *fill*         0x080004be        0x2 
 .text.SystemInit
                0x080004c0       0x44 CMakeFiles/VS_stm32u5a5.dir/Src/lib/ST/CMSIS/Device/ST/STM32U5xx/Source/Templates/system_stm32u5xx.c.obj
                0x080004c0                SystemInit
 .text.HAL_MspInit
                0x08000504        0x2 CMakeFiles/VS_stm32u5a5.dir/Src/lib/ST/STM32U5xx_HAL_Driver/Src/stm32u5xx_hal.c.obj
                0x08000504                HAL_MspInit
 *fill*         0x08000506        0x2 
 .text.HAL_InitTick
                0x08000508       0xac CMakeFiles/VS_stm32u5a5.dir/Src/lib/ST/STM32U5xx_HAL_Driver/Src/stm32u5xx_hal.c.obj
                0x08000508                HAL_InitTick
 .text.HAL_Init
                0x080005b4       0x54 CMakeFiles/VS_stm32u5a5.dir/Src/lib/ST/STM32U5xx_HAL_Driver/Src/stm32u5xx_hal.c.obj
                0x080005b4                HAL_Init
 .text.HAL_GetTick
                0x08000608        0xc CMakeFiles/VS_stm32u5a5.dir/Src/lib/ST/STM32U5xx_HAL_Driver/Src/stm32u5xx_hal.c.obj
                0x08000608                HAL_GetTick
 .text.__NVIC_SetPriority
                0x08000614       0x28 CMakeFiles/VS_stm32u5a5.dir/Src/lib/ST/STM32U5xx_HAL_Driver/Src/stm32u5xx_hal_cortex.c.obj
 .text.NVIC_EncodePriority
                0x0800063c       0x3e CMakeFiles/VS_stm32u5a5.dir/Src/lib/ST/STM32U5xx_HAL_Driver/Src/stm32u5xx_hal_cortex.c.obj
 *fill*         0x0800067a        0x2 
 .text.HAL_NVIC_SetPriorityGrouping
                0x0800067c       0x24 CMakeFiles/VS_stm32u5a5.dir/Src/lib/ST/STM32U5xx_HAL_Driver/Src/stm32u5xx_hal_cortex.c.obj
                0x0800067c                HAL_NVIC_SetPriorityGrouping
 .text.HAL_NVIC_SetPriority
                0x080006a0       0x20 CMakeFiles/VS_stm32u5a5.dir/Src/lib/ST/STM32U5xx_HAL_Driver/Src/stm32u5xx_hal_cortex.c.obj
                0x080006a0                HAL_NVIC_SetPriority
 .text.HAL_SYSTICK_Config
                0x080006c0       0x20 CMakeFiles/VS_stm32u5a5.dir/Src/lib/ST/STM32U5xx_HAL_Driver/Src/stm32u5xx_hal_cortex.c.obj
                0x080006c0                HAL_SYSTICK_Config
 .text.HAL_SYSTICK_CLKSourceConfig
                0x080006e0       0x7c CMakeFiles/VS_stm32u5a5.dir/Src/lib/ST/STM32U5xx_HAL_Driver/Src/stm32u5xx_hal_cortex.c.obj
                0x080006e0                HAL_SYSTICK_CLKSourceConfig
 .text.HAL_SYSTICK_GetCLKSourceConfig
                0x0800075c       0x34 CMakeFiles/VS_stm32u5a5.dir/Src/lib/ST/STM32U5xx_HAL_Driver/Src/stm32u5xx_hal_cortex.c.obj
                0x0800075c                HAL_SYSTICK_GetCLKSourceConfig
 .text.HAL_PWREx_ControlVoltageScaling
                0x08000790       0xa0 CMakeFiles/VS_stm32u5a5.dir/Src/lib/ST/STM32U5xx_HAL_Driver/Src/stm32u5xx_hal_pwr_ex.c.obj
                0x08000790                HAL_PWREx_ControlVoltageScaling
 .text.HAL_PWREx_GetVoltageRange
                0x08000830       0x10 CMakeFiles/VS_stm32u5a5.dir/Src/lib/ST/STM32U5xx_HAL_Driver/Src/stm32u5xx_hal_pwr_ex.c.obj
                0x08000830                HAL_PWREx_GetVoltageRange
 .text.RCC_SetFlashLatencyFromMSIRange
                0x08000840       0xc4 CMakeFiles/VS_stm32u5a5.dir/Src/lib/ST/STM32U5xx_HAL_Driver/Src/stm32u5xx_hal_rcc.c.obj
 .text.HAL_RCC_GetSysClockFreq
                0x08000904      0x17c CMakeFiles/VS_stm32u5a5.dir/Src/lib/ST/STM32U5xx_HAL_Driver/Src/stm32u5xx_hal_rcc.c.obj
                0x08000904                HAL_RCC_GetSysClockFreq
 .text.HAL_RCC_ClockConfig
                0x08000a80      0x30c CMakeFiles/VS_stm32u5a5.dir/Src/lib/ST/STM32U5xx_HAL_Driver/Src/stm32u5xx_hal_rcc.c.obj
                0x08000a80                HAL_RCC_ClockConfig
 .text.HAL_RCC_GetHCLKFreq
                0x08000d8c       0x28 CMakeFiles/VS_stm32u5a5.dir/Src/lib/ST/STM32U5xx_HAL_Driver/Src/stm32u5xx_hal_rcc.c.obj
                0x08000d8c                HAL_RCC_GetHCLKFreq
 .text.HAL_RCC_OscConfig
                0x08000db4      0xaa0 CMakeFiles/VS_stm32u5a5.dir/Src/lib/ST/STM32U5xx_HAL_Driver/Src/stm32u5xx_hal_rcc.c.obj
                0x08000db4                HAL_RCC_OscConfig
 *(.glue_7)
 .glue_7        0x08001854        0x0 linker stubs
 *(.glue_7t)
 .glue_7t       0x08001854        0x0 linker stubs
 *(.eh_frame)
 .eh_frame      0x08001854        0x0 C:/ST/STM32CubeCLT_1.15.0/GNU-tools-for-STM32/bin/../lib/gcc/arm-none-eabi/12.3.1/thumb/v8-m.main+fp/hard/crtbegin.o
 *(.init)
 .init          0x08001854        0x4 C:/ST/STM32CubeCLT_1.15.0/GNU-tools-for-STM32/bin/../lib/gcc/arm-none-eabi/12.3.1/thumb/v8-m.main+fp/hard/crti.o
                0x08001854                _init
 .init          0x08001858        0x8 C:/ST/STM32CubeCLT_1.15.0/GNU-tools-for-STM32/bin/../lib/gcc/arm-none-eabi/12.3.1/thumb/v8-m.main+fp/hard/crtn.o
 *(.fini)
 .fini          0x08001860        0x4 C:/ST/STM32CubeCLT_1.15.0/GNU-tools-for-STM32/bin/../lib/gcc/arm-none-eabi/12.3.1/thumb/v8-m.main+fp/hard/crti.o
                0x08001860                _fini
 .fini          0x08001864        0x8 C:/ST/STM32CubeCLT_1.15.0/GNU-tools-for-STM32/bin/../lib/gcc/arm-none-eabi/12.3.1/thumb/v8-m.main+fp/hard/crtn.o
                0x0800186c                        . = ALIGN (0x4)
                0x0800186c                        _etext = .

.vfp11_veneer   0x0800186c        0x0
 .vfp11_veneer  0x0800186c        0x0 linker stubs

.v4_bx          0x0800186c        0x0
 .v4_bx         0x0800186c        0x0 linker stubs

.iplt           0x0800186c        0x0
 .iplt          0x0800186c        0x0 C:/ST/STM32CubeCLT_1.15.0/GNU-tools-for-STM32/bin/../lib/gcc/arm-none-eabi/12.3.1/thumb/v8-m.main+fp/hard/crtbegin.o

.rodata         0x0800186c       0x50
                0x0800186c                        . = ALIGN (0x4)
 *(.rodata)
 *(.rodata*)
 .rodata.MSIRangeTable
                0x0800186c       0x40 CMakeFiles/VS_stm32u5a5.dir/Src/lib/ST/CMSIS/Device/ST/STM32U5xx/Source/Templates/system_stm32u5xx.c.obj
                0x0800186c                MSIRangeTable
 .rodata.AHBPrescTable
                0x080018ac       0x10 CMakeFiles/VS_stm32u5a5.dir/Src/lib/ST/CMSIS/Device/ST/STM32U5xx/Source/Templates/system_stm32u5xx.c.obj
                0x080018ac                AHBPrescTable
                0x080018bc                        . = ALIGN (0x4)

.ARM.extab      0x080018bc        0x0
                0x080018bc                        . = ALIGN (0x4)
 *(.ARM.extab* .gnu.linkonce.armextab.*)
                0x080018bc                        . = ALIGN (0x4)

.ARM            0x080018bc        0x0
                0x080018bc                        . = ALIGN (0x4)
                0x080018bc                        __exidx_start = .
 *(.ARM.exidx*)
                0x080018bc                        __exidx_end = .
                0x080018bc                        . = ALIGN (0x4)

.preinit_array  0x080018bc        0x0
                0x080018bc                        . = ALIGN (0x4)
                0x080018bc                        PROVIDE (__preinit_array_start = .)
 *(.preinit_array*)
                0x080018bc                        PROVIDE (__preinit_array_end = .)
                0x080018bc                        . = ALIGN (0x4)

.init_array     0x080018bc        0x8
                0x080018bc                        . = ALIGN (0x4)
                0x080018bc                        PROVIDE (__init_array_start = .)
 *(SORT_BY_NAME(.init_array.*))
 .init_array.00000
                0x080018bc        0x4 C:/ST/STM32CubeCLT_1.15.0/GNU-tools-for-STM32/bin/../lib/gcc/arm-none-eabi/12.3.1/../../../../arm-none-eabi/lib/thumb/v8-m.main+fp/hard\libc.a(libc_a-__call_atexit.o)
 *(.init_array*)
 .init_array    0x080018c0        0x4 C:/ST/STM32CubeCLT_1.15.0/GNU-tools-for-STM32/bin/../lib/gcc/arm-none-eabi/12.3.1/thumb/v8-m.main+fp/hard/crtbegin.o
                0x080018c4                        PROVIDE (__init_array_end = .)
                0x080018c4                        . = ALIGN (0x4)

.fini_array     0x080018c4        0x4
                0x080018c4                        . = ALIGN (0x4)
                0x080018c4                        PROVIDE (__fini_array_start = .)
 *(SORT_BY_NAME(.fini_array.*))
 *(.fini_array*)
 .fini_array    0x080018c4        0x4 C:/ST/STM32CubeCLT_1.15.0/GNU-tools-for-STM32/bin/../lib/gcc/arm-none-eabi/12.3.1/thumb/v8-m.main+fp/hard/crtbegin.o
                0x080018c8                        PROVIDE (__fini_array_end = .)
                0x080018c8                        . = ALIGN (0x4)
                0x080018c8                        _sidata = LOADADDR (.data)

.rel.dyn        0x080018c8        0x0
 .rel.iplt      0x080018c8        0x0 C:/ST/STM32CubeCLT_1.15.0/GNU-tools-for-STM32/bin/../lib/gcc/arm-none-eabi/12.3.1/thumb/v8-m.main+fp/hard/crtbegin.o

.data           0x20000000       0x10 load address 0x080018c8
                0x20000000                        . = ALIGN (0x4)
                0x20000000                        _sdata = .
 *(.data)
 *(.data*)
 .data.__atexit_recursive_mutex
                0x20000000        0x4 C:/ST/STM32CubeCLT_1.15.0/GNU-tools-for-STM32/bin/../lib/gcc/arm-none-eabi/12.3.1/../../../../arm-none-eabi/lib/thumb/v8-m.main+fp/hard\libc.a(libc_a-__call_atexit.o)
                0x20000000                __atexit_recursive_mutex
 .data.SystemCoreClock
                0x20000004        0x4 CMakeFiles/VS_stm32u5a5.dir/Src/lib/ST/CMSIS/Device/ST/STM32U5xx/Source/Templates/system_stm32u5xx.c.obj
                0x20000004                SystemCoreClock
 .data.uwTickFreq
                0x20000008        0x1 CMakeFiles/VS_stm32u5a5.dir/Src/lib/ST/STM32U5xx_HAL_Driver/Src/stm32u5xx_hal.c.obj
                0x20000008                uwTickFreq
 *fill*         0x20000009        0x3 
 .data.uwTickPrio
                0x2000000c        0x4 CMakeFiles/VS_stm32u5a5.dir/Src/lib/ST/STM32U5xx_HAL_Driver/Src/stm32u5xx_hal.c.obj
                0x2000000c                uwTickPrio
 *(.RamFunc)
 *(.RamFunc*)
                0x20000010                        . = ALIGN (0x4)
                0x20000010                        _edata = .

.igot.plt       0x20000010        0x0 load address 0x080018d8
 .igot.plt      0x20000010        0x0 C:/ST/STM32CubeCLT_1.15.0/GNU-tools-for-STM32/bin/../lib/gcc/arm-none-eabi/12.3.1/thumb/v8-m.main+fp/hard/crtbegin.o
                0x20000010                        . = ALIGN (0x4)

.bss            0x20000010      0x1b8 load address 0x080018d8
                0x20000010                        _sbss = .
                0x20000010                        __bss_start__ = _sbss
 *(.bss)
 .bss           0x20000010       0x1c C:/ST/STM32CubeCLT_1.15.0/GNU-tools-for-STM32/bin/../lib/gcc/arm-none-eabi/12.3.1/thumb/v8-m.main+fp/hard/crtbegin.o
 *(.bss*)
 .bss.__lock___atexit_recursive_mutex
                0x2000002c        0x1 C:/ST/STM32CubeCLT_1.15.0/GNU-tools-for-STM32/bin/../lib/gcc/arm-none-eabi/12.3.1/../../../../arm-none-eabi/lib/thumb/v8-m.main+fp/hard\libc.a(libc_a-lock.o)
                0x2000002c                __lock___atexit_recursive_mutex
 *fill*         0x2000002d        0x3 
 .bss.__atexit  0x20000030        0x4 C:/ST/STM32CubeCLT_1.15.0/GNU-tools-for-STM32/bin/../lib/gcc/arm-none-eabi/12.3.1/../../../../arm-none-eabi/lib/thumb/v8-m.main+fp/hard\libc.a(libc_a-__call_atexit.o)
                0x20000030                __atexit
 .bss.__atexit0
                0x20000034      0x190 C:/ST/STM32CubeCLT_1.15.0/GNU-tools-for-STM32/bin/../lib/gcc/arm-none-eabi/12.3.1/../../../../arm-none-eabi/lib/thumb/v8-m.main+fp/hard\libc.a(libc_a-__atexit.o)
                0x20000034                __atexit0
 .bss.uwTick    0x200001c4        0x4 CMakeFiles/VS_stm32u5a5.dir/Src/lib/ST/STM32U5xx_HAL_Driver/Src/stm32u5xx_hal.c.obj
                0x200001c4                uwTick
 *(COMMON)
                0x200001c8                        . = ALIGN (0x4)
                0x200001c8                        _ebss = .
                0x200001c8                        __bss_end__ = _ebss

._user_heap_stack
                0x200001c8      0x600 load address 0x080018d8
                0x200001c8                        . = ALIGN (0x8)
                [!provide]                        PROVIDE (end = .)
                0x200001c8                        PROVIDE (_end = .)
                0x200003c8                        . = (. + _Min_Heap_Size)
 *fill*         0x200001c8      0x200 
                0x200007c8                        . = (. + _Min_Stack_Size)
 *fill*         0x200003c8      0x400 
                0x200007c8                        . = ALIGN (0x8)

/DISCARD/
 libc.a(*)
 libm.a(*)
 libgcc.a(*)

.ARM.attributes
                0x00000000       0x36
 *(.ARM.attributes)
 .ARM.attributes
                0x00000000       0x26 C:/ST/STM32CubeCLT_1.15.0/GNU-tools-for-STM32/bin/../lib/gcc/arm-none-eabi/12.3.1/thumb/v8-m.main+fp/hard/crti.o
 .ARM.attributes
                0x00000026       0x38 C:/ST/STM32CubeCLT_1.15.0/GNU-tools-for-STM32/bin/../lib/gcc/arm-none-eabi/12.3.1/thumb/v8-m.main+fp/hard/crtbegin.o
 .ARM.attributes
                0x0000005e       0x38 C:/ST/STM32CubeCLT_1.15.0/GNU-tools-for-STM32/bin/../lib/gcc/arm-none-eabi/12.3.1/../../../../arm-none-eabi/lib/thumb/v8-m.main+fp/hard\libc.a(libc_a-memset.o)
 .ARM.attributes
                0x00000096       0x38 C:/ST/STM32CubeCLT_1.15.0/GNU-tools-for-STM32/bin/../lib/gcc/arm-none-eabi/12.3.1/../../../../arm-none-eabi/lib/thumb/v8-m.main+fp/hard\libc.a(libc_a-init.o)
 .ARM.attributes
                0x000000ce       0x38 C:/ST/STM32CubeCLT_1.15.0/GNU-tools-for-STM32/bin/../lib/gcc/arm-none-eabi/12.3.1/../../../../arm-none-eabi/lib/thumb/v8-m.main+fp/hard\libc.a(libc_a-lock.o)
 .ARM.attributes
                0x00000106       0x38 C:/ST/STM32CubeCLT_1.15.0/GNU-tools-for-STM32/bin/../lib/gcc/arm-none-eabi/12.3.1/../../../../arm-none-eabi/lib/thumb/v8-m.main+fp/hard\libc.a(libc_a-__call_atexit.o)
 .ARM.attributes
                0x0000013e       0x38 C:/ST/STM32CubeCLT_1.15.0/GNU-tools-for-STM32/bin/../lib/gcc/arm-none-eabi/12.3.1/../../../../arm-none-eabi/lib/thumb/v8-m.main+fp/hard\libc.a(libc_a-atexit.o)
 .ARM.attributes
                0x00000176       0x38 C:/ST/STM32CubeCLT_1.15.0/GNU-tools-for-STM32/bin/../lib/gcc/arm-none-eabi/12.3.1/../../../../arm-none-eabi/lib/thumb/v8-m.main+fp/hard\libc.a(libc_a-fini.o)
 .ARM.attributes
                0x000001ae       0x38 C:/ST/STM32CubeCLT_1.15.0/GNU-tools-for-STM32/bin/../lib/gcc/arm-none-eabi/12.3.1/../../../../arm-none-eabi/lib/thumb/v8-m.main+fp/hard\libc.a(libc_a-__atexit.o)
 .ARM.attributes
                0x000001e6       0x3a CMakeFiles/VS_stm32u5a5.dir/Src/main.c.obj
 .ARM.attributes
                0x00000220       0x24 CMakeFiles/VS_stm32u5a5.dir/Startup/startup_stm32u5a5zjtxq.s.obj
 .ARM.attributes
                0x00000244       0x3a CMakeFiles/VS_stm32u5a5.dir/Src/bsp/bsp.c.obj
 .ARM.attributes
                0x0000027e       0x3a CMakeFiles/VS_stm32u5a5.dir/Src/lib/ST/CMSIS/Device/ST/STM32U5xx/Source/Templates/system_stm32u5xx.c.obj
 .ARM.attributes
                0x000002b8       0x3a CMakeFiles/VS_stm32u5a5.dir/Src/lib/ST/STM32U5xx_HAL_Driver/Src/stm32u5xx_hal.c.obj
 .ARM.attributes
                0x000002f2       0x3a CMakeFiles/VS_stm32u5a5.dir/Src/lib/ST/STM32U5xx_HAL_Driver/Src/stm32u5xx_hal_cortex.c.obj
 .ARM.attributes
                0x0000032c       0x3a CMakeFiles/VS_stm32u5a5.dir/Src/lib/ST/STM32U5xx_HAL_Driver/Src/stm32u5xx_hal_pwr_ex.c.obj
 .ARM.attributes
                0x00000366       0x3a CMakeFiles/VS_stm32u5a5.dir/Src/lib/ST/STM32U5xx_HAL_Driver/Src/stm32u5xx_hal_rcc.c.obj
 .ARM.attributes
                0x000003a0       0x26 C:/ST/STM32CubeCLT_1.15.0/GNU-tools-for-STM32/bin/../lib/gcc/arm-none-eabi/12.3.1/thumb/v8-m.main+fp/hard/crtn.o
OUTPUT(VS_stm32u5a5.elf elf32-littlearm)
LOAD linker stubs
LOAD C:/ST/STM32CubeCLT_1.15.0/GNU-tools-for-STM32/bin/../lib/gcc/arm-none-eabi/12.3.1/../../../../arm-none-eabi/lib/thumb/v8-m.main+fp/hard\libc.a
LOAD C:/ST/STM32CubeCLT_1.15.0/GNU-tools-for-STM32/bin/../lib/gcc/arm-none-eabi/12.3.1/../../../../arm-none-eabi/lib/thumb/v8-m.main+fp/hard\libm.a
LOAD C:/ST/STM32CubeCLT_1.15.0/GNU-tools-for-STM32/bin/../lib/gcc/arm-none-eabi/12.3.1/thumb/v8-m.main+fp/hard\libgcc.a

.debug_frame    0x00000000      0xeec
 .debug_frame   0x00000000       0x20 C:/ST/STM32CubeCLT_1.15.0/GNU-tools-for-STM32/bin/../lib/gcc/arm-none-eabi/12.3.1/../../../../arm-none-eabi/lib/thumb/v8-m.main+fp/hard\libc.a(libc_a-memset.o)
 .debug_frame   0x00000020       0x2c C:/ST/STM32CubeCLT_1.15.0/GNU-tools-for-STM32/bin/../lib/gcc/arm-none-eabi/12.3.1/../../../../arm-none-eabi/lib/thumb/v8-m.main+fp/hard\libc.a(libc_a-init.o)
 .debug_frame   0x0000004c       0xb0 C:/ST/STM32CubeCLT_1.15.0/GNU-tools-for-STM32/bin/../lib/gcc/arm-none-eabi/12.3.1/../../../../arm-none-eabi/lib/thumb/v8-m.main+fp/hard\libc.a(libc_a-lock.o)
 .debug_frame   0x000000fc       0x58 C:/ST/STM32CubeCLT_1.15.0/GNU-tools-for-STM32/bin/../lib/gcc/arm-none-eabi/12.3.1/../../../../arm-none-eabi/lib/thumb/v8-m.main+fp/hard\libc.a(libc_a-__call_atexit.o)
 .debug_frame   0x00000154       0x20 C:/ST/STM32CubeCLT_1.15.0/GNU-tools-for-STM32/bin/../lib/gcc/arm-none-eabi/12.3.1/../../../../arm-none-eabi/lib/thumb/v8-m.main+fp/hard\libc.a(libc_a-atexit.o)
 .debug_frame   0x00000174       0x38 C:/ST/STM32CubeCLT_1.15.0/GNU-tools-for-STM32/bin/../lib/gcc/arm-none-eabi/12.3.1/../../../../arm-none-eabi/lib/thumb/v8-m.main+fp/hard\libc.a(libc_a-fini.o)
 .debug_frame   0x000001ac       0x34 C:/ST/STM32CubeCLT_1.15.0/GNU-tools-for-STM32/bin/../lib/gcc/arm-none-eabi/12.3.1/../../../../arm-none-eabi/lib/thumb/v8-m.main+fp/hard\libc.a(libc_a-__atexit.o)
 .debug_frame   0x000001e0       0x28 CMakeFiles/VS_stm32u5a5.dir/Src/main.c.obj
 .debug_frame   0x00000208       0x88 CMakeFiles/VS_stm32u5a5.dir/Src/bsp/bsp.c.obj
 .debug_frame   0x00000290       0x3c CMakeFiles/VS_stm32u5a5.dir/Src/lib/ST/CMSIS/Device/ST/STM32U5xx/Source/Templates/system_stm32u5xx.c.obj
 .debug_frame   0x000002cc      0x368 CMakeFiles/VS_stm32u5a5.dir/Src/lib/ST/STM32U5xx_HAL_Driver/Src/stm32u5xx_hal.c.obj
 .debug_frame   0x00000634      0x254 CMakeFiles/VS_stm32u5a5.dir/Src/lib/ST/STM32U5xx_HAL_Driver/Src/stm32u5xx_hal_cortex.c.obj
 .debug_frame   0x00000888      0x460 CMakeFiles/VS_stm32u5a5.dir/Src/lib/ST/STM32U5xx_HAL_Driver/Src/stm32u5xx_hal_pwr_ex.c.obj
 .debug_frame   0x00000ce8      0x204 CMakeFiles/VS_stm32u5a5.dir/Src/lib/ST/STM32U5xx_HAL_Driver/Src/stm32u5xx_hal_rcc.c.obj

.debug_info     0x00000000     0x63c6
 .debug_info    0x00000000       0xc0 CMakeFiles/VS_stm32u5a5.dir/Src/main.c.obj
 .debug_info    0x000000c0       0x30 CMakeFiles/VS_stm32u5a5.dir/Startup/startup_stm32u5a5zjtxq.s.obj
 .debug_info    0x000000f0      0x482 CMakeFiles/VS_stm32u5a5.dir/Src/bsp/bsp.c.obj
 .debug_info    0x00000572      0x951 CMakeFiles/VS_stm32u5a5.dir/Src/lib/ST/CMSIS/Device/ST/STM32U5xx/Source/Templates/system_stm32u5xx.c.obj
 .debug_info    0x00000ec3     0x1568 CMakeFiles/VS_stm32u5a5.dir/Src/lib/ST/STM32U5xx_HAL_Driver/Src/stm32u5xx_hal.c.obj
 .debug_info    0x0000242b     0x18ca CMakeFiles/VS_stm32u5a5.dir/Src/lib/ST/STM32U5xx_HAL_Driver/Src/stm32u5xx_hal_cortex.c.obj
 .debug_info    0x00003cf5     0x1049 CMakeFiles/VS_stm32u5a5.dir/Src/lib/ST/STM32U5xx_HAL_Driver/Src/stm32u5xx_hal_pwr_ex.c.obj
 .debug_info    0x00004d3e     0x1688 CMakeFiles/VS_stm32u5a5.dir/Src/lib/ST/STM32U5xx_HAL_Driver/Src/stm32u5xx_hal_rcc.c.obj

.debug_abbrev   0x00000000      0xe94
 .debug_abbrev  0x00000000       0x65 CMakeFiles/VS_stm32u5a5.dir/Src/main.c.obj
 .debug_abbrev  0x00000065       0x24 CMakeFiles/VS_stm32u5a5.dir/Startup/startup_stm32u5a5zjtxq.s.obj
 .debug_abbrev  0x00000089      0x1d1 CMakeFiles/VS_stm32u5a5.dir/Src/bsp/bsp.c.obj
 .debug_abbrev  0x0000025a      0x12f CMakeFiles/VS_stm32u5a5.dir/Src/lib/ST/CMSIS/Device/ST/STM32U5xx/Source/Templates/system_stm32u5xx.c.obj
 .debug_abbrev  0x00000389      0x2ae CMakeFiles/VS_stm32u5a5.dir/Src/lib/ST/STM32U5xx_HAL_Driver/Src/stm32u5xx_hal.c.obj
 .debug_abbrev  0x00000637      0x38b CMakeFiles/VS_stm32u5a5.dir/Src/lib/ST/STM32U5xx_HAL_Driver/Src/stm32u5xx_hal_cortex.c.obj
 .debug_abbrev  0x000009c2      0x22f CMakeFiles/VS_stm32u5a5.dir/Src/lib/ST/STM32U5xx_HAL_Driver/Src/stm32u5xx_hal_pwr_ex.c.obj
 .debug_abbrev  0x00000bf1      0x2a3 CMakeFiles/VS_stm32u5a5.dir/Src/lib/ST/STM32U5xx_HAL_Driver/Src/stm32u5xx_hal_rcc.c.obj

.debug_aranges  0x00000000      0x640
 .debug_aranges
                0x00000000       0x20 CMakeFiles/VS_stm32u5a5.dir/Src/main.c.obj
 .debug_aranges
                0x00000020       0x28 CMakeFiles/VS_stm32u5a5.dir/Startup/startup_stm32u5a5zjtxq.s.obj
 .debug_aranges
                0x00000048       0x40 CMakeFiles/VS_stm32u5a5.dir/Src/bsp/bsp.c.obj
 .debug_aranges
                0x00000088       0x28 CMakeFiles/VS_stm32u5a5.dir/Src/lib/ST/CMSIS/Device/ST/STM32U5xx/Source/Templates/system_stm32u5xx.c.obj
 .debug_aranges
                0x000000b0      0x1a8 CMakeFiles/VS_stm32u5a5.dir/Src/lib/ST/STM32U5xx_HAL_Driver/Src/stm32u5xx_hal.c.obj
 .debug_aranges
                0x00000258      0x110 CMakeFiles/VS_stm32u5a5.dir/Src/lib/ST/STM32U5xx_HAL_Driver/Src/stm32u5xx_hal_cortex.c.obj
 .debug_aranges
                0x00000368      0x230 CMakeFiles/VS_stm32u5a5.dir/Src/lib/ST/STM32U5xx_HAL_Driver/Src/stm32u5xx_hal_pwr_ex.c.obj
 .debug_aranges
                0x00000598       0xa8 CMakeFiles/VS_stm32u5a5.dir/Src/lib/ST/STM32U5xx_HAL_Driver/Src/stm32u5xx_hal_rcc.c.obj

.debug_rnglists
                0x00000000      0x50b
 .debug_rnglists
                0x00000000       0x13 CMakeFiles/VS_stm32u5a5.dir/Src/main.c.obj
 .debug_rnglists
                0x00000013       0x19 CMakeFiles/VS_stm32u5a5.dir/Startup/startup_stm32u5a5zjtxq.s.obj
 .debug_rnglists
                0x0000002c       0x2c CMakeFiles/VS_stm32u5a5.dir/Src/bsp/bsp.c.obj
 .debug_rnglists
                0x00000058       0x1a CMakeFiles/VS_stm32u5a5.dir/Src/lib/ST/CMSIS/Device/ST/STM32U5xx/Source/Templates/system_stm32u5xx.c.obj
 .debug_rnglists
                0x00000072      0x13a CMakeFiles/VS_stm32u5a5.dir/Src/lib/ST/STM32U5xx_HAL_Driver/Src/stm32u5xx_hal.c.obj
 .debug_rnglists
                0x000001ac       0xc7 CMakeFiles/VS_stm32u5a5.dir/Src/lib/ST/STM32U5xx_HAL_Driver/Src/stm32u5xx_hal_cortex.c.obj
 .debug_rnglists
                0x00000273      0x1a9 CMakeFiles/VS_stm32u5a5.dir/Src/lib/ST/STM32U5xx_HAL_Driver/Src/stm32u5xx_hal_pwr_ex.c.obj
 .debug_rnglists
                0x0000041c       0xef CMakeFiles/VS_stm32u5a5.dir/Src/lib/ST/STM32U5xx_HAL_Driver/Src/stm32u5xx_hal_rcc.c.obj

.debug_macro    0x00000000    0x351cb
 .debug_macro   0x00000000      0x340 CMakeFiles/VS_stm32u5a5.dir/Src/main.c.obj
 .debug_macro   0x00000340      0xaba CMakeFiles/VS_stm32u5a5.dir/Src/main.c.obj
 .debug_macro   0x00000dfa       0x22 CMakeFiles/VS_stm32u5a5.dir/Src/main.c.obj
 .debug_macro   0x00000e1c       0x8e CMakeFiles/VS_stm32u5a5.dir/Src/main.c.obj
 .debug_macro   0x00000eaa       0x51 CMakeFiles/VS_stm32u5a5.dir/Src/main.c.obj
 .debug_macro   0x00000efb      0x103 CMakeFiles/VS_stm32u5a5.dir/Src/main.c.obj
 .debug_macro   0x00000ffe       0x6a CMakeFiles/VS_stm32u5a5.dir/Src/main.c.obj
 .debug_macro   0x00001068      0x1df CMakeFiles/VS_stm32u5a5.dir/Src/main.c.obj
 .debug_macro   0x00001247       0x22 CMakeFiles/VS_stm32u5a5.dir/Src/main.c.obj
 .debug_macro   0x00001269       0x58 CMakeFiles/VS_stm32u5a5.dir/Src/main.c.obj
 .debug_macro   0x000012c1       0x74 CMakeFiles/VS_stm32u5a5.dir/Src/main.c.obj
 .debug_macro   0x00001335       0x2a CMakeFiles/VS_stm32u5a5.dir/Src/main.c.obj
 .debug_macro   0x0000135f       0x3c CMakeFiles/VS_stm32u5a5.dir/Src/main.c.obj
 .debug_macro   0x0000139b       0x34 CMakeFiles/VS_stm32u5a5.dir/Src/main.c.obj
 .debug_macro   0x000013cf      0x189 CMakeFiles/VS_stm32u5a5.dir/Src/main.c.obj
 .debug_macro   0x00001558       0x16 CMakeFiles/VS_stm32u5a5.dir/Src/main.c.obj
 .debug_macro   0x0000156e       0x43 CMakeFiles/VS_stm32u5a5.dir/Src/main.c.obj
 .debug_macro   0x000015b1       0x34 CMakeFiles/VS_stm32u5a5.dir/Src/main.c.obj
 .debug_macro   0x000015e5       0x10 CMakeFiles/VS_stm32u5a5.dir/Src/main.c.obj
 .debug_macro   0x000015f5       0x58 CMakeFiles/VS_stm32u5a5.dir/Src/main.c.obj
 .debug_macro   0x0000164d      0x1de CMakeFiles/VS_stm32u5a5.dir/Src/main.c.obj
 .debug_macro   0x0000182b      0x369 CMakeFiles/VS_stm32u5a5.dir/Src/main.c.obj
 .debug_macro   0x00001b94       0x10 CMakeFiles/VS_stm32u5a5.dir/Src/main.c.obj
 .debug_macro   0x00001ba4       0x35 CMakeFiles/VS_stm32u5a5.dir/Src/main.c.obj
 .debug_macro   0x00001bd9       0x20 CMakeFiles/VS_stm32u5a5.dir/Src/main.c.obj
 .debug_macro   0x00001bf9       0x16 CMakeFiles/VS_stm32u5a5.dir/Src/main.c.obj
 .debug_macro   0x00001c0f       0x16 CMakeFiles/VS_stm32u5a5.dir/Src/main.c.obj
 .debug_macro   0x00001c25       0x29 CMakeFiles/VS_stm32u5a5.dir/Src/main.c.obj
 .debug_macro   0x00001c4e       0x1c CMakeFiles/VS_stm32u5a5.dir/Src/main.c.obj
 .debug_macro   0x00001c6a       0x1c CMakeFiles/VS_stm32u5a5.dir/Src/main.c.obj
 .debug_macro   0x00001c86       0x16 CMakeFiles/VS_stm32u5a5.dir/Src/main.c.obj
 .debug_macro   0x00001c9c      0x170 CMakeFiles/VS_stm32u5a5.dir/Src/main.c.obj
 .debug_macro   0x00001e0c      0x207 CMakeFiles/VS_stm32u5a5.dir/Src/main.c.obj
 .debug_macro   0x00002013       0x2e CMakeFiles/VS_stm32u5a5.dir/Src/main.c.obj
 .debug_macro   0x00002041       0x42 CMakeFiles/VS_stm32u5a5.dir/Src/main.c.obj
 .debug_macro   0x00002083       0x1c CMakeFiles/VS_stm32u5a5.dir/Src/main.c.obj
 .debug_macro   0x0000209f       0x29 CMakeFiles/VS_stm32u5a5.dir/Src/main.c.obj
 .debug_macro   0x000020c8       0xfb CMakeFiles/VS_stm32u5a5.dir/Src/main.c.obj
 .debug_macro   0x000021c3     0x1685 CMakeFiles/VS_stm32u5a5.dir/Src/main.c.obj
 .debug_macro   0x00003848       0x5e CMakeFiles/VS_stm32u5a5.dir/Src/main.c.obj
 .debug_macro   0x000038a6    0x260c6 CMakeFiles/VS_stm32u5a5.dir/Src/main.c.obj
 .debug_macro   0x0002996c       0x6d CMakeFiles/VS_stm32u5a5.dir/Src/main.c.obj
 .debug_macro   0x000299d9     0x393e CMakeFiles/VS_stm32u5a5.dir/Src/main.c.obj
 .debug_macro   0x0002d317      0x19b CMakeFiles/VS_stm32u5a5.dir/Src/main.c.obj
 .debug_macro   0x0002d4b2       0x5d CMakeFiles/VS_stm32u5a5.dir/Src/main.c.obj
 .debug_macro   0x0002d50f     0x1d23 CMakeFiles/VS_stm32u5a5.dir/Src/main.c.obj
 .debug_macro   0x0002f232      0x8f4 CMakeFiles/VS_stm32u5a5.dir/Src/main.c.obj
 .debug_macro   0x0002fb26      0x166 CMakeFiles/VS_stm32u5a5.dir/Src/main.c.obj
 .debug_macro   0x0002fc8c      0x2d8 CMakeFiles/VS_stm32u5a5.dir/Src/main.c.obj
 .debug_macro   0x0002ff64       0xc9 CMakeFiles/VS_stm32u5a5.dir/Src/main.c.obj
 .debug_macro   0x0003002d      0x5eb CMakeFiles/VS_stm32u5a5.dir/Src/main.c.obj
 .debug_macro   0x00030618      0x463 CMakeFiles/VS_stm32u5a5.dir/Src/main.c.obj
 .debug_macro   0x00030a7b       0xd6 CMakeFiles/VS_stm32u5a5.dir/Src/main.c.obj
 .debug_macro   0x00030b51      0x1cd CMakeFiles/VS_stm32u5a5.dir/Src/main.c.obj
 .debug_macro   0x00030d1e      0x432 CMakeFiles/VS_stm32u5a5.dir/Src/main.c.obj
 .debug_macro   0x00031150       0x95 CMakeFiles/VS_stm32u5a5.dir/Src/main.c.obj
 .debug_macro   0x000311e5      0x11c CMakeFiles/VS_stm32u5a5.dir/Src/main.c.obj
 .debug_macro   0x00031301      0x52c CMakeFiles/VS_stm32u5a5.dir/Src/main.c.obj
 .debug_macro   0x0003182d      0x5d5 CMakeFiles/VS_stm32u5a5.dir/Src/main.c.obj
 .debug_macro   0x00031e02      0xbcc CMakeFiles/VS_stm32u5a5.dir/Src/main.c.obj
 .debug_macro   0x000329ce      0x527 CMakeFiles/VS_stm32u5a5.dir/Src/main.c.obj
 .debug_macro   0x00032ef5      0x677 CMakeFiles/VS_stm32u5a5.dir/Src/main.c.obj
 .debug_macro   0x0003356c      0x1a1 CMakeFiles/VS_stm32u5a5.dir/Src/main.c.obj
 .debug_macro   0x0003370d      0x293 CMakeFiles/VS_stm32u5a5.dir/Src/main.c.obj
 .debug_macro   0x000339a0       0x9e CMakeFiles/VS_stm32u5a5.dir/Src/main.c.obj
 .debug_macro   0x00033a3e      0x1d3 CMakeFiles/VS_stm32u5a5.dir/Src/main.c.obj
 .debug_macro   0x00033c11      0x448 CMakeFiles/VS_stm32u5a5.dir/Src/main.c.obj
 .debug_macro   0x00034059      0x38a CMakeFiles/VS_stm32u5a5.dir/Src/bsp/bsp.c.obj
 .debug_macro   0x000343e3      0x288 CMakeFiles/VS_stm32u5a5.dir/Src/lib/ST/CMSIS/Device/ST/STM32U5xx/Source/Templates/system_stm32u5xx.c.obj
 .debug_macro   0x0003466b      0x2a5 CMakeFiles/VS_stm32u5a5.dir/Src/lib/ST/STM32U5xx_HAL_Driver/Src/stm32u5xx_hal.c.obj
 .debug_macro   0x00034910      0x281 CMakeFiles/VS_stm32u5a5.dir/Src/lib/ST/STM32U5xx_HAL_Driver/Src/stm32u5xx_hal_cortex.c.obj
 .debug_macro   0x00034b91      0x2b3 CMakeFiles/VS_stm32u5a5.dir/Src/lib/ST/STM32U5xx_HAL_Driver/Src/stm32u5xx_hal_pwr_ex.c.obj
 .debug_macro   0x00034e44      0x387 CMakeFiles/VS_stm32u5a5.dir/Src/lib/ST/STM32U5xx_HAL_Driver/Src/stm32u5xx_hal_rcc.c.obj

.debug_line     0x00000000     0x69d0
 .debug_line    0x00000000      0x82a CMakeFiles/VS_stm32u5a5.dir/Src/main.c.obj
 .debug_line    0x0000082a       0x7b CMakeFiles/VS_stm32u5a5.dir/Startup/startup_stm32u5a5zjtxq.s.obj
 .debug_line    0x000008a5      0x9f3 CMakeFiles/VS_stm32u5a5.dir/Src/bsp/bsp.c.obj
 .debug_line    0x00001298      0x921 CMakeFiles/VS_stm32u5a5.dir/Src/lib/ST/CMSIS/Device/ST/STM32U5xx/Source/Templates/system_stm32u5xx.c.obj
 .debug_line    0x00001bb9      0xdfd CMakeFiles/VS_stm32u5a5.dir/Src/lib/ST/STM32U5xx_HAL_Driver/Src/stm32u5xx_hal.c.obj
 .debug_line    0x000029b6      0xed5 CMakeFiles/VS_stm32u5a5.dir/Src/lib/ST/STM32U5xx_HAL_Driver/Src/stm32u5xx_hal_cortex.c.obj
 .debug_line    0x0000388b     0x161d CMakeFiles/VS_stm32u5a5.dir/Src/lib/ST/STM32U5xx_HAL_Driver/Src/stm32u5xx_hal_pwr_ex.c.obj
 .debug_line    0x00004ea8     0x1b28 CMakeFiles/VS_stm32u5a5.dir/Src/lib/ST/STM32U5xx_HAL_Driver/Src/stm32u5xx_hal_rcc.c.obj

.debug_str      0x00000000   0x155670
 .debug_str     0x00000000   0x151bb7 CMakeFiles/VS_stm32u5a5.dir/Src/main.c.obj
                             0x1526d5 (size before relaxing)
 .debug_str     0x00151bb7       0x6a CMakeFiles/VS_stm32u5a5.dir/Startup/startup_stm32u5a5zjtxq.s.obj
                                 0xa3 (size before relaxing)
 .debug_str     0x00151c21      0x2f9 CMakeFiles/VS_stm32u5a5.dir/Src/bsp/bsp.c.obj
                             0x1529d3 (size before relaxing)
 .debug_str     0x00151f1a      0x450 CMakeFiles/VS_stm32u5a5.dir/Src/lib/ST/CMSIS/Device/ST/STM32U5xx/Source/Templates/system_stm32u5xx.c.obj
                             0x15217a (size before relaxing)
 .debug_str     0x0015236a     0x1157 CMakeFiles/VS_stm32u5a5.dir/Src/lib/ST/STM32U5xx_HAL_Driver/Src/stm32u5xx_hal.c.obj
                             0x153313 (size before relaxing)
 .debug_str     0x001534c1      0x43b CMakeFiles/VS_stm32u5a5.dir/Src/lib/ST/STM32U5xx_HAL_Driver/Src/stm32u5xx_hal_cortex.c.obj
                             0x152e18 (size before relaxing)
 .debug_str     0x001538fc      0x9cd CMakeFiles/VS_stm32u5a5.dir/Src/lib/ST/STM32U5xx_HAL_Driver/Src/stm32u5xx_hal_pwr_ex.c.obj
                             0x152994 (size before relaxing)
 .debug_str     0x001542c9     0x13a7 CMakeFiles/VS_stm32u5a5.dir/Src/lib/ST/STM32U5xx_HAL_Driver/Src/stm32u5xx_hal_rcc.c.obj
                             0x1538e9 (size before relaxing)

.comment        0x00000000       0x43
 .comment       0x00000000       0x43 CMakeFiles/VS_stm32u5a5.dir/Src/main.c.obj
                                 0x44 (size before relaxing)
 .comment       0x00000043       0x44 CMakeFiles/VS_stm32u5a5.dir/Src/bsp/bsp.c.obj
 .comment       0x00000043       0x44 CMakeFiles/VS_stm32u5a5.dir/Src/lib/ST/CMSIS/Device/ST/STM32U5xx/Source/Templates/system_stm32u5xx.c.obj
 .comment       0x00000043       0x44 CMakeFiles/VS_stm32u5a5.dir/Src/lib/ST/STM32U5xx_HAL_Driver/Src/stm32u5xx_hal.c.obj
 .comment       0x00000043       0x44 CMakeFiles/VS_stm32u5a5.dir/Src/lib/ST/STM32U5xx_HAL_Driver/Src/stm32u5xx_hal_cortex.c.obj
 .comment       0x00000043       0x44 CMakeFiles/VS_stm32u5a5.dir/Src/lib/ST/STM32U5xx_HAL_Driver/Src/stm32u5xx_hal_pwr_ex.c.obj
 .comment       0x00000043       0x44 CMakeFiles/VS_stm32u5a5.dir/Src/lib/ST/STM32U5xx_HAL_Driver/Src/stm32u5xx_hal_rcc.c.obj

.debug_line_str
                0x00000000       0x87
 .debug_line_str
                0x00000000       0x87 CMakeFiles/VS_stm32u5a5.dir/Startup/startup_stm32u5a5zjtxq.s.obj

.debug_loclists
                0x00000000     0x1b01
 .debug_loclists
                0x00000000       0x23 CMakeFiles/VS_stm32u5a5.dir/Src/bsp/bsp.c.obj
 .debug_loclists
                0x00000023       0xc1 CMakeFiles/VS_stm32u5a5.dir/Src/lib/ST/CMSIS/Device/ST/STM32U5xx/Source/Templates/system_stm32u5xx.c.obj
 .debug_loclists
                0x000000e4      0x185 CMakeFiles/VS_stm32u5a5.dir/Src/lib/ST/STM32U5xx_HAL_Driver/Src/stm32u5xx_hal.c.obj
 .debug_loclists
                0x00000269      0x4cc CMakeFiles/VS_stm32u5a5.dir/Src/lib/ST/STM32U5xx_HAL_Driver/Src/stm32u5xx_hal_cortex.c.obj
 .debug_loclists
                0x00000735      0xb1f CMakeFiles/VS_stm32u5a5.dir/Src/lib/ST/STM32U5xx_HAL_Driver/Src/stm32u5xx_hal_pwr_ex.c.obj
 .debug_loclists
                0x00001254      0x8ad CMakeFiles/VS_stm32u5a5.dir/Src/lib/ST/STM32U5xx_HAL_Driver/Src/stm32u5xx_hal_rcc.c.obj
