Archive member included to satisfy reference by file (symbol)

/opt/ST/STM32CubeCLT_1.17.0/GNU-tools-for-STM32/bin/../lib/gcc/arm-none-eabi/12.3.1/../../../../arm-none-eabi/lib/thumb/v8-m.main+fp/hard/libc.a(libc_a-exit.o)
                              /opt/ST/STM32CubeCLT_1.17.0/GNU-tools-for-STM32/bin/../lib/gcc/arm-none-eabi/12.3.1/../../../../arm-none-eabi/lib/thumb/v8-m.main+fp/hard/crt0.o (exit)
/opt/ST/STM32CubeCLT_1.17.0/GNU-tools-for-STM32/bin/../lib/gcc/arm-none-eabi/12.3.1/../../../../arm-none-eabi/lib/thumb/v8-m.main+fp/hard/libc.a(libc_a-findfp.o)
                              /opt/ST/STM32CubeCLT_1.17.0/GNU-tools-for-STM32/bin/../lib/gcc/arm-none-eabi/12.3.1/../../../../arm-none-eabi/lib/thumb/v8-m.main+fp/hard/libc.a(libc_a-exit.o) (__stdio_exit_handler)
/opt/ST/STM32CubeCLT_1.17.0/GNU-tools-for-STM32/bin/../lib/gcc/arm-none-eabi/12.3.1/../../../../arm-none-eabi/lib/thumb/v8-m.main+fp/hard/libc.a(libc_a-fwalk.o)
                              /opt/ST/STM32CubeCLT_1.17.0/GNU-tools-for-STM32/bin/../lib/gcc/arm-none-eabi/12.3.1/../../../../arm-none-eabi/lib/thumb/v8-m.main+fp/hard/libc.a(libc_a-findfp.o) (_fwalk_sglue)
/opt/ST/STM32CubeCLT_1.17.0/GNU-tools-for-STM32/bin/../lib/gcc/arm-none-eabi/12.3.1/../../../../arm-none-eabi/lib/thumb/v8-m.main+fp/hard/libc.a(libc_a-memset.o)
                              /opt/ST/STM32CubeCLT_1.17.0/GNU-tools-for-STM32/bin/../lib/gcc/arm-none-eabi/12.3.1/../../../../arm-none-eabi/lib/thumb/v8-m.main+fp/hard/crt0.o (memset)
/opt/ST/STM32CubeCLT_1.17.0/GNU-tools-for-STM32/bin/../lib/gcc/arm-none-eabi/12.3.1/../../../../arm-none-eabi/lib/thumb/v8-m.main+fp/hard/libc.a(libc_a-impure.o)
                              /opt/ST/STM32CubeCLT_1.17.0/GNU-tools-for-STM32/bin/../lib/gcc/arm-none-eabi/12.3.1/../../../../arm-none-eabi/lib/thumb/v8-m.main+fp/hard/libc.a(libc_a-findfp.o) (_impure_data)
/opt/ST/STM32CubeCLT_1.17.0/GNU-tools-for-STM32/bin/../lib/gcc/arm-none-eabi/12.3.1/../../../../arm-none-eabi/lib/thumb/v8-m.main+fp/hard/libc.a(libc_a-init.o)
                              /opt/ST/STM32CubeCLT_1.17.0/GNU-tools-for-STM32/bin/../lib/gcc/arm-none-eabi/12.3.1/../../../../arm-none-eabi/lib/thumb/v8-m.main+fp/hard/crt0.o (__libc_init_array)
/opt/ST/STM32CubeCLT_1.17.0/GNU-tools-for-STM32/bin/../lib/gcc/arm-none-eabi/12.3.1/../../../../arm-none-eabi/lib/thumb/v8-m.main+fp/hard/libc.a(libc_a-lock.o)
                              /opt/ST/STM32CubeCLT_1.17.0/GNU-tools-for-STM32/bin/../lib/gcc/arm-none-eabi/12.3.1/../../../../arm-none-eabi/lib/thumb/v8-m.main+fp/hard/libc.a(libc_a-findfp.o) (__retarget_lock_init_recursive)
/opt/ST/STM32CubeCLT_1.17.0/GNU-tools-for-STM32/bin/../lib/gcc/arm-none-eabi/12.3.1/../../../../arm-none-eabi/lib/thumb/v8-m.main+fp/hard/libc.a(libc_a-__call_atexit.o)
                              /opt/ST/STM32CubeCLT_1.17.0/GNU-tools-for-STM32/bin/../lib/gcc/arm-none-eabi/12.3.1/../../../../arm-none-eabi/lib/thumb/v8-m.main+fp/hard/libc.a(libc_a-exit.o) (__call_exitprocs)
/opt/ST/STM32CubeCLT_1.17.0/GNU-tools-for-STM32/bin/../lib/gcc/arm-none-eabi/12.3.1/../../../../arm-none-eabi/lib/thumb/v8-m.main+fp/hard/libc.a(libc_a-atexit.o)
                              /opt/ST/STM32CubeCLT_1.17.0/GNU-tools-for-STM32/bin/../lib/gcc/arm-none-eabi/12.3.1/../../../../arm-none-eabi/lib/thumb/v8-m.main+fp/hard/libc.a(libc_a-__call_atexit.o) (atexit)
/opt/ST/STM32CubeCLT_1.17.0/GNU-tools-for-STM32/bin/../lib/gcc/arm-none-eabi/12.3.1/../../../../arm-none-eabi/lib/thumb/v8-m.main+fp/hard/libc.a(libc_a-mallocr.o)
                              /opt/ST/STM32CubeCLT_1.17.0/GNU-tools-for-STM32/bin/../lib/gcc/arm-none-eabi/12.3.1/../../../../arm-none-eabi/lib/thumb/v8-m.main+fp/hard/libc.a(libc_a-findfp.o) (_malloc_r)
/opt/ST/STM32CubeCLT_1.17.0/GNU-tools-for-STM32/bin/../lib/gcc/arm-none-eabi/12.3.1/../../../../arm-none-eabi/lib/thumb/v8-m.main+fp/hard/libc.a(libc_a-mlock.o)
                              /opt/ST/STM32CubeCLT_1.17.0/GNU-tools-for-STM32/bin/../lib/gcc/arm-none-eabi/12.3.1/../../../../arm-none-eabi/lib/thumb/v8-m.main+fp/hard/libc.a(libc_a-mallocr.o) (__malloc_lock)
/opt/ST/STM32CubeCLT_1.17.0/GNU-tools-for-STM32/bin/../lib/gcc/arm-none-eabi/12.3.1/../../../../arm-none-eabi/lib/thumb/v8-m.main+fp/hard/libc.a(libc_a-fclose.o)
                              /opt/ST/STM32CubeCLT_1.17.0/GNU-tools-for-STM32/bin/../lib/gcc/arm-none-eabi/12.3.1/../../../../arm-none-eabi/lib/thumb/v8-m.main+fp/hard/libc.a(libc_a-findfp.o) (_fclose_r)
/opt/ST/STM32CubeCLT_1.17.0/GNU-tools-for-STM32/bin/../lib/gcc/arm-none-eabi/12.3.1/../../../../arm-none-eabi/lib/thumb/v8-m.main+fp/hard/libc.a(libc_a-fflush.o)
                              /opt/ST/STM32CubeCLT_1.17.0/GNU-tools-for-STM32/bin/../lib/gcc/arm-none-eabi/12.3.1/../../../../arm-none-eabi/lib/thumb/v8-m.main+fp/hard/libc.a(libc_a-fclose.o) (__sflush_r)
/opt/ST/STM32CubeCLT_1.17.0/GNU-tools-for-STM32/bin/../lib/gcc/arm-none-eabi/12.3.1/../../../../arm-none-eabi/lib/thumb/v8-m.main+fp/hard/libc.a(libc_a-stdio.o)
[...]
Memory Configuration

Name             Origin             Length             Attributes
RAM              0x20000000         0x00270000         xrw
FLASH            0x08000000         0x00400000         xr
*default*        0x00000000         0xffffffff

Linker script and memory map

LOAD /opt/ST/STM32CubeCLT_1.17.0/GNU-tools-for-STM32/bin/../lib/gcc/arm-none-eabi/12.3.1/thumb/v8-m.main+fp/hard/crti.o
LOAD /opt/ST/STM32CubeCLT_1.17.0/GNU-tools-for-STM32/bin/../lib/gcc/arm-none-eabi/12.3.1/thumb/v8-m.main+fp/hard/crtbegin.o
LOAD /opt/ST/STM32CubeCLT_1.17.0/GNU-tools-for-STM32/bin/../lib/gcc/arm-none-eabi/12.3.1/../../../../arm-none-eabi/lib/thumb/v8-m.main+fp/hard/crt0.o
START GROUP
LOAD /opt/ST/STM32CubeCLT_1.17.0/GNU-tools-for-STM32/bin/../lib/gcc/arm-none-eabi/12.3.1/../../../../arm-none-eabi/lib/thumb/v8-m.main+fp/hard/libc.a
LOAD /opt/ST/STM32CubeCLT_1.17.0/GNU-tools-for-STM32/bin/../lib/gcc/arm-none-eabi/12.3.1/../../../../arm-none-eabi/lib/thumb/v8-m.main+fp/hard/libm.a
LOAD /opt/ST/STM32CubeCLT_1.17.0/GNU-tools-for-STM32/bin/../lib/gcc/arm-none-eabi/12.3.1/../../../../arm-none-eabi/lib/thumb/v8-m.main+fp/hard/libstdc++.a
LOAD /opt/ST/STM32CubeCLT_1.17.0/GNU-tools-for-STM32/bin/../lib/gcc/arm-none-eabi/12.3.1/../../../../arm-none-eabi/lib/thumb/v8-m.main+fp/hard/libsupc++.a
END GROUP
LOAD CMakeFiles/smt32u5a5.dir/Src/main.c.obj
LOAD CMakeFiles/smt32u5a5.dir/Src/syscall.c.obj
LOAD CMakeFiles/smt32u5a5.dir/Src/sysmem.c.obj
LOAD CMakeFiles/smt32u5a5.dir/Startup/startup_stm32u5a5zjtxq.s.obj
LOAD CMakeFiles/smt32u5a5.dir/Src/bsp/bsp.c.obj
LOAD CMakeFiles/smt32u5a5.dir/Src/hw/driver/stm32u5xx_hal_msp.c.obj
LOAD CMakeFiles/smt32u5a5.dir/Src/hw/driver/stm32u5xx_it.c.obj
LOAD CMakeFiles/smt32u5a5.dir/Src/hw/hw.c.obj
LOAD CMakeFiles/smt32u5a5.dir/Src/lib/ST/STM32U5xx_HAL_Driver/Src/stm32u5xx_hal.c.obj
LOAD CMakeFiles/smt32u5a5.dir/Src/lib/ST/STM32U5xx_HAL_Driver/Src/stm32u5xx_hal_cortex.c.obj
LOAD CMakeFiles/smt32u5a5.dir/Src/lib/ST/STM32U5xx_HAL_Driver/Src/stm32u5xx_hal_dma.c.obj
LOAD CMakeFiles/smt32u5a5.dir/Src/lib/ST/STM32U5xx_HAL_Driver/Src/stm32u5xx_hal_dma_ex.c.obj
LOAD CMakeFiles/smt32u5a5.dir/Src/lib/ST/STM32U5xx_HAL_Driver/Src/stm32u5xx_hal_exti.c.obj
LOAD CMakeFiles/smt32u5a5.dir/Src/lib/ST/STM32U5xx_HAL_Driver/Src/stm32u5xx_hal_flash.c.obj
LOAD CMakeFiles/smt32u5a5.dir/Src/lib/ST/STM32U5xx_HAL_Driver/Src/stm32u5xx_hal_flash_ex.c.obj
LOAD CMakeFiles/smt32u5a5.dir/Src/lib/ST/STM32U5xx_HAL_Driver/Src/stm32u5xx_hal_gpio.c.obj
LOAD CMakeFiles/smt32u5a5.dir/Src/lib/ST/STM32U5xx_HAL_Driver/Src/stm32u5xx_hal_gtzc.c.obj
LOAD CMakeFiles/smt32u5a5.dir/Src/lib/ST/STM32U5xx_HAL_Driver/Src/stm32u5xx_hal_i2c.c.obj
LOAD CMakeFiles/smt32u5a5.dir/Src/lib/ST/STM32U5xx_HAL_Driver/Src/stm32u5xx_hal_i2c_ex.c.obj
LOAD CMakeFiles/smt32u5a5.dir/Src/lib/ST/STM32U5xx_HAL_Driver/Src/stm32u5xx_hal_icache.c.obj
LOAD CMakeFiles/smt32u5a5.dir/Src/lib/ST/STM32U5xx_HAL_Driver/Src/stm32u5xx_hal_pcd.c.obj
LOAD CMakeFiles/smt32u5a5.dir/Src/lib/ST/STM32U5xx_HAL_Driver/Src/stm32u5xx_hal_pcd_ex.c.obj
LOAD CMakeFiles/smt32u5a5.dir/Src/lib/ST/STM32U5xx_HAL_Driver/Src/stm32u5xx_hal_pwr.c.obj
LOAD CMakeFiles/smt32u5a5.dir/Src/lib/ST/STM32U5xx_HAL_Driver/Src/stm32u5xx_hal_pwr_ex.c.obj
LOAD CMakeFiles/smt32u5a5.dir/Src/lib/ST/STM32U5xx_HAL_Driver/Src/stm32u5xx_hal_rcc.c.obj
LOAD CMakeFiles/smt32u5a5.dir/Src/lib/ST/STM32U5xx_HAL_Driver/Src/stm32u5xx_hal_rcc_ex.c.obj
LOAD CMakeFiles/smt32u5a5.dir/Src/lib/ST/STM32U5xx_HAL_Driver/Src/stm32u5xx_hal_tim.c.obj
LOAD CMakeFiles/smt32u5a5.dir/Src/lib/ST/STM32U5xx_HAL_Driver/Src/stm32u5xx_hal_tim_ex.c.obj
LOAD CMakeFiles/smt32u5a5.dir/Src/lib/ST/STM32U5xx_HAL_Driver/Src/stm32u5xx_hal_uart.c.obj
LOAD CMakeFiles/smt32u5a5.dir/Src/lib/ST/STM32U5xx_HAL_Driver/Src/stm32u5xx_hal_uart_ex.c.obj
LOAD CMakeFiles/smt32u5a5.dir/Src/lib/ST/STM32U5xx_HAL_Driver/Src/stm32u5xx_ll_usb.c.obj
LOAD CMakeFiles/smt32u5a5.dir/Src/system_stm32u5xx.c.obj
START GROUP
LOAD /opt/ST/STM32CubeCLT_1.17.0/GNU-tools-for-STM32/bin/../lib/gcc/arm-none-eabi/12.3.1/thumb/v8-m.main+fp/hard/libgcc.a
LOAD /opt/ST/STM32CubeCLT_1.17.0/GNU-tools-for-STM32/bin/../lib/gcc/arm-none-eabi/12.3.1/../../../../arm-none-eabi/lib/thumb/v8-m.main+fp/hard/libg.a
LOAD /opt/ST/STM32CubeCLT_1.17.0/GNU-tools-for-STM32/bin/../lib/gcc/arm-none-eabi/12.3.1/../../../../arm-none-eabi/lib/thumb/v8-m.main+fp/hard/libc.a
END GROUP
START GROUP
LOAD /opt/ST/STM32CubeCLT_1.17.0/GNU-tools-for-STM32/bin/../lib/gcc/arm-none-eabi/12.3.1/thumb/v8-m.main+fp/hard/libgcc.a
LOAD /opt/ST/STM32CubeCLT_1.17.0/GNU-tools-for-STM32/bin/../lib/gcc/arm-none-eabi/12.3.1/../../../../arm-none-eabi/lib/thumb/v8-m.main+fp/hard/libc.a
LOAD /opt/ST/STM32CubeCLT_1.17.0/GNU-tools-for-STM32/bin/../lib/gcc/arm-none-eabi/12.3.1/../../../../arm-none-eabi/lib/thumb/v8-m.main+fp/hard/libnosys.a
END GROUP
LOAD /opt/ST/STM32CubeCLT_1.17.0/GNU-tools-for-STM32/bin/../lib/gcc/arm-none-eabi/12.3.1/thumb/v8-m.main+fp/hard/crtend.o
LOAD /opt/ST/STM32CubeCLT_1.17.0/GNU-tools-for-STM32/bin/../lib/gcc/arm-none-eabi/12.3.1/thumb/v8-m.main+fp/hard/crtn.o
                0x20270000                        _estack = (ORIGIN (RAM) + LENGTH (RAM))
                0x00000200                        _Min_Heap_Size = 0x200
                0x00000400                        _Min_Stack_Size = 0x400

.isr_vector     0x08000000      0x258
                0x08000000                        . = ALIGN (0x4)
 *(.isr_vector)
 .isr_vector    0x08000000      0x258 CMakeFiles/smt32u5a5.dir/Startup/startup_stm32u5a5zjtxq.s.obj
                0x08000000                g_pfnVectors
                0x08000258                        . = ALIGN (0x4)

.text           0x08000258     0x234c
                0x08000258                        . = ALIGN (0x4)
 *(.text)
 .text          0x08000258       0x40 /opt/ST/STM32CubeCLT_1.17.0/GNU-tools-for-STM32/bin/../lib/gcc/arm-none-eabi/12.3.1/thumb/v8-m.main+fp/hard/crtbegin.o
 *(.text*)
 .text.memset   0x08000298       0x10 /opt/ST/STM32CubeCLT_1.17.0/GNU-tools-for-STM32/bin/../lib/gcc/arm-none-eabi/12.3.1/../../../../arm-none-eabi/lib/thumb/v8-m.main+fp/hard/libc.a(libc_a-memset.o)
                0x08000298                memset
 .text.__libc_init_array
                0x080002a8       0x48 /opt/ST/STM32CubeCLT_1.17.0/GNU-tools-for-STM32/bin/../lib/gcc/arm-none-eabi/12.3.1/../../../../arm-none-eabi/lib/thumb/v8-m.main+fp/hard/libc.a(libc_a-init.o)
                0x080002a8                __libc_init_array
 .text.__retarget_lock_acquire_recursive
                0x080002f0        0x2 /opt/ST/STM32CubeCLT_1.17.0/GNU-tools-for-STM32/bin/../lib/gcc/arm-none-eabi/12.3.1/../../../../arm-none-eabi/lib/thumb/v8-m.main+fp/hard/libc.a(libc_a-lock.o)
                0x080002f0                __retarget_lock_acquire_recursive
 .text.__retarget_lock_release_recursive
                0x080002f2        0x2 /opt/ST/STM32CubeCLT_1.17.0/GNU-tools-for-STM32/bin/../lib/gcc/arm-none-eabi/12.3.1/../../../../arm-none-eabi/lib/thumb/v8-m.main+fp/hard/libc.a(libc_a-lock.o)
                0x080002f2                __retarget_lock_release_recursive
 .text.startup.register_fini
                0x080002f4       0x14 /opt/ST/STM32CubeCLT_1.17.0/GNU-tools-for-STM32/bin/../lib/gcc/arm-none-eabi/12.3.1/../../../../arm-none-eabi/lib/thumb/v8-m.main+fp/hard/libc.a(libc_a-__call_atexit.o)
 .text.atexit   0x08000308        0xc /opt/ST/STM32CubeCLT_1.17.0/GNU-tools-for-STM32/bin/../lib/gcc/arm-none-eabi/12.3.1/../../../../arm-none-eabi/lib/thumb/v8-m.main+fp/hard/libc.a(libc_a-atexit.o)
                0x08000308                atexit
 .text.__libc_fini_array
                0x08000314       0x28 /opt/ST/STM32CubeCLT_1.17.0/GNU-tools-for-STM32/bin/../lib/gcc/arm-none-eabi/12.3.1/../../../../arm-none-eabi/lib/thumb/v8-m.main+fp/hard/libc.a(libc_a-fini.o)
                0x08000314                __libc_fini_array
 .text.__register_exitproc
                0x0800033c       0x84 /opt/ST/STM32CubeCLT_1.17.0/GNU-tools-for-STM32/bin/../lib/gcc/arm-none-eabi/12.3.1/../../../../arm-none-eabi/lib/thumb/v8-m.main+fp/hard/libc.a(libc_a-__atexit.o)
                0x0800033c                __register_exitproc
 .text.main     0x080003c0        0xe CMakeFiles/smt32u5a5.dir/Src/main.c.obj
                0x080003c0                main
 *fill*         0x080003ce        0x2 
 .text.Reset_Handler
                0x080003d0       0x50 CMakeFiles/smt32u5a5.dir/Startup/startup_stm32u5a5zjtxq.s.obj
                0x080003d0                Reset_Handler
 .text.Default_Handler
                0x08000420        0x2 CMakeFiles/smt32u5a5.dir/Startup/startup_stm32u5a5zjtxq.s.obj
                0x08000420                HASH_IRQHandler
                0x08000420                TIM8_TRG_COM_IRQHandler
                0x08000420                TIM8_CC_IRQHandler
                0x08000420                EXTI5_IRQHandler
                0x08000420                FLASH_S_IRQHandler
                0x08000420                EXTI13_IRQHandler
                0x08000420                TIM1_CC_IRQHandler
                0x08000420                TSC_IRQHandler
                0x08000420                TAMP_IRQHandler
                0x08000420                TIM6_IRQHandler
                0x08000420                EXTI12_IRQHandler
                0x08000420                CORDIC_IRQHandler
                0x08000420                EXTI3_IRQHandler
                0x08000420                ADC12_IRQHandler
                0x08000420                LPTIM4_IRQHandler
                0x08000420                EXTI8_IRQHandler
                0x08000420                LPTIM2_IRQHandler
                0x08000420                GPDMA1_CH5_IRQHandler
                0x08000420                GPDMA1_CH12_IRQHandler
                0x08000420                I2C3_ER_IRQHandler
                0x08000420                I2C5_EV_IRQHandler
                0x08000420                PWR_S3WU_IRQHandler
                0x08000420                GPDMA1_CH15_IRQHandler
                0x08000420                MDF1_FLT2_IRQHandler
                0x08000420                LPTIM3_IRQHandler
                0x08000420                GPDMA1_CH11_IRQHandler
                0x08000420                EXTI0_IRQHandler
                0x08000420                I2C2_EV_IRQHandler
                0x08000420                FPU_IRQHandler
                0x08000420                MDF1_FLT4_IRQHandler
                0x08000420                FDCAN1_IT1_IRQHandler
                0x08000420                RAMCFG_IRQHandler
                0x08000420                DCACHE1_IRQHandler
                0x08000420                GPDMA1_CH3_IRQHandler
                0x08000420                SPI1_IRQHandler
                0x08000420                OCTOSPI1_IRQHandler
                0x08000420                GPDMA1_CH4_IRQHandler
                0x08000420                GPDMA1_CH14_IRQHandler
                0x08000420                TIM8_UP_IRQHandler
                0x08000420                RCC_S_IRQHandler
                0x08000420                OCTOSPI2_IRQHandler
                0x08000420                SAI2_IRQHandler
                0x08000420                MDF1_FLT1_IRQHandler
                0x08000420                PKA_IRQHandler
                0x08000420                USART6_IRQHandler
                0x08000420                MDF1_FLT5_IRQHandler
                0x08000420                EXTI15_IRQHandler
                0x08000420                TIM17_IRQHandler
                0x08000420                USART3_IRQHandler
                0x08000420                RTC_IRQHandler
                0x08000420                EXTI9_IRQHandler
                0x08000420                UART5_IRQHandler
                0x08000420                GPDMA1_CH7_IRQHandler
                0x08000420                LPDMA1_CH1_IRQHandler
                0x08000420                TIM4_IRQHandler
                0x08000420                I2C1_EV_IRQHandler
                0x08000420                TIM16_IRQHandler
                0x08000420                UART4_IRQHandler
                0x08000420                SecureFault_Handler
                0x08000420                GPDMA1_CH6_IRQHandler
                0x08000420                TIM3_IRQHandler
                0x08000420                RCC_IRQHandler
                0x08000420                TIM1_TRG_COM_IRQHandler
                0x08000420                Default_Handler
                0x08000420                GPDMA1_CH1_IRQHandler
                0x08000420                FMAC_IRQHandler
                0x08000420                I2C5_ER_IRQHandler
                0x08000420                OTFDEC1_IRQHandler
                0x08000420                GPDMA1_CH0_IRQHandler
                0x08000420                TIM7_IRQHandler
                0x08000420                SDMMC1_IRQHandler
                0x08000420                SAES_IRQHandler
                0x08000420                TIM5_IRQHandler
                0x08000420                UCPD1_IRQHandler
                0x08000420                TIM15_IRQHandler
                0x08000420                I2C3_EV_IRQHandler
                0x08000420                GPDMA1_CH9_IRQHandler
                0x08000420                PVD_PVM_IRQHandler
                0x08000420                GPU2D_IRQSYS_IRQHandler
                0x08000420                SPI2_IRQHandler
                0x08000420                LPDMA1_CH3_IRQHandler
                0x08000420                GPDMA1_CH2_IRQHandler
                0x08000420                EXTI14_IRQHandler
                0x08000420                EXTI11_IRQHandler
                0x08000420                OTFDEC2_IRQHandler
                0x08000420                CRS_IRQHandler
                0x08000420                LSECSSD_IRQHandler
                0x08000420                EXTI4_IRQHandler
                0x08000420                RTC_S_IRQHandler
                0x08000420                RNG_IRQHandler
                0x08000420                GPDMA1_CH8_IRQHandler
                0x08000420                GPDMA1_CH13_IRQHandler
                0x08000420                COMP_IRQHandler
                0x08000420                TIM1_UP_IRQHandler
                0x08000420                ADC4_IRQHandler
                0x08000420                WWDG_IRQHandler
                0x08000420                I2C4_EV_IRQHandler
                0x08000420                IWDG_IRQHandler
                0x08000420                I2C6_ER_IRQHandler
                0x08000420                LPUART1_IRQHandler
                0x08000420                MDF1_FLT0_IRQHandler
                0x08000420                FDCAN1_IT0_IRQHandler
                0x08000420                TIM2_IRQHandler
                0x08000420                LPDMA1_CH2_IRQHandler
                0x08000420                GPDMA1_CH10_IRQHandler
                0x08000420                EXTI7_IRQHandler
                0x08000420                DMA2D_IRQHandler
                0x08000420                TIM1_BRK_IRQHandler
                0x08000420                EXTI1_IRQHandler
                0x08000420                SDMMC2_IRQHandler
                0x08000420                AES_IRQHandler
                0x08000420                DAC1_IRQHandler
                0x08000420                GTZC_IRQHandler
                0x08000420                MDF1_FLT3_IRQHandler
                0x08000420                USART2_IRQHandler
                0x08000420                I2C6_EV_IRQHandler
                0x08000420                ADF1_FLT0_IRQHandler
                0x08000420                I2C2_ER_IRQHandler
                0x08000420                TIM8_BRK_IRQHandler
                0x08000420                FLASH_IRQHandler
                0x08000420                USART1_IRQHandler
                0x08000420                EXTI10_IRQHandler
                0x08000420                SPI3_IRQHandler
                0x08000420                I2C1_ER_IRQHandler
                0x08000420                LPDMA1_CH0_IRQHandler
                0x08000420                FMC_IRQHandler
                0x08000420                GPU2D_IRQ_IRQHandler
                0x08000420                EXTI6_IRQHandler
                0x08000420                LPTIM1_IRQHandler
                0x08000420                DCMI_PSSI_IRQHandler
                0x08000420                I2C4_ER_IRQHandler
                0x08000420                ICACHE_IRQHandler
                0x08000420                SAI1_IRQHandler
                0x08000420                EXTI2_IRQHandler
 .text.delay    0x08000422        0x8 CMakeFiles/smt32u5a5.dir/Src/bsp/bsp.c.obj
                0x08000422                delay
 .text.Error_Handler
                0x0800042a        0x4 CMakeFiles/smt32u5a5.dir/Src/bsp/bsp.c.obj
                0x0800042a                Error_Handler
 .text.SystemPower_Config
                0x0800042e       0x18 CMakeFiles/smt32u5a5.dir/Src/bsp/bsp.c.obj
 .text.SystemClock_Config
                0x08000446       0x86 CMakeFiles/smt32u5a5.dir/Src/bsp/bsp.c.obj
                0x08000446                SystemClock_Config
 .text.bspInit  0x080004cc       0x12 CMakeFiles/smt32u5a5.dir/Src/bsp/bsp.c.obj
                0x080004cc                bspInit
 *fill*         0x080004de        0x2 
 .text.HAL_MspInit
                0x080004e0       0x30 CMakeFiles/smt32u5a5.dir/Src/hw/driver/stm32u5xx_hal_msp.c.obj
                0x080004e0                HAL_MspInit
 .text.NMI_Handler
                0x08000510        0x2 CMakeFiles/smt32u5a5.dir/Src/hw/driver/stm32u5xx_it.c.obj
                0x08000510                NMI_Handler
 .text.HardFault_Handler
                0x08000512        0x2 CMakeFiles/smt32u5a5.dir/Src/hw/driver/stm32u5xx_it.c.obj
                0x08000512                HardFault_Handler
 .text.MemManage_Handler
                0x08000514        0x2 CMakeFiles/smt32u5a5.dir/Src/hw/driver/stm32u5xx_it.c.obj
                0x08000514                MemManage_Handler
 .text.BusFault_Handler
                0x08000516        0x2 CMakeFiles/smt32u5a5.dir/Src/hw/driver/stm32u5xx_it.c.obj
                0x08000516                BusFault_Handler
 .text.UsageFault_Handler
                0x08000518        0x2 CMakeFiles/smt32u5a5.dir/Src/hw/driver/stm32u5xx_it.c.obj
                0x08000518                UsageFault_Handler
 .text.SVC_Handler
                0x0800051a        0x2 CMakeFiles/smt32u5a5.dir/Src/hw/driver/stm32u5xx_it.c.obj
                0x0800051a                SVC_Handler
 .text.DebugMon_Handler
                0x0800051c        0x2 CMakeFiles/smt32u5a5.dir/Src/hw/driver/stm32u5xx_it.c.obj
                0x0800051c                DebugMon_Handler
 .text.PendSV_Handler
                0x0800051e        0x2 CMakeFiles/smt32u5a5.dir/Src/hw/driver/stm32u5xx_it.c.obj
                0x0800051e                PendSV_Handler
 .text.SysTick_Handler
                0x08000520        0x8 CMakeFiles/smt32u5a5.dir/Src/hw/driver/stm32u5xx_it.c.obj
                0x08000520                SysTick_Handler
 .text.OTG_HS_IRQHandler
                0x08000528       0x10 CMakeFiles/smt32u5a5.dir/Src/hw/driver/stm32u5xx_it.c.obj
                0x08000528                OTG_HS_IRQHandler
 .text.hwInit   0x08000538        0xe CMakeFiles/smt32u5a5.dir/Src/hw/hw.c.obj
                0x08000538                hwInit
 *fill*         0x08000546        0x2 
 .text.HAL_InitTick
                0x08000548       0xac CMakeFiles/smt32u5a5.dir/Src/lib/ST/STM32U5xx_HAL_Driver/Src/stm32u5xx_hal.c.obj
                0x08000548                HAL_InitTick
 .text.HAL_Init
                0x080005f4       0x54 CMakeFiles/smt32u5a5.dir/Src/lib/ST/STM32U5xx_HAL_Driver/Src/stm32u5xx_hal.c.obj
                0x080005f4                HAL_Init
 .text.HAL_IncTick
                0x08000648       0x18 CMakeFiles/smt32u5a5.dir/Src/lib/ST/STM32U5xx_HAL_Driver/Src/stm32u5xx_hal.c.obj
                0x08000648                HAL_IncTick
 .text.HAL_GetTick
                0x08000660        0xc CMakeFiles/smt32u5a5.dir/Src/lib/ST/STM32U5xx_HAL_Driver/Src/stm32u5xx_hal.c.obj
                0x08000660                HAL_GetTick
 .text.HAL_Delay
                0x0800066c       0x28 CMakeFiles/smt32u5a5.dir/Src/lib/ST/STM32U5xx_HAL_Driver/Src/stm32u5xx_hal.c.obj
                0x0800066c                HAL_Delay
 .text.__NVIC_SetPriority
                0x08000694       0x28 CMakeFiles/smt32u5a5.dir/Src/lib/ST/STM32U5xx_HAL_Driver/Src/stm32u5xx_hal_cortex.c.obj
 .text.NVIC_EncodePriority
                0x080006bc       0x3e CMakeFiles/smt32u5a5.dir/Src/lib/ST/STM32U5xx_HAL_Driver/Src/stm32u5xx_hal_cortex.c.obj
 *fill*         0x080006fa        0x2 
 .text.HAL_NVIC_SetPriorityGrouping
                0x080006fc       0x24 CMakeFiles/smt32u5a5.dir/Src/lib/ST/STM32U5xx_HAL_Driver/Src/stm32u5xx_hal_cortex.c.obj
                0x080006fc                HAL_NVIC_SetPriorityGrouping
 .text.HAL_NVIC_SetPriority
                0x08000720       0x20 CMakeFiles/smt32u5a5.dir/Src/lib/ST/STM32U5xx_HAL_Driver/Src/stm32u5xx_hal_cortex.c.obj
                0x08000720                HAL_NVIC_SetPriority
 .text.HAL_SYSTICK_Config
                0x08000740       0x20 CMakeFiles/smt32u5a5.dir/Src/lib/ST/STM32U5xx_HAL_Driver/Src/stm32u5xx_hal_cortex.c.obj
                0x08000740                HAL_SYSTICK_Config
 .text.HAL_SYSTICK_CLKSourceConfig
                0x08000760       0x7c CMakeFiles/smt32u5a5.dir/Src/lib/ST/STM32U5xx_HAL_Driver/Src/stm32u5xx_hal_cortex.c.obj
                0x08000760                HAL_SYSTICK_CLKSourceConfig
 .text.HAL_SYSTICK_GetCLKSourceConfig
                0x080007dc       0x34 CMakeFiles/smt32u5a5.dir/Src/lib/ST/STM32U5xx_HAL_Driver/Src/stm32u5xx_hal_cortex.c.obj
                0x080007dc                HAL_SYSTICK_GetCLKSourceConfig
 .text.PCD_WriteEmptyTxFifo
                0x08000810       0xd0 CMakeFiles/smt32u5a5.dir/Src/lib/ST/STM32U5xx_HAL_Driver/Src/stm32u5xx_hal_pcd.c.obj
 .text.HAL_PCD_DataOutStageCallback
                0x080008e0        0x2 CMakeFiles/smt32u5a5.dir/Src/lib/ST/STM32U5xx_HAL_Driver/Src/stm32u5xx_hal_pcd.c.obj
                0x080008e0                HAL_PCD_DataOutStageCallback
 *fill*         0x080008e2        0x2 
 .text.PCD_EP_OutXfrComplete_int
                0x080008e4      0x104 CMakeFiles/smt32u5a5.dir/Src/lib/ST/STM32U5xx_HAL_Driver/Src/stm32u5xx_hal_pcd.c.obj
 .text.HAL_PCD_DataInStageCallback
                0x080009e8        0x2 CMakeFiles/smt32u5a5.dir/Src/lib/ST/STM32U5xx_HAL_Driver/Src/stm32u5xx_hal_pcd.c.obj
                0x080009e8                HAL_PCD_DataInStageCallback
 .text.HAL_PCD_SetupStageCallback
                0x080009ea        0x2 CMakeFiles/smt32u5a5.dir/Src/lib/ST/STM32U5xx_HAL_Driver/Src/stm32u5xx_hal_pcd.c.obj
                0x080009ea                HAL_PCD_SetupStageCallback
 .text.PCD_EP_OutSetupPacket_int
                0x080009ec       0x50 CMakeFiles/smt32u5a5.dir/Src/lib/ST/STM32U5xx_HAL_Driver/Src/stm32u5xx_hal_pcd.c.obj
 .text.HAL_PCD_SOFCallback
                0x08000a3c        0x2 CMakeFiles/smt32u5a5.dir/Src/lib/ST/STM32U5xx_HAL_Driver/Src/stm32u5xx_hal_pcd.c.obj
                0x08000a3c                HAL_PCD_SOFCallback
 .text.HAL_PCD_ResetCallback
                0x08000a3e        0x2 CMakeFiles/smt32u5a5.dir/Src/lib/ST/STM32U5xx_HAL_Driver/Src/stm32u5xx_hal_pcd.c.obj
                0x08000a3e                HAL_PCD_ResetCallback
 .text.HAL_PCD_SuspendCallback
                0x08000a40        0x2 CMakeFiles/smt32u5a5.dir/Src/lib/ST/STM32U5xx_HAL_Driver/Src/stm32u5xx_hal_pcd.c.obj
                0x08000a40                HAL_PCD_SuspendCallback
 .text.HAL_PCD_ResumeCallback
                0x08000a42        0x2 CMakeFiles/smt32u5a5.dir/Src/lib/ST/STM32U5xx_HAL_Driver/Src/stm32u5xx_hal_pcd.c.obj
                0x08000a42                HAL_PCD_ResumeCallback
 .text.HAL_PCD_ISOOUTIncompleteCallback
                0x08000a44        0x2 CMakeFiles/smt32u5a5.dir/Src/lib/ST/STM32U5xx_HAL_Driver/Src/stm32u5xx_hal_pcd.c.obj
                0x08000a44                HAL_PCD_ISOOUTIncompleteCallback
 .text.HAL_PCD_ISOINIncompleteCallback
                0x08000a46        0x2 CMakeFiles/smt32u5a5.dir/Src/lib/ST/STM32U5xx_HAL_Driver/Src/stm32u5xx_hal_pcd.c.obj
                0x08000a46                HAL_PCD_ISOINIncompleteCallback
 .text.HAL_PCD_ConnectCallback
                0x08000a48        0x2 CMakeFiles/smt32u5a5.dir/Src/lib/ST/STM32U5xx_HAL_Driver/Src/stm32u5xx_hal_pcd.c.obj
                0x08000a48                HAL_PCD_ConnectCallback
 .text.HAL_PCD_DisconnectCallback
                0x08000a4a        0x2 CMakeFiles/smt32u5a5.dir/Src/lib/ST/STM32U5xx_HAL_Driver/Src/stm32u5xx_hal_pcd.c.obj
                0x08000a4a                HAL_PCD_DisconnectCallback
 .text.HAL_PCD_EP_Abort
                0x08000a4c       0x34 CMakeFiles/smt32u5a5.dir/Src/lib/ST/STM32U5xx_HAL_Driver/Src/stm32u5xx_hal_pcd.c.obj
                0x08000a4c                HAL_PCD_EP_Abort
 .text.HAL_PCD_IRQHandler
                0x08000a80      0x5fe CMakeFiles/smt32u5a5.dir/Src/lib/ST/STM32U5xx_HAL_Driver/Src/stm32u5xx_hal_pcd.c.obj
                0x08000a80                HAL_PCD_IRQHandler
 .text.HAL_PCDEx_LPM_Callback
                0x0800107e        0x2 CMakeFiles/smt32u5a5.dir/Src/lib/ST/STM32U5xx_HAL_Driver/Src/stm32u5xx_hal_pcd_ex.c.obj
                0x0800107e                HAL_PCDEx_LPM_Callback
 .text.HAL_PWREx_ControlVoltageScaling
                0x08001080       0xa0 CMakeFiles/smt32u5a5.dir/Src/lib/ST/STM32U5xx_HAL_Driver/Src/stm32u5xx_hal_pwr_ex.c.obj
                0x08001080                HAL_PWREx_ControlVoltageScaling
 .text.HAL_PWREx_GetVoltageRange
                0x08001120       0x10 CMakeFiles/smt32u5a5.dir/Src/lib/ST/STM32U5xx_HAL_Driver/Src/stm32u5xx_hal_pwr_ex.c.obj
                0x08001120                HAL_PWREx_GetVoltageRange
 .text.HAL_PWREx_ConfigSupply
                0x08001130       0x6c CMakeFiles/smt32u5a5.dir/Src/lib/ST/STM32U5xx_HAL_Driver/Src/stm32u5xx_hal_pwr_ex.c.obj
                0x08001130                HAL_PWREx_ConfigSupply
 .text.HAL_PWREx_EnableVddUSB
                0x0800119c       0x10 CMakeFiles/smt32u5a5.dir/Src/lib/ST/STM32U5xx_HAL_Driver/Src/stm32u5xx_hal_pwr_ex.c.obj
                0x0800119c                HAL_PWREx_EnableVddUSB
 .text.HAL_PWREx_EnableVddIO2
                0x080011ac       0x10 CMakeFiles/smt32u5a5.dir/Src/lib/ST/STM32U5xx_HAL_Driver/Src/stm32u5xx_hal_pwr_ex.c.obj
                0x080011ac                HAL_PWREx_EnableVddIO2
 .text.HAL_PWREx_DisableUCPDDeadBattery
                0x080011bc       0x10 CMakeFiles/smt32u5a5.dir/Src/lib/ST/STM32U5xx_HAL_Driver/Src/stm32u5xx_hal_pwr_ex.c.obj
                0x080011bc                HAL_PWREx_DisableUCPDDeadBattery
 .text.RCC_SetFlashLatencyFromMSIRange
                0x080011cc       0xc4 CMakeFiles/smt32u5a5.dir/Src/lib/ST/STM32U5xx_HAL_Driver/Src/stm32u5xx_hal_rcc.c.obj
 .text.HAL_RCC_GetSysClockFreq
                0x08001290      0x17c CMakeFiles/smt32u5a5.dir/Src/lib/ST/STM32U5xx_HAL_Driver/Src/stm32u5xx_hal_rcc.c.obj
                0x08001290                HAL_RCC_GetSysClockFreq
 .text.HAL_RCC_ClockConfig
                0x0800140c      0x30c CMakeFiles/smt32u5a5.dir/Src/lib/ST/STM32U5xx_HAL_Driver/Src/stm32u5xx_hal_rcc.c.obj
                0x0800140c                HAL_RCC_ClockConfig
 .text.HAL_RCC_GetHCLKFreq
                0x08001718       0x28 CMakeFiles/smt32u5a5.dir/Src/lib/ST/STM32U5xx_HAL_Driver/Src/stm32u5xx_hal_rcc.c.obj
                0x08001718                HAL_RCC_GetHCLKFreq
 .text.HAL_RCC_OscConfig
                0x08001740      0xaa0 CMakeFiles/smt32u5a5.dir/Src/lib/ST/STM32U5xx_HAL_Driver/Src/stm32u5xx_hal_rcc.c.obj
                0x08001740                HAL_RCC_OscConfig
 .text.USB_SetTurnaroundTime
                0x080021e0       0xe4 CMakeFiles/smt32u5a5.dir/Src/lib/ST/STM32U5xx_HAL_Driver/Src/stm32u5xx_ll_usb.c.obj
                0x080021e0                USB_SetTurnaroundTime
 .text.USB_FlushTxFifo
                0x080022c4       0x4a CMakeFiles/smt32u5a5.dir/Src/lib/ST/STM32U5xx_HAL_Driver/Src/stm32u5xx_ll_usb.c.obj
                0x080022c4                USB_FlushTxFifo
 .text.USB_GetDevSpeed
                0x0800230e       0x22 CMakeFiles/smt32u5a5.dir/Src/lib/ST/STM32U5xx_HAL_Driver/Src/stm32u5xx_ll_usb.c.obj
                0x0800230e                USB_GetDevSpeed
 .text.USB_EPStopXfer
                0x08002330       0xbe CMakeFiles/smt32u5a5.dir/Src/lib/ST/STM32U5xx_HAL_Driver/Src/stm32u5xx_ll_usb.c.obj
                0x08002330                USB_EPStopXfer
 .text.USB_WritePacket
                0x080023ee       0x2e CMakeFiles/smt32u5a5.dir/Src/lib/ST/STM32U5xx_HAL_Driver/Src/stm32u5xx_ll_usb.c.obj
                0x080023ee                USB_WritePacket
 .text.USB_ReadPacket
                0x0800241c       0x46 CMakeFiles/smt32u5a5.dir/Src/lib/ST/STM32U5xx_HAL_Driver/Src/stm32u5xx_ll_usb.c.obj
                0x0800241c                USB_ReadPacket
 .text.USB_ReadInterrupts
                0x08002462        0x8 CMakeFiles/smt32u5a5.dir/Src/lib/ST/STM32U5xx_HAL_Driver/Src/stm32u5xx_ll_usb.c.obj
                0x08002462                USB_ReadInterrupts
 .text.USB_ReadDevAllOutEpInterrupt
                0x0800246a       0x10 CMakeFiles/smt32u5a5.dir/Src/lib/ST/STM32U5xx_HAL_Driver/Src/stm32u5xx_ll_usb.c.obj
                0x0800246a                USB_ReadDevAllOutEpInterrupt
 .text.USB_ReadDevAllInEpInterrupt
                0x0800247a       0x10 CMakeFiles/smt32u5a5.dir/Src/lib/ST/STM32U5xx_HAL_Driver/Src/stm32u5xx_ll_usb.c.obj
                0x0800247a                USB_ReadDevAllInEpInterrupt
 .text.USB_ReadDevOutEPInterrupt
                0x0800248a       0x12 CMakeFiles/smt32u5a5.dir/Src/lib/ST/STM32U5xx_HAL_Driver/Src/stm32u5xx_ll_usb.c.obj
                0x0800248a                USB_ReadDevOutEPInterrupt
 .text.USB_ReadDevInEPInterrupt
                0x0800249c       0x24 CMakeFiles/smt32u5a5.dir/Src/lib/ST/STM32U5xx_HAL_Driver/Src/stm32u5xx_ll_usb.c.obj
                0x0800249c                USB_ReadDevInEPInterrupt
 .text.USB_GetMode
                0x080024c0        0x8 CMakeFiles/smt32u5a5.dir/Src/lib/ST/STM32U5xx_HAL_Driver/Src/stm32u5xx_ll_usb.c.obj
                0x080024c0                USB_GetMode
 .text.USB_ActivateSetup
                0x080024c8       0x20 CMakeFiles/smt32u5a5.dir/Src/lib/ST/STM32U5xx_HAL_Driver/Src/stm32u5xx_ll_usb.c.obj
                0x080024c8                USB_ActivateSetup
 .text.USB_EP0_OutStart
                0x080024e8       0x60 CMakeFiles/smt32u5a5.dir/Src/lib/ST/STM32U5xx_HAL_Driver/Src/stm32u5xx_ll_usb.c.obj
                0x080024e8                USB_EP0_OutStart
 .text.SystemInit
                0x08002548       0x44 CMakeFiles/smt32u5a5.dir/Src/system_stm32u5xx.c.obj
                0x08002548                SystemInit
 *(.glue_7)
 .glue_7        0x0800258c        0x0 linker stubs
 *(.glue_7t)
 .glue_7t       0x0800258c        0x0 linker stubs
 *(.eh_frame)
 .eh_frame      0x0800258c        0x0 /opt/ST/STM32CubeCLT_1.17.0/GNU-tools-for-STM32/bin/../lib/gcc/arm-none-eabi/12.3.1/thumb/v8-m.main+fp/hard/crtbegin.o
 *(.init)
 .init          0x0800258c        0x4 /opt/ST/STM32CubeCLT_1.17.0/GNU-tools-for-STM32/bin/../lib/gcc/arm-none-eabi/12.3.1/thumb/v8-m.main+fp/hard/crti.o
                0x0800258c                _init
 .init          0x08002590        0x8 /opt/ST/STM32CubeCLT_1.17.0/GNU-tools-for-STM32/bin/../lib/gcc/arm-none-eabi/12.3.1/thumb/v8-m.main+fp/hard/crtn.o
 *(.fini)
 .fini          0x08002598        0x4 /opt/ST/STM32CubeCLT_1.17.0/GNU-tools-for-STM32/bin/../lib/gcc/arm-none-eabi/12.3.1/thumb/v8-m.main+fp/hard/crti.o
                0x08002598                _fini
 .fini          0x0800259c        0x8 /opt/ST/STM32CubeCLT_1.17.0/GNU-tools-for-STM32/bin/../lib/gcc/arm-none-eabi/12.3.1/thumb/v8-m.main+fp/hard/crtn.o
                0x080025a4                        . = ALIGN (0x4)
                0x080025a4                        _etext = .

.vfp11_veneer   0x080025a4        0x0
 .vfp11_veneer  0x080025a4        0x0 linker stubs

.v4_bx          0x080025a4        0x0
 .v4_bx         0x080025a4        0x0 linker stubs

.iplt           0x080025a4        0x0
 .iplt          0x080025a4        0x0 /opt/ST/STM32CubeCLT_1.17.0/GNU-tools-for-STM32/bin/../lib/gcc/arm-none-eabi/12.3.1/thumb/v8-m.main+fp/hard/crtbegin.o

.rodata         0x080025a4       0x50
                0x080025a4                        . = ALIGN (0x4)
 *(.rodata)
 *(.rodata*)
 .rodata.MSIRangeTable
                0x080025a4       0x40 CMakeFiles/smt32u5a5.dir/Src/system_stm32u5xx.c.obj
                0x080025a4                MSIRangeTable
 .rodata.AHBPrescTable
                0x080025e4       0x10 CMakeFiles/smt32u5a5.dir/Src/system_stm32u5xx.c.obj
                0x080025e4                AHBPrescTable
                0x080025f4                        . = ALIGN (0x4)

.ARM.extab      0x080025f4        0x0
                0x080025f4                        . = ALIGN (0x4)
 *(.ARM.extab* .gnu.linkonce.armextab.*)
                0x080025f4                        . = ALIGN (0x4)

.ARM            0x080025f4        0x0
                0x080025f4                        . = ALIGN (0x4)
                0x080025f4                        __exidx_start = .
 *(.ARM.exidx*)
                0x080025f4                        __exidx_end = .
                0x080025f4                        . = ALIGN (0x4)

.preinit_array  0x080025f4        0x0
                0x080025f4                        . = ALIGN (0x4)
                0x080025f4                        PROVIDE (__preinit_array_start = .)
 *(.preinit_array*)
                0x080025f4                        PROVIDE (__preinit_array_end = .)
                0x080025f4                        . = ALIGN (0x4)

.init_array     0x080025f4        0x8
                0x080025f4                        . = ALIGN (0x4)
                0x080025f4                        PROVIDE (__init_array_start = .)
 *(SORT_BY_NAME(.init_array.*))
 .init_array.00000
                0x080025f4        0x4 /opt/ST/STM32CubeCLT_1.17.0/GNU-tools-for-STM32/bin/../lib/gcc/arm-none-eabi/12.3.1/../../../../arm-none-eabi/lib/thumb/v8-m.main+fp/hard/libc.a(libc_a-__call_atexit.o)
 *(.init_array*)
 .init_array    0x080025f8        0x4 /opt/ST/STM32CubeCLT_1.17.0/GNU-tools-for-STM32/bin/../lib/gcc/arm-none-eabi/12.3.1/thumb/v8-m.main+fp/hard/crtbegin.o
                0x080025fc                        PROVIDE (__init_array_end = .)
                0x080025fc                        . = ALIGN (0x4)

.fini_array     0x080025fc        0x4
                0x080025fc                        . = ALIGN (0x4)
                0x080025fc                        PROVIDE (__fini_array_start = .)
 *(SORT_BY_NAME(.fini_array.*))
 *(.fini_array*)
 .fini_array    0x080025fc        0x4 /opt/ST/STM32CubeCLT_1.17.0/GNU-tools-for-STM32/bin/../lib/gcc/arm-none-eabi/12.3.1/thumb/v8-m.main+fp/hard/crtbegin.o
                0x08002600                        PROVIDE (__fini_array_end = .)
                0x08002600                        . = ALIGN (0x4)
                0x08002600                        _sidata = LOADADDR (.data)

.rel.dyn        0x08002600        0x0
 .rel.iplt      0x08002600        0x0 /opt/ST/STM32CubeCLT_1.17.0/GNU-tools-for-STM32/bin/../lib/gcc/arm-none-eabi/12.3.1/thumb/v8-m.main+fp/hard/crtbegin.o

.data           0x20000000       0x10 load address 0x08002600
                0x20000000                        . = ALIGN (0x4)
                0x20000000                        _sdata = .
 *(.data)
 *(.data*)
 .data.__atexit_recursive_mutex
                0x20000000        0x4 /opt/ST/STM32CubeCLT_1.17.0/GNU-tools-for-STM32/bin/../lib/gcc/arm-none-eabi/12.3.1/../../../../arm-none-eabi/lib/thumb/v8-m.main+fp/hard/libc.a(libc_a-__call_atexit.o)
                0x20000000                __atexit_recursive_mutex
 .data.uwTickFreq
                0x20000004        0x1 CMakeFiles/smt32u5a5.dir/Src/lib/ST/STM32U5xx_HAL_Driver/Src/stm32u5xx_hal.c.obj
                0x20000004                uwTickFreq
 *fill*         0x20000005        0x3 
 .data.uwTickPrio
                0x20000008        0x4 CMakeFiles/smt32u5a5.dir/Src/lib/ST/STM32U5xx_HAL_Driver/Src/stm32u5xx_hal.c.obj
                0x20000008                uwTickPrio
 .data.SystemCoreClock
                0x2000000c        0x4 CMakeFiles/smt32u5a5.dir/Src/system_stm32u5xx.c.obj
                0x2000000c                SystemCoreClock
 *(.RamFunc)
 *(.RamFunc*)
                0x20000010                        . = ALIGN (0x4)
                0x20000010                        _edata = .

.igot.plt       0x20000010        0x0 load address 0x08002610
 .igot.plt      0x20000010        0x0 /opt/ST/STM32CubeCLT_1.17.0/GNU-tools-for-STM32/bin/../lib/gcc/arm-none-eabi/12.3.1/thumb/v8-m.main+fp/hard/crtbegin.o
                0x20000010                        . = ALIGN (0x4)

.bss            0x20000010      0x69c load address 0x08002610
                0x20000010                        _sbss = .
                0x20000010                        __bss_start__ = _sbss
 *(.bss)
 .bss           0x20000010       0x1c /opt/ST/STM32CubeCLT_1.17.0/GNU-tools-for-STM32/bin/../lib/gcc/arm-none-eabi/12.3.1/thumb/v8-m.main+fp/hard/crtbegin.o
 *(.bss*)
 .bss.__lock___atexit_recursive_mutex
                0x2000002c        0x1 /opt/ST/STM32CubeCLT_1.17.0/GNU-tools-for-STM32/bin/../lib/gcc/arm-none-eabi/12.3.1/../../../../arm-none-eabi/lib/thumb/v8-m.main+fp/hard/libc.a(libc_a-lock.o)
                0x2000002c                __lock___atexit_recursive_mutex
 *fill*         0x2000002d        0x3 
 .bss.__atexit  0x20000030        0x4 /opt/ST/STM32CubeCLT_1.17.0/GNU-tools-for-STM32/bin/../lib/gcc/arm-none-eabi/12.3.1/../../../../arm-none-eabi/lib/thumb/v8-m.main+fp/hard/libc.a(libc_a-__call_atexit.o)
                0x20000030                __atexit
 .bss.__atexit0
                0x20000034      0x190 /opt/ST/STM32CubeCLT_1.17.0/GNU-tools-for-STM32/bin/../lib/gcc/arm-none-eabi/12.3.1/../../../../arm-none-eabi/lib/thumb/v8-m.main+fp/hard/libc.a(libc_a-__atexit.o)
                0x20000034                __atexit0
 .bss.hpcd_USB_OTG_HS
                0x200001c4      0x4e4 CMakeFiles/smt32u5a5.dir/Src/bsp/bsp.c.obj
                0x200001c4                hpcd_USB_OTG_HS
 .bss.uwTick    0x200006a8        0x4 CMakeFiles/smt32u5a5.dir/Src/lib/ST/STM32U5xx_HAL_Driver/Src/stm32u5xx_hal.c.obj
                0x200006a8                uwTick
 *(COMMON)
                0x200006ac                        . = ALIGN (0x4)
                0x200006ac                        _ebss = .
                0x200006ac                        __bss_end__ = _ebss

._user_heap_stack
                0x200006ac      0x604 load address 0x08002610
                0x200006b0                        . = ALIGN (0x8)
 *fill*         0x200006ac        0x4 
                [!provide]                        PROVIDE (end = .)
                0x200006b0                        PROVIDE (_end = .)
                0x200008b0                        . = (. + _Min_Heap_Size)
 *fill*         0x200006b0      0x200 
                0x20000cb0                        . = (. + _Min_Stack_Size)
 *fill*         0x200008b0      0x400 
                0x20000cb0                        . = ALIGN (0x8)

/DISCARD/
 libc.a(*)
 libm.a(*)
 libgcc.a(*)

.ARM.attributes
                0x00000000       0x36
 *(.ARM.attributes)
 .ARM.attributes
                0x00000000       0x26 /opt/ST/STM32CubeCLT_1.17.0/GNU-tools-for-STM32/bin/../lib/gcc/arm-none-eabi/12.3.1/thumb/v8-m.main+fp/hard/crti.o
 .ARM.attributes
                0x00000026       0x38 /opt/ST/STM32CubeCLT_1.17.0/GNU-tools-for-STM32/bin/../lib/gcc/arm-none-eabi/12.3.1/thumb/v8-m.main+fp/hard/crtbegin.o
 .ARM.attributes
                0x0000005e       0x38 /opt/ST/STM32CubeCLT_1.17.0/GNU-tools-for-STM32/bin/../lib/gcc/arm-none-eabi/12.3.1/../../../../arm-none-eabi/lib/thumb/v8-m.main+fp/hard/libc.a(libc_a-memset.o)
 .ARM.attributes
                0x00000096       0x38 /opt/ST/STM32CubeCLT_1.17.0/GNU-tools-for-STM32/bin/../lib/gcc/arm-none-eabi/12.3.1/../../../../arm-none-eabi/lib/thumb/v8-m.main+fp/hard/libc.a(libc_a-init.o)
 .ARM.attributes
                0x000000ce       0x38 /opt/ST/STM32CubeCLT_1.17.0/GNU-tools-for-STM32/bin/../lib/gcc/arm-none-eabi/12.3.1/../../../../arm-none-eabi/lib/thumb/v8-m.main+fp/hard/libc.a(libc_a-lock.o)
 .ARM.attributes
                0x00000106       0x38 /opt/ST/STM32CubeCLT_1.17.0/GNU-tools-for-STM32/bin/../lib/gcc/arm-none-eabi/12.3.1/../../../../arm-none-eabi/lib/thumb/v8-m.main+fp/hard/libc.a(libc_a-__call_atexit.o)
 .ARM.attributes
                0x0000013e       0x38 /opt/ST/STM32CubeCLT_1.17.0/GNU-tools-for-STM32/bin/../lib/gcc/arm-none-eabi/12.3.1/../../../../arm-none-eabi/lib/thumb/v8-m.main+fp/hard/libc.a(libc_a-atexit.o)
 .ARM.attributes
                0x00000176       0x38 /opt/ST/STM32CubeCLT_1.17.0/GNU-tools-for-STM32/bin/../lib/gcc/arm-none-eabi/12.3.1/../../../../arm-none-eabi/lib/thumb/v8-m.main+fp/hard/libc.a(libc_a-fini.o)
 .ARM.attributes
                0x000001ae       0x38 /opt/ST/STM32CubeCLT_1.17.0/GNU-tools-for-STM32/bin/../lib/gcc/arm-none-eabi/12.3.1/../../../../arm-none-eabi/lib/thumb/v8-m.main+fp/hard/libc.a(libc_a-__atexit.o)
 .ARM.attributes
                0x000001e6       0x3a CMakeFiles/smt32u5a5.dir/Src/main.c.obj
 .ARM.attributes
                0x00000220       0x24 CMakeFiles/smt32u5a5.dir/Startup/startup_stm32u5a5zjtxq.s.obj
 .ARM.attributes
                0x00000244       0x3a CMakeFiles/smt32u5a5.dir/Src/bsp/bsp.c.obj
 .ARM.attributes
                0x0000027e       0x3a CMakeFiles/smt32u5a5.dir/Src/hw/driver/stm32u5xx_hal_msp.c.obj
 .ARM.attributes
                0x000002b8       0x3a CMakeFiles/smt32u5a5.dir/Src/hw/driver/stm32u5xx_it.c.obj
 .ARM.attributes
                0x000002f2       0x3a CMakeFiles/smt32u5a5.dir/Src/hw/hw.c.obj
 .ARM.attributes
                0x0000032c       0x3a CMakeFiles/smt32u5a5.dir/Src/lib/ST/STM32U5xx_HAL_Driver/Src/stm32u5xx_hal.c.obj
 .ARM.attributes
                0x00000366       0x3a CMakeFiles/smt32u5a5.dir/Src/lib/ST/STM32U5xx_HAL_Driver/Src/stm32u5xx_hal_cortex.c.obj
 .ARM.attributes
                0x000003a0       0x3a CMakeFiles/smt32u5a5.dir/Src/lib/ST/STM32U5xx_HAL_Driver/Src/stm32u5xx_hal_pcd.c.obj
 .ARM.attributes
                0x000003da       0x3a CMakeFiles/smt32u5a5.dir/Src/lib/ST/STM32U5xx_HAL_Driver/Src/stm32u5xx_hal_pcd_ex.c.obj
 .ARM.attributes
                0x00000414       0x3a CMakeFiles/smt32u5a5.dir/Src/lib/ST/STM32U5xx_HAL_Driver/Src/stm32u5xx_hal_pwr_ex.c.obj
 .ARM.attributes
                0x0000044e       0x3a CMakeFiles/smt32u5a5.dir/Src/lib/ST/STM32U5xx_HAL_Driver/Src/stm32u5xx_hal_rcc.c.obj
 .ARM.attributes
                0x00000488       0x3a CMakeFiles/smt32u5a5.dir/Src/lib/ST/STM32U5xx_HAL_Driver/Src/stm32u5xx_ll_usb.c.obj
 .ARM.attributes
                0x000004c2       0x3a CMakeFiles/smt32u5a5.dir/Src/system_stm32u5xx.c.obj
 .ARM.attributes
                0x000004fc       0x26 /opt/ST/STM32CubeCLT_1.17.0/GNU-tools-for-STM32/bin/../lib/gcc/arm-none-eabi/12.3.1/thumb/v8-m.main+fp/hard/crtn.o
OUTPUT(smt32u5a5.elf elf32-littlearm)
LOAD linker stubs
LOAD /opt/ST/STM32CubeCLT_1.17.0/GNU-tools-for-STM32/bin/../lib/gcc/arm-none-eabi/12.3.1/../../../../arm-none-eabi/lib/thumb/v8-m.main+fp/hard/libc.a
LOAD /opt/ST/STM32CubeCLT_1.17.0/GNU-tools-for-STM32/bin/../lib/gcc/arm-none-eabi/12.3.1/../../../../arm-none-eabi/lib/thumb/v8-m.main+fp/hard/libm.a
LOAD /opt/ST/STM32CubeCLT_1.17.0/GNU-tools-for-STM32/bin/../lib/gcc/arm-none-eabi/12.3.1/thumb/v8-m.main+fp/hard/libgcc.a

.debug_frame    0x00000000     0x19b0
 .debug_frame   0x00000000       0x20 /opt/ST/STM32CubeCLT_1.17.0/GNU-tools-for-STM32/bin/../lib/gcc/arm-none-eabi/12.3.1/../../../../arm-none-eabi/lib/thumb/v8-m.main+fp/hard/libc.a(libc_a-memset.o)
 .debug_frame   0x00000020       0x2c /opt/ST/STM32CubeCLT_1.17.0/GNU-tools-for-STM32/bin/../lib/gcc/arm-none-eabi/12.3.1/../../../../arm-none-eabi/lib/thumb/v8-m.main+fp/hard/libc.a(libc_a-init.o)
 .debug_frame   0x0000004c       0xb0 /opt/ST/STM32CubeCLT_1.17.0/GNU-tools-for-STM32/bin/../lib/gcc/arm-none-eabi/12.3.1/../../../../arm-none-eabi/lib/thumb/v8-m.main+fp/hard/libc.a(libc_a-lock.o)
 .debug_frame   0x000000fc       0x58 /opt/ST/STM32CubeCLT_1.17.0/GNU-tools-for-STM32/bin/../lib/gcc/arm-none-eabi/12.3.1/../../../../arm-none-eabi/lib/thumb/v8-m.main+fp/hard/libc.a(libc_a-__call_atexit.o)
 .debug_frame   0x00000154       0x20 /opt/ST/STM32CubeCLT_1.17.0/GNU-tools-for-STM32/bin/../lib/gcc/arm-none-eabi/12.3.1/../../../../arm-none-eabi/lib/thumb/v8-m.main+fp/hard/libc.a(libc_a-atexit.o)
 .debug_frame   0x00000174       0x38 /opt/ST/STM32CubeCLT_1.17.0/GNU-tools-for-STM32/bin/../lib/gcc/arm-none-eabi/12.3.1/../../../../arm-none-eabi/lib/thumb/v8-m.main+fp/hard/libc.a(libc_a-fini.o)
 .debug_frame   0x000001ac       0x34 /opt/ST/STM32CubeCLT_1.17.0/GNU-tools-for-STM32/bin/../lib/gcc/arm-none-eabi/12.3.1/../../../../arm-none-eabi/lib/thumb/v8-m.main+fp/hard/libc.a(libc_a-__atexit.o)
 .debug_frame   0x000001e0       0x28 CMakeFiles/smt32u5a5.dir/Src/main.c.obj
 .debug_frame   0x00000208       0xa0 CMakeFiles/smt32u5a5.dir/Src/bsp/bsp.c.obj
 .debug_frame   0x000002a8       0xd0 CMakeFiles/smt32u5a5.dir/Src/hw/driver/stm32u5xx_hal_msp.c.obj
 .debug_frame   0x00000378       0xf0 CMakeFiles/smt32u5a5.dir/Src/hw/driver/stm32u5xx_it.c.obj
 .debug_frame   0x00000468       0x28 CMakeFiles/smt32u5a5.dir/Src/hw/hw.c.obj
 .debug_frame   0x00000490      0x368 CMakeFiles/smt32u5a5.dir/Src/lib/ST/STM32U5xx_HAL_Driver/Src/stm32u5xx_hal.c.obj
 .debug_frame   0x000007f8      0x254 CMakeFiles/smt32u5a5.dir/Src/lib/ST/STM32U5xx_HAL_Driver/Src/stm32u5xx_hal_cortex.c.obj
 .debug_frame   0x00000a4c      0x378 CMakeFiles/smt32u5a5.dir/Src/lib/ST/STM32U5xx_HAL_Driver/Src/stm32u5xx_hal_pcd.c.obj
 .debug_frame   0x00000dc4       0xb8 CMakeFiles/smt32u5a5.dir/Src/lib/ST/STM32U5xx_HAL_Driver/Src/stm32u5xx_hal_pcd_ex.c.obj
 .debug_frame   0x00000e7c      0x460 CMakeFiles/smt32u5a5.dir/Src/lib/ST/STM32U5xx_HAL_Driver/Src/stm32u5xx_hal_pwr_ex.c.obj
 .debug_frame   0x000012dc      0x204 CMakeFiles/smt32u5a5.dir/Src/lib/ST/STM32U5xx_HAL_Driver/Src/stm32u5xx_hal_rcc.c.obj
 .debug_frame   0x000014e0      0x494 CMakeFiles/smt32u5a5.dir/Src/lib/ST/STM32U5xx_HAL_Driver/Src/stm32u5xx_ll_usb.c.obj
 .debug_frame   0x00001974       0x3c CMakeFiles/smt32u5a5.dir/Src/system_stm32u5xx.c.obj

.debug_info     0x00000000     0xe9f7
 .debug_info    0x00000000       0xd3 CMakeFiles/smt32u5a5.dir/Src/main.c.obj
 .debug_info    0x000000d3       0x30 CMakeFiles/smt32u5a5.dir/Startup/startup_stm32u5a5zjtxq.s.obj
 .debug_info    0x00000103     0x1658 CMakeFiles/smt32u5a5.dir/Src/bsp/bsp.c.obj
 .debug_info    0x0000175b     0x220f CMakeFiles/smt32u5a5.dir/Src/hw/driver/stm32u5xx_hal_msp.c.obj
 .debug_info    0x0000396a      0xb4d CMakeFiles/smt32u5a5.dir/Src/hw/driver/stm32u5xx_it.c.obj
 .debug_info    0x000044b7      0x164 CMakeFiles/smt32u5a5.dir/Src/hw/hw.c.obj
 .debug_info    0x0000461b     0x1568 CMakeFiles/smt32u5a5.dir/Src/lib/ST/STM32U5xx_HAL_Driver/Src/stm32u5xx_hal.c.obj
 .debug_info    0x00005b83     0x18ca CMakeFiles/smt32u5a5.dir/Src/lib/ST/STM32U5xx_HAL_Driver/Src/stm32u5xx_hal_cortex.c.obj
 .debug_info    0x0000744d     0x1bfa CMakeFiles/smt32u5a5.dir/Src/lib/ST/STM32U5xx_HAL_Driver/Src/stm32u5xx_hal_pcd.c.obj
 .debug_info    0x00009047      0xa0d CMakeFiles/smt32u5a5.dir/Src/lib/ST/STM32U5xx_HAL_Driver/Src/stm32u5xx_hal_pcd_ex.c.obj
 .debug_info    0x00009a54     0x1049 CMakeFiles/smt32u5a5.dir/Src/lib/ST/STM32U5xx_HAL_Driver/Src/stm32u5xx_hal_pwr_ex.c.obj
 .debug_info    0x0000aa9d     0x1688 CMakeFiles/smt32u5a5.dir/Src/lib/ST/STM32U5xx_HAL_Driver/Src/stm32u5xx_hal_rcc.c.obj
 .debug_info    0x0000c125     0x1f81 CMakeFiles/smt32u5a5.dir/Src/lib/ST/STM32U5xx_HAL_Driver/Src/stm32u5xx_ll_usb.c.obj
 .debug_info    0x0000e0a6      0x951 CMakeFiles/smt32u5a5.dir/Src/system_stm32u5xx.c.obj

.debug_abbrev   0x00000000     0x1e2c
 .debug_abbrev  0x00000000       0x66 CMakeFiles/smt32u5a5.dir/Src/main.c.obj
 .debug_abbrev  0x00000066       0x24 CMakeFiles/smt32u5a5.dir/Startup/startup_stm32u5a5zjtxq.s.obj
 .debug_abbrev  0x0000008a      0x2e5 CMakeFiles/smt32u5a5.dir/Src/bsp/bsp.c.obj
 .debug_abbrev  0x0000036f      0x2f9 CMakeFiles/smt32u5a5.dir/Src/hw/driver/stm32u5xx_hal_msp.c.obj
 .debug_abbrev  0x00000668      0x1e4 CMakeFiles/smt32u5a5.dir/Src/hw/driver/stm32u5xx_it.c.obj
 .debug_abbrev  0x0000084c       0xee CMakeFiles/smt32u5a5.dir/Src/hw/hw.c.obj
 .debug_abbrev  0x0000093a      0x2ae CMakeFiles/smt32u5a5.dir/Src/lib/ST/STM32U5xx_HAL_Driver/Src/stm32u5xx_hal.c.obj
 .debug_abbrev  0x00000be8      0x38b CMakeFiles/smt32u5a5.dir/Src/lib/ST/STM32U5xx_HAL_Driver/Src/stm32u5xx_hal_cortex.c.obj
 .debug_abbrev  0x00000f73      0x2dc CMakeFiles/smt32u5a5.dir/Src/lib/ST/STM32U5xx_HAL_Driver/Src/stm32u5xx_hal_pcd.c.obj
 .debug_abbrev  0x0000124f      0x2b4 CMakeFiles/smt32u5a5.dir/Src/lib/ST/STM32U5xx_HAL_Driver/Src/stm32u5xx_hal_pcd_ex.c.obj
 .debug_abbrev  0x00001503      0x22f CMakeFiles/smt32u5a5.dir/Src/lib/ST/STM32U5xx_HAL_Driver/Src/stm32u5xx_hal_pwr_ex.c.obj
 .debug_abbrev  0x00001732      0x2a3 CMakeFiles/smt32u5a5.dir/Src/lib/ST/STM32U5xx_HAL_Driver/Src/stm32u5xx_hal_rcc.c.obj
 .debug_abbrev  0x000019d5      0x328 CMakeFiles/smt32u5a5.dir/Src/lib/ST/STM32U5xx_HAL_Driver/Src/stm32u5xx_ll_usb.c.obj
 .debug_abbrev  0x00001cfd      0x12f CMakeFiles/smt32u5a5.dir/Src/system_stm32u5xx.c.obj

.debug_aranges  0x00000000      0xa70
 .debug_aranges
                0x00000000       0x20 CMakeFiles/smt32u5a5.dir/Src/main.c.obj
 .debug_aranges
                0x00000020       0x28 CMakeFiles/smt32u5a5.dir/Startup/startup_stm32u5a5zjtxq.s.obj
 .debug_aranges
                0x00000048       0x48 CMakeFiles/smt32u5a5.dir/Src/bsp/bsp.c.obj
 .debug_aranges
                0x00000090       0x50 CMakeFiles/smt32u5a5.dir/Src/hw/driver/stm32u5xx_hal_msp.c.obj
 .debug_aranges
                0x000000e0       0x78 CMakeFiles/smt32u5a5.dir/Src/hw/driver/stm32u5xx_it.c.obj
 .debug_aranges
                0x00000158       0x20 CMakeFiles/smt32u5a5.dir/Src/hw/hw.c.obj
 .debug_aranges
                0x00000178      0x1a8 CMakeFiles/smt32u5a5.dir/Src/lib/ST/STM32U5xx_HAL_Driver/Src/stm32u5xx_hal.c.obj
 .debug_aranges
                0x00000320      0x110 CMakeFiles/smt32u5a5.dir/Src/lib/ST/STM32U5xx_HAL_Driver/Src/stm32u5xx_hal_cortex.c.obj
 .debug_aranges
                0x00000430      0x140 CMakeFiles/smt32u5a5.dir/Src/lib/ST/STM32U5xx_HAL_Driver/Src/stm32u5xx_hal_pcd.c.obj
 .debug_aranges
                0x00000570       0x60 CMakeFiles/smt32u5a5.dir/Src/lib/ST/STM32U5xx_HAL_Driver/Src/stm32u5xx_hal_pcd_ex.c.obj
 .debug_aranges
                0x000005d0      0x230 CMakeFiles/smt32u5a5.dir/Src/lib/ST/STM32U5xx_HAL_Driver/Src/stm32u5xx_hal_pwr_ex.c.obj
 .debug_aranges
                0x00000800       0xa8 CMakeFiles/smt32u5a5.dir/Src/lib/ST/STM32U5xx_HAL_Driver/Src/stm32u5xx_hal_rcc.c.obj
 .debug_aranges
                0x000008a8      0x1a0 CMakeFiles/smt32u5a5.dir/Src/lib/ST/STM32U5xx_HAL_Driver/Src/stm32u5xx_ll_usb.c.obj
 .debug_aranges
                0x00000a48       0x28 CMakeFiles/smt32u5a5.dir/Src/system_stm32u5xx.c.obj

.debug_rnglists
                0x00000000      0x827
 .debug_rnglists
                0x00000000       0x13 CMakeFiles/smt32u5a5.dir/Src/main.c.obj
 .debug_rnglists
                0x00000013       0x19 CMakeFiles/smt32u5a5.dir/Startup/startup_stm32u5a5zjtxq.s.obj
 .debug_rnglists
                0x0000002c       0x32 CMakeFiles/smt32u5a5.dir/Src/bsp/bsp.c.obj
 .debug_rnglists
                0x0000005e       0x39 CMakeFiles/smt32u5a5.dir/Src/hw/driver/stm32u5xx_hal_msp.c.obj
 .debug_rnglists
                0x00000097       0x55 CMakeFiles/smt32u5a5.dir/Src/hw/driver/stm32u5xx_it.c.obj
 .debug_rnglists
                0x000000ec       0x13 CMakeFiles/smt32u5a5.dir/Src/hw/hw.c.obj
 .debug_rnglists
                0x000000ff      0x13a CMakeFiles/smt32u5a5.dir/Src/lib/ST/STM32U5xx_HAL_Driver/Src/stm32u5xx_hal.c.obj
 .debug_rnglists
                0x00000239       0xc7 CMakeFiles/smt32u5a5.dir/Src/lib/ST/STM32U5xx_HAL_Driver/Src/stm32u5xx_hal_cortex.c.obj
 .debug_rnglists
                0x00000300       0xf1 CMakeFiles/smt32u5a5.dir/Src/lib/ST/STM32U5xx_HAL_Driver/Src/stm32u5xx_hal_pcd.c.obj
 .debug_rnglists
                0x000003f1       0x44 CMakeFiles/smt32u5a5.dir/Src/lib/ST/STM32U5xx_HAL_Driver/Src/stm32u5xx_hal_pcd_ex.c.obj
 .debug_rnglists
                0x00000435      0x1a9 CMakeFiles/smt32u5a5.dir/Src/lib/ST/STM32U5xx_HAL_Driver/Src/stm32u5xx_hal_pwr_ex.c.obj
 .debug_rnglists
                0x000005de       0xef CMakeFiles/smt32u5a5.dir/Src/lib/ST/STM32U5xx_HAL_Driver/Src/stm32u5xx_hal_rcc.c.obj
 .debug_rnglists
                0x000006cd      0x140 CMakeFiles/smt32u5a5.dir/Src/lib/ST/STM32U5xx_HAL_Driver/Src/stm32u5xx_ll_usb.c.obj
 .debug_rnglists
                0x0000080d       0x1a CMakeFiles/smt32u5a5.dir/Src/system_stm32u5xx.c.obj

.debug_macro    0x00000000    0x365fd
 .debug_macro   0x00000000      0x363 CMakeFiles/smt32u5a5.dir/Src/main.c.obj
 .debug_macro   0x00000363      0xaba CMakeFiles/smt32u5a5.dir/Src/main.c.obj
 .debug_macro   0x00000e1d       0x22 CMakeFiles/smt32u5a5.dir/Src/main.c.obj
 .debug_macro   0x00000e3f       0x8e CMakeFiles/smt32u5a5.dir/Src/main.c.obj
 .debug_macro   0x00000ecd       0x51 CMakeFiles/smt32u5a5.dir/Src/main.c.obj
 .debug_macro   0x00000f1e      0x103 CMakeFiles/smt32u5a5.dir/Src/main.c.obj
 .debug_macro   0x00001021       0x6a CMakeFiles/smt32u5a5.dir/Src/main.c.obj
 .debug_macro   0x0000108b      0x1df CMakeFiles/smt32u5a5.dir/Src/main.c.obj
 .debug_macro   0x0000126a       0x22 CMakeFiles/smt32u5a5.dir/Src/main.c.obj
 .debug_macro   0x0000128c       0x58 CMakeFiles/smt32u5a5.dir/Src/main.c.obj
 .debug_macro   0x000012e4       0x74 CMakeFiles/smt32u5a5.dir/Src/main.c.obj
 .debug_macro   0x00001358       0x2a CMakeFiles/smt32u5a5.dir/Src/main.c.obj
 .debug_macro   0x00001382       0x3c CMakeFiles/smt32u5a5.dir/Src/main.c.obj
 .debug_macro   0x000013be       0x34 CMakeFiles/smt32u5a5.dir/Src/main.c.obj
 .debug_macro   0x000013f2      0x189 CMakeFiles/smt32u5a5.dir/Src/main.c.obj
 .debug_macro   0x0000157b       0x16 CMakeFiles/smt32u5a5.dir/Src/main.c.obj
 .debug_macro   0x00001591       0x43 CMakeFiles/smt32u5a5.dir/Src/main.c.obj
 .debug_macro   0x000015d4       0x34 CMakeFiles/smt32u5a5.dir/Src/main.c.obj
 .debug_macro   0x00001608       0x10 CMakeFiles/smt32u5a5.dir/Src/main.c.obj
 .debug_macro   0x00001618       0x58 CMakeFiles/smt32u5a5.dir/Src/main.c.obj
 .debug_macro   0x00001670      0x1de CMakeFiles/smt32u5a5.dir/Src/main.c.obj
 .debug_macro   0x0000184e      0x369 CMakeFiles/smt32u5a5.dir/Src/main.c.obj
 .debug_macro   0x00001bb7       0x10 CMakeFiles/smt32u5a5.dir/Src/main.c.obj
 .debug_macro   0x00001bc7       0x35 CMakeFiles/smt32u5a5.dir/Src/main.c.obj
 .debug_macro   0x00001bfc       0x20 CMakeFiles/smt32u5a5.dir/Src/main.c.obj
 .debug_macro   0x00001c1c       0x16 CMakeFiles/smt32u5a5.dir/Src/main.c.obj
 .debug_macro   0x00001c32       0x16 CMakeFiles/smt32u5a5.dir/Src/main.c.obj
 .debug_macro   0x00001c48       0x29 CMakeFiles/smt32u5a5.dir/Src/main.c.obj
 .debug_macro   0x00001c71       0x1c CMakeFiles/smt32u5a5.dir/Src/main.c.obj
 .debug_macro   0x00001c8d       0x1c CMakeFiles/smt32u5a5.dir/Src/main.c.obj
 .debug_macro   0x00001ca9       0x16 CMakeFiles/smt32u5a5.dir/Src/main.c.obj
 .debug_macro   0x00001cbf      0x170 CMakeFiles/smt32u5a5.dir/Src/main.c.obj
 .debug_macro   0x00001e2f       0x88 CMakeFiles/smt32u5a5.dir/Src/main.c.obj
 .debug_macro   0x00001eb7      0x207 CMakeFiles/smt32u5a5.dir/Src/main.c.obj
 .debug_macro   0x000020be       0x2e CMakeFiles/smt32u5a5.dir/Src/main.c.obj
 .debug_macro   0x000020ec       0x42 CMakeFiles/smt32u5a5.dir/Src/main.c.obj
 .debug_macro   0x0000212e       0x1c CMakeFiles/smt32u5a5.dir/Src/main.c.obj
 .debug_macro   0x0000214a       0x29 CMakeFiles/smt32u5a5.dir/Src/main.c.obj
 .debug_macro   0x00002173       0xfb CMakeFiles/smt32u5a5.dir/Src/main.c.obj
 .debug_macro   0x0000226e     0x1685 CMakeFiles/smt32u5a5.dir/Src/main.c.obj
 .debug_macro   0x000038f3       0x5e CMakeFiles/smt32u5a5.dir/Src/main.c.obj
 .debug_macro   0x00003951    0x260c6 CMakeFiles/smt32u5a5.dir/Src/main.c.obj
 .debug_macro   0x00029a17       0x6d CMakeFiles/smt32u5a5.dir/Src/main.c.obj
 .debug_macro   0x00029a84     0x393e CMakeFiles/smt32u5a5.dir/Src/main.c.obj
 .debug_macro   0x0002d3c2      0x19b CMakeFiles/smt32u5a5.dir/Src/main.c.obj
 .debug_macro   0x0002d55d       0x5d CMakeFiles/smt32u5a5.dir/Src/main.c.obj
 .debug_macro   0x0002d5ba     0x1d23 CMakeFiles/smt32u5a5.dir/Src/main.c.obj
 .debug_macro   0x0002f2dd      0x8f4 CMakeFiles/smt32u5a5.dir/Src/main.c.obj
 .debug_macro   0x0002fbd1      0x166 CMakeFiles/smt32u5a5.dir/Src/main.c.obj
 .debug_macro   0x0002fd37      0x2d8 CMakeFiles/smt32u5a5.dir/Src/main.c.obj
 .debug_macro   0x0003000f       0xc9 CMakeFiles/smt32u5a5.dir/Src/main.c.obj
 .debug_macro   0x000300d8      0x5eb CMakeFiles/smt32u5a5.dir/Src/main.c.obj
 .debug_macro   0x000306c3      0x463 CMakeFiles/smt32u5a5.dir/Src/main.c.obj
 .debug_macro   0x00030b26       0xd6 CMakeFiles/smt32u5a5.dir/Src/main.c.obj
 .debug_macro   0x00030bfc      0x1cd CMakeFiles/smt32u5a5.dir/Src/main.c.obj
 .debug_macro   0x00030dc9      0x432 CMakeFiles/smt32u5a5.dir/Src/main.c.obj
 .debug_macro   0x000311fb       0x95 CMakeFiles/smt32u5a5.dir/Src/main.c.obj
 .debug_macro   0x00031290      0x11c CMakeFiles/smt32u5a5.dir/Src/main.c.obj
 .debug_macro   0x000313ac      0x52c CMakeFiles/smt32u5a5.dir/Src/main.c.obj
 .debug_macro   0x000318d8      0x5d5 CMakeFiles/smt32u5a5.dir/Src/main.c.obj
 .debug_macro   0x00031ead      0xbcc CMakeFiles/smt32u5a5.dir/Src/main.c.obj
 .debug_macro   0x00032a79      0x527 CMakeFiles/smt32u5a5.dir/Src/main.c.obj
 .debug_macro   0x00032fa0      0x677 CMakeFiles/smt32u5a5.dir/Src/main.c.obj
 .debug_macro   0x00033617      0x1a1 CMakeFiles/smt32u5a5.dir/Src/main.c.obj
 .debug_macro   0x000337b8      0x293 CMakeFiles/smt32u5a5.dir/Src/main.c.obj
 .debug_macro   0x00033a4b       0x82 CMakeFiles/smt32u5a5.dir/Src/main.c.obj
 .debug_macro   0x00033acd      0x1d3 CMakeFiles/smt32u5a5.dir/Src/main.c.obj
 .debug_macro   0x00033ca0      0x448 CMakeFiles/smt32u5a5.dir/Src/main.c.obj
 .debug_macro   0x000340e8       0xe2 CMakeFiles/smt32u5a5.dir/Src/main.c.obj
 .debug_macro   0x000341ca      0x359 CMakeFiles/smt32u5a5.dir/Src/bsp/bsp.c.obj
 .debug_macro   0x00034523       0xdc CMakeFiles/smt32u5a5.dir/Src/bsp/bsp.c.obj
 .debug_macro   0x000345ff      0x363 CMakeFiles/smt32u5a5.dir/Src/hw/driver/stm32u5xx_hal_msp.c.obj
 .debug_macro   0x00034962      0x36d CMakeFiles/smt32u5a5.dir/Src/hw/driver/stm32u5xx_it.c.obj
 .debug_macro   0x00034ccf      0x35f CMakeFiles/smt32u5a5.dir/Src/hw/hw.c.obj
 .debug_macro   0x0003502e      0x2b0 CMakeFiles/smt32u5a5.dir/Src/lib/ST/STM32U5xx_HAL_Driver/Src/stm32u5xx_hal.c.obj
 .debug_macro   0x000352de      0x28c CMakeFiles/smt32u5a5.dir/Src/lib/ST/STM32U5xx_HAL_Driver/Src/stm32u5xx_hal_cortex.c.obj
 .debug_macro   0x0003556a      0x298 CMakeFiles/smt32u5a5.dir/Src/lib/ST/STM32U5xx_HAL_Driver/Src/stm32u5xx_hal_pcd.c.obj
 .debug_macro   0x00035802      0x28c CMakeFiles/smt32u5a5.dir/Src/lib/ST/STM32U5xx_HAL_Driver/Src/stm32u5xx_hal_pcd_ex.c.obj
 .debug_macro   0x00035a8e      0x2be CMakeFiles/smt32u5a5.dir/Src/lib/ST/STM32U5xx_HAL_Driver/Src/stm32u5xx_hal_pwr_ex.c.obj
 .debug_macro   0x00035d4c      0x392 CMakeFiles/smt32u5a5.dir/Src/lib/ST/STM32U5xx_HAL_Driver/Src/stm32u5xx_hal_rcc.c.obj
 .debug_macro   0x000360de      0x28c CMakeFiles/smt32u5a5.dir/Src/lib/ST/STM32U5xx_HAL_Driver/Src/stm32u5xx_ll_usb.c.obj
 .debug_macro   0x0003636a      0x293 CMakeFiles/smt32u5a5.dir/Src/system_stm32u5xx.c.obj

.debug_line     0x00000000     0xcdd4
 .debug_line    0x00000000      0x836 CMakeFiles/smt32u5a5.dir/Src/main.c.obj
 .debug_line    0x00000836       0x7b CMakeFiles/smt32u5a5.dir/Startup/startup_stm32u5a5zjtxq.s.obj
 .debug_line    0x000008b1      0x973 CMakeFiles/smt32u5a5.dir/Src/bsp/bsp.c.obj
 .debug_line    0x00001224      0xb1d CMakeFiles/smt32u5a5.dir/Src/hw/driver/stm32u5xx_hal_msp.c.obj
 .debug_line    0x00001d41      0x9d1 CMakeFiles/smt32u5a5.dir/Src/hw/driver/stm32u5xx_it.c.obj
 .debug_line    0x00002712      0x7f4 CMakeFiles/smt32u5a5.dir/Src/hw/hw.c.obj
 .debug_line    0x00002f06      0xdad CMakeFiles/smt32u5a5.dir/Src/lib/ST/STM32U5xx_HAL_Driver/Src/stm32u5xx_hal.c.obj
 .debug_line    0x00003cb3      0xe85 CMakeFiles/smt32u5a5.dir/Src/lib/ST/STM32U5xx_HAL_Driver/Src/stm32u5xx_hal_cortex.c.obj
 .debug_line    0x00004b38     0x1a35 CMakeFiles/smt32u5a5.dir/Src/lib/ST/STM32U5xx_HAL_Driver/Src/stm32u5xx_hal_pcd.c.obj
 .debug_line    0x0000656d      0x9dc CMakeFiles/smt32u5a5.dir/Src/lib/ST/STM32U5xx_HAL_Driver/Src/stm32u5xx_hal_pcd_ex.c.obj
 .debug_line    0x00006f49     0x15cd CMakeFiles/smt32u5a5.dir/Src/lib/ST/STM32U5xx_HAL_Driver/Src/stm32u5xx_hal_pwr_ex.c.obj
 .debug_line    0x00008516     0x1ad8 CMakeFiles/smt32u5a5.dir/Src/lib/ST/STM32U5xx_HAL_Driver/Src/stm32u5xx_hal_rcc.c.obj
 .debug_line    0x00009fee     0x2547 CMakeFiles/smt32u5a5.dir/Src/lib/ST/STM32U5xx_HAL_Driver/Src/stm32u5xx_ll_usb.c.obj
 .debug_line    0x0000c535      0x89f CMakeFiles/smt32u5a5.dir/Src/system_stm32u5xx.c.obj

.debug_str      0x00000000   0x157ca6
 .debug_str     0x00000000   0x152026 CMakeFiles/smt32u5a5.dir/Src/main.c.obj
                             0x152b4c (size before relaxing)
 .debug_str     0x00152026       0x71 CMakeFiles/smt32u5a5.dir/Startup/startup_stm32u5a5zjtxq.s.obj
                                 0xb1 (size before relaxing)
 .debug_str     0x00152097      0xf9c CMakeFiles/smt32u5a5.dir/Src/bsp/bsp.c.obj
                             0x153bbb (size before relaxing)
 .debug_str     0x00153033      0xf5f CMakeFiles/smt32u5a5.dir/Src/hw/driver/stm32u5xx_hal_msp.c.obj
                             0x15489e (size before relaxing)
 .debug_str     0x00153f92      0x16e CMakeFiles/smt32u5a5.dir/Src/hw/driver/stm32u5xx_it.c.obj
                             0x153440 (size before relaxing)
 .debug_str     0x00154100       0x90 CMakeFiles/smt32u5a5.dir/Src/hw/hw.c.obj
                             0x152ba1 (size before relaxing)
 .debug_str     0x00154190      0x9ba CMakeFiles/smt32u5a5.dir/Src/lib/ST/STM32U5xx_HAL_Driver/Src/stm32u5xx_hal.c.obj
                             0x1531ef (size before relaxing)
 .debug_str     0x00154b4a      0x510 CMakeFiles/smt32u5a5.dir/Src/lib/ST/STM32U5xx_HAL_Driver/Src/stm32u5xx_hal_cortex.c.obj
                             0x152cf4 (size before relaxing)
 .debug_str     0x0015505a      0x847 CMakeFiles/smt32u5a5.dir/Src/lib/ST/STM32U5xx_HAL_Driver/Src/stm32u5xx_hal_pcd.c.obj
                             0x152915 (size before relaxing)
 .debug_str     0x001558a1      0x1a8 CMakeFiles/smt32u5a5.dir/Src/lib/ST/STM32U5xx_HAL_Driver/Src/stm32u5xx_hal_pcd_ex.c.obj
                             0x1522b3 (size before relaxing)
 .debug_str     0x00155a49      0x976 CMakeFiles/smt32u5a5.dir/Src/lib/ST/STM32U5xx_HAL_Driver/Src/stm32u5xx_hal_pwr_ex.c.obj
                             0x152870 (size before relaxing)
 .debug_str     0x001563bf     0x137a CMakeFiles/smt32u5a5.dir/Src/lib/ST/STM32U5xx_HAL_Driver/Src/stm32u5xx_hal_rcc.c.obj
                             0x1537c5 (size before relaxing)
 .debug_str     0x00157739      0x4e4 CMakeFiles/smt32u5a5.dir/Src/lib/ST/STM32U5xx_HAL_Driver/Src/stm32u5xx_ll_usb.c.obj
                             0x15280f (size before relaxing)
 .debug_str     0x00157c1d       0x89 CMakeFiles/smt32u5a5.dir/Src/system_stm32u5xx.c.obj
                             0x152024 (size before relaxing)

.comment        0x00000000       0x43
 .comment       0x00000000       0x43 CMakeFiles/smt32u5a5.dir/Src/main.c.obj
                                 0x44 (size before relaxing)
 .comment       0x00000043       0x44 CMakeFiles/smt32u5a5.dir/Src/bsp/bsp.c.obj
 .comment       0x00000043       0x44 CMakeFiles/smt32u5a5.dir/Src/hw/driver/stm32u5xx_hal_msp.c.obj
 .comment       0x00000043       0x44 CMakeFiles/smt32u5a5.dir/Src/hw/driver/stm32u5xx_it.c.obj
 .comment       0x00000043       0x44 CMakeFiles/smt32u5a5.dir/Src/hw/hw.c.obj
 .comment       0x00000043       0x44 CMakeFiles/smt32u5a5.dir/Src/lib/ST/STM32U5xx_HAL_Driver/Src/stm32u5xx_hal.c.obj
 .comment       0x00000043       0x44 CMakeFiles/smt32u5a5.dir/Src/lib/ST/STM32U5xx_HAL_Driver/Src/stm32u5xx_hal_cortex.c.obj
 .comment       0x00000043       0x44 CMakeFiles/smt32u5a5.dir/Src/lib/ST/STM32U5xx_HAL_Driver/Src/stm32u5xx_hal_pcd.c.obj
 .comment       0x00000043       0x44 CMakeFiles/smt32u5a5.dir/Src/lib/ST/STM32U5xx_HAL_Driver/Src/stm32u5xx_hal_pcd_ex.c.obj
 .comment       0x00000043       0x44 CMakeFiles/smt32u5a5.dir/Src/lib/ST/STM32U5xx_HAL_Driver/Src/stm32u5xx_hal_pwr_ex.c.obj
 .comment       0x00000043       0x44 CMakeFiles/smt32u5a5.dir/Src/lib/ST/STM32U5xx_HAL_Driver/Src/stm32u5xx_hal_rcc.c.obj
 .comment       0x00000043       0x44 CMakeFiles/smt32u5a5.dir/Src/lib/ST/STM32U5xx_HAL_Driver/Src/stm32u5xx_ll_usb.c.obj
 .comment       0x00000043       0x44 CMakeFiles/smt32u5a5.dir/Src/system_stm32u5xx.c.obj

.debug_line_str
                0x00000000       0x95
 .debug_line_str
                0x00000000       0x95 CMakeFiles/smt32u5a5.dir/Startup/startup_stm32u5a5zjtxq.s.obj

.debug_loclists
                0x00000000     0x3e02
 .debug_loclists
                0x00000000       0x23 CMakeFiles/smt32u5a5.dir/Src/bsp/bsp.c.obj
 .debug_loclists
                0x00000023       0xa2 CMakeFiles/smt32u5a5.dir/Src/hw/driver/stm32u5xx_hal_msp.c.obj
 .debug_loclists
                0x000000c5      0x185 CMakeFiles/smt32u5a5.dir/Src/lib/ST/STM32U5xx_HAL_Driver/Src/stm32u5xx_hal.c.obj
 .debug_loclists
                0x0000024a      0x4cc CMakeFiles/smt32u5a5.dir/Src/lib/ST/STM32U5xx_HAL_Driver/Src/stm32u5xx_hal_cortex.c.obj
 .debug_loclists
                0x00000716      0xb59 CMakeFiles/smt32u5a5.dir/Src/lib/ST/STM32U5xx_HAL_Driver/Src/stm32u5xx_hal_pcd.c.obj
 .debug_loclists
                0x0000126f      0x15b CMakeFiles/smt32u5a5.dir/Src/lib/ST/STM32U5xx_HAL_Driver/Src/stm32u5xx_hal_pcd_ex.c.obj
 .debug_loclists
                0x000013ca      0xb1f CMakeFiles/smt32u5a5.dir/Src/lib/ST/STM32U5xx_HAL_Driver/Src/stm32u5xx_hal_pwr_ex.c.obj
 .debug_loclists
                0x00001ee9      0x8ad CMakeFiles/smt32u5a5.dir/Src/lib/ST/STM32U5xx_HAL_Driver/Src/stm32u5xx_hal_rcc.c.obj
 .debug_loclists
                0x00002796     0x15ab CMakeFiles/smt32u5a5.dir/Src/lib/ST/STM32U5xx_HAL_Driver/Src/stm32u5xx_ll_usb.c.obj
 .debug_loclists
                0x00003d41       0xc1 CMakeFiles/smt32u5a5.dir/Src/system_stm32u5xx.c.obj
