../Core/Src/main.c:85:5:main	40	static
../Core/Src/main.c:137:6:SystemClock_Config	128	static
../Core/Src/main.c:192:13:MX_GPDMA1_Init	16	static
../Core/Src/main.c:236:13:MX_ICACHE_Init	8	static
../Core/Src/main.c:264:13:MX_RTC_Init	64	static
../Core/Src/main.c:339:13:MX_TIM2_Init	40	static
../Core/Src/main.c:384:13:MX_TIM17_Init	8	static
../Core/Src/main.c:416:13:MX_USART1_UART_Init	8	static
../Core/Src/main.c:464:13:MX_USB_OTG_HS_PCD_Init	8	static
../Core/Src/main.c:499:13:MX_GPIO_Init	48	static
../Core/Src/main.c:543:6:Error_Handler	4	static,ignoring_inline_asm
