Archive member included to satisfy reference by file (symbol)

C:/ST/STM32CubeCLT_1.15.0/GNU-tools-for-STM32/bin/../lib/gcc/arm-none-eabi/12.3.1/../../../../arm-none-eabi/lib/thumb/v8-m.main+fp/hard\libc.a(libc_a-exit.o)
                              C:/ST/STM32CubeCLT_1.15.0/GNU-tools-for-STM32/bin/../lib/gcc/arm-none-eabi/12.3.1/../../../../arm-none-eabi/lib/thumb/v8-m.main+fp/hard/crt0.o (exit)
C:/ST/STM32CubeCLT_1.15.0/GNU-tools-for-STM32/bin/../lib/gcc/arm-none-eabi/12.3.1/../../../../arm-none-eabi/lib/thumb/v8-m.main+fp/hard\libc.a(libc_a-strtod.o)
                              CMakeFiles/stm32u5a5jtxq.dir/Src/app/src/cli.c.obj (strtof)
C:/ST/STM32CubeCLT_1.15.0/GNU-tools-for-STM32/bin/../lib/gcc/arm-none-eabi/12.3.1/../../../../arm-none-eabi/lib/thumb/v8-m.main+fp/hard\libc.a(libc_a-strtoul.o)
                              CMakeFiles/stm32u5a5jtxq.dir/Src/app/src/cli.c.obj (strtoul)
C:/ST/STM32CubeCLT_1.15.0/GNU-tools-for-STM32/bin/../lib/gcc/arm-none-eabi/12.3.1/../../../../arm-none-eabi/lib/thumb/v8-m.main+fp/hard\libc.a(libc_a-ctype_.o)
                              C:/ST/STM32CubeCLT_1.15.0/GNU-tools-for-STM32/bin/../lib/gcc/arm-none-eabi/12.3.1/../../../../arm-none-eabi/lib/thumb/v8-m.main+fp/hard\libc.a(libc_a-strtoul.o) (_ctype_)
C:/ST/STM32CubeCLT_1.15.0/GNU-tools-for-STM32/bin/../lib/gcc/arm-none-eabi/12.3.1/../../../../arm-none-eabi/lib/thumb/v8-m.main+fp/hard\libc.a(libc_a-findfp.o)
                              C:/ST/STM32CubeCLT_1.15.0/GNU-tools-for-STM32/bin/../lib/gcc/arm-none-eabi/12.3.1/../../../../arm-none-eabi/lib/thumb/v8-m.main+fp/hard\libc.a(libc_a-exit.o) (__stdio_exit_handler)
C:/ST/STM32CubeCLT_1.15.0/GNU-tools-for-STM32/bin/../lib/gcc/arm-none-eabi/12.3.1/../../../../arm-none-eabi/lib/thumb/v8-m.main+fp/hard\libc.a(libc_a-fwalk.o)
                              C:/ST/STM32CubeCLT_1.15.0/GNU-tools-for-STM32/bin/../lib/gcc/arm-none-eabi/12.3.1/../../../../arm-none-eabi/lib/thumb/v8-m.main+fp/hard\libc.a(libc_a-findfp.o) (_fwalk_sglue)
C:/ST/STM32CubeCLT_1.15.0/GNU-tools-for-STM32/bin/../lib/gcc/arm-none-eabi/12.3.1/../../../../arm-none-eabi/lib/thumb/v8-m.main+fp/hard\libc.a(libc_a-snprintf.o)
                              CMakeFiles/stm32u5a5jtxq.dir/Src/app/src/log.c.obj (snprintf)
C:/ST/STM32CubeCLT_1.15.0/GNU-tools-for-STM32/bin/../lib/gcc/arm-none-eabi/12.3.1/../../../../arm-none-eabi/lib/thumb/v8-m.main+fp/hard\libc.a(libc_a-stdio.o)
                              C:/ST/STM32CubeCLT_1.15.0/GNU-tools-for-STM32/bin/../lib/gcc/arm-none-eabi/12.3.1/../../../../arm-none-eabi/lib/thumb/v8-m.main+fp/hard\libc.a(libc_a-findfp.o) (__sread)
C:/ST/STM32CubeCLT_1.15.0/GNU-tools-for-STM32/bin/../lib/gcc/arm-none-eabi/12.3.1/../../../../arm-none-eabi/lib/thumb/v8-m.main+fp/hard\libc.a(libc_a-vsnprintf.o)
                              CMakeFiles/stm32u5a5jtxq.dir/Src/app/src/cli.c.obj (vsnprintf)
C:/ST/STM32CubeCLT_1.15.0/GNU-tools-for-STM32/bin/../lib/gcc/arm-none-eabi/12.3.1/../../../../arm-none-eabi/lib/thumb/v8-m.main+fp/hard\libc.a(libc_a-memset.o)
                              C:/ST/STM32CubeCLT_1.15.0/GNU-tools-for-STM32/bin/../lib/gcc/arm-none-eabi/12.3.1/../../../../arm-none-eabi/lib/thumb/v8-m.main+fp/hard/crt0.o (memset)
C:/ST/STM32CubeCLT_1.15.0/GNU-tools-for-STM32/bin/../lib/gcc/arm-none-eabi/12.3.1/../../../../arm-none-eabi/lib/thumb/v8-m.main+fp/hard\libc.a(libc_a-strncmp.o)
                              C:/ST/STM32CubeCLT_1.15.0/GNU-tools-for-STM32/bin/../lib/gcc/arm-none-eabi/12.3.1/../../../../arm-none-eabi/lib/thumb/v8-m.main+fp/hard\libc.a(libc_a-strtod.o) (strncmp)
C:/ST/STM32CubeCLT_1.15.0/GNU-tools-for-STM32/bin/../lib/gcc/arm-none-eabi/12.3.1/../../../../arm-none-eabi/lib/thumb/v8-m.main+fp/hard\libc.a(libc_a-strtok_r.o)
                              CMakeFiles/stm32u5a5jtxq.dir/Src/app/src/cli.c.obj (strtok_r)
C:/ST/STM32CubeCLT_1.15.0/GNU-tools-for-STM32/bin/../lib/gcc/arm-none-eabi/12.3.1/../../../../arm-none-eabi/lib/thumb/v8-m.main+fp/hard\libc.a(libc_a-locale.o)
                              C:/ST/STM32CubeCLT_1.15.0/GNU-tools-for-STM32/bin/../lib/gcc/arm-none-eabi/12.3.1/../../../../arm-none-eabi/lib/thumb/v8-m.main+fp/hard\libc.a(libc_a-strtod.o) (__global_locale)
C:/ST/STM32CubeCLT_1.15.0/GNU-tools-for-STM32/bin/../lib/gcc/arm-none-eabi/12.3.1/../../../../arm-none-eabi/lib/thumb/v8-m.main+fp/hard\libc.a(libc_a-closer.o)
                              C:/ST/STM32CubeCLT_1.15.0/GNU-tools-for-STM32/bin/../lib/gcc/arm-none-eabi/12.3.1/../../../../arm-none-eabi/lib/thumb/v8-m.main+fp/hard\libc.a(libc_a-stdio.o) (_close_r)
C:/ST/STM32CubeCLT_1.15.0/GNU-tools-for-STM32/bin/../lib/gcc/arm-none-eabi/12.3.1/../../../../arm-none-eabi/lib/thumb/v8-m.main+fp/hard\libc.a(libc_a-reent.o)
                              C:/ST/STM32CubeCLT_1.15.0/GNU-tools-for-STM32/bin/../lib/gcc/arm-none-eabi/12.3.1/../../../../arm-none-eabi/lib/thumb/v8-m.main+fp/hard\libc.a(libc_a-closer.o) (errno)
[...]
Memory Configuration

Name             Origin             Length             Attributes
RAM              0x20000000         0x00270000         xrw
FLASH            0x08000000         0x00400000         xr
*default*        0x00000000         0xffffffff

Linker script and memory map

LOAD C:/ST/STM32CubeCLT_1.15.0/GNU-tools-for-STM32/bin/../lib/gcc/arm-none-eabi/12.3.1/thumb/v8-m.main+fp/hard/crti.o
LOAD C:/ST/STM32CubeCLT_1.15.0/GNU-tools-for-STM32/bin/../lib/gcc/arm-none-eabi/12.3.1/thumb/v8-m.main+fp/hard/crtbegin.o
LOAD C:/ST/STM32CubeCLT_1.15.0/GNU-tools-for-STM32/bin/../lib/gcc/arm-none-eabi/12.3.1/../../../../arm-none-eabi/lib/thumb/v8-m.main+fp/hard/crt0.o
START GROUP
LOAD C:/ST/STM32CubeCLT_1.15.0/GNU-tools-for-STM32/bin/../lib/gcc/arm-none-eabi/12.3.1/../../../../arm-none-eabi/lib/thumb/v8-m.main+fp/hard\libstdc++.a
LOAD C:/ST/STM32CubeCLT_1.15.0/GNU-tools-for-STM32/bin/../lib/gcc/arm-none-eabi/12.3.1/../../../../arm-none-eabi/lib/thumb/v8-m.main+fp/hard\libsupc++.a
LOAD C:/ST/STM32CubeCLT_1.15.0/GNU-tools-for-STM32/bin/../lib/gcc/arm-none-eabi/12.3.1/../../../../arm-none-eabi/lib/thumb/v8-m.main+fp/hard\libnosys.a
END GROUP
LOAD CMakeFiles/stm32u5a5jtxq.dir/Startup/startup_stm32u5a5zjtxq.s.obj
LOAD CMakeFiles/stm32u5a5jtxq.dir/Src/Common/src/qbuffer.c.obj
LOAD CMakeFiles/stm32u5a5jtxq.dir/Src/Common/src/util.c.obj
LOAD CMakeFiles/stm32u5a5jtxq.dir/Src/app/app.cpp.obj
LOAD CMakeFiles/stm32u5a5jtxq.dir/Src/app/bsp.c.obj
LOAD CMakeFiles/stm32u5a5jtxq.dir/Src/app/src/cli.c.obj
LOAD CMakeFiles/stm32u5a5jtxq.dir/Src/app/src/log.c.obj
LOAD CMakeFiles/stm32u5a5jtxq.dir/Src/app/src/uart.c.obj
LOAD CMakeFiles/stm32u5a5jtxq.dir/Src/device/stm32u5xx_hal_msp.c.obj
LOAD CMakeFiles/stm32u5a5jtxq.dir/Src/device/stm32u5xx_it.c.obj
LOAD CMakeFiles/stm32u5a5jtxq.dir/Src/device/syscall.c.obj
LOAD CMakeFiles/stm32u5a5jtxq.dir/Src/device/sysmem.c.obj
LOAD CMakeFiles/stm32u5a5jtxq.dir/Src/device/system_stm32u5xx.c.obj
LOAD CMakeFiles/stm32u5a5jtxq.dir/Src/lib/ST/STM32U5xx_HAL_Driver/Src/stm32u5xx_hal.c.obj
LOAD CMakeFiles/stm32u5a5jtxq.dir/Src/lib/ST/STM32U5xx_HAL_Driver/Src/stm32u5xx_hal_cortex.c.obj
LOAD CMakeFiles/stm32u5a5jtxq.dir/Src/lib/ST/STM32U5xx_HAL_Driver/Src/stm32u5xx_hal_dma.c.obj
LOAD CMakeFiles/stm32u5a5jtxq.dir/Src/lib/ST/STM32U5xx_HAL_Driver/Src/stm32u5xx_hal_dma_ex.c.obj
LOAD CMakeFiles/stm32u5a5jtxq.dir/Src/lib/ST/STM32U5xx_HAL_Driver/Src/stm32u5xx_hal_exti.c.obj
LOAD CMakeFiles/stm32u5a5jtxq.dir/Src/lib/ST/STM32U5xx_HAL_Driver/Src/stm32u5xx_hal_flash.c.obj
LOAD CMakeFiles/stm32u5a5jtxq.dir/Src/lib/ST/STM32U5xx_HAL_Driver/Src/stm32u5xx_hal_flash_ex.c.obj
LOAD CMakeFiles/stm32u5a5jtxq.dir/Src/lib/ST/STM32U5xx_HAL_Driver/Src/stm32u5xx_hal_gpio.c.obj
LOAD CMakeFiles/stm32u5a5jtxq.dir/Src/lib/ST/STM32U5xx_HAL_Driver/Src/stm32u5xx_hal_gtzc.c.obj
LOAD CMakeFiles/stm32u5a5jtxq.dir/Src/lib/ST/STM32U5xx_HAL_Driver/Src/stm32u5xx_hal_i2c.c.obj
LOAD CMakeFiles/stm32u5a5jtxq.dir/Src/lib/ST/STM32U5xx_HAL_Driver/Src/stm32u5xx_hal_i2c_ex.c.obj
LOAD CMakeFiles/stm32u5a5jtxq.dir/Src/lib/ST/STM32U5xx_HAL_Driver/Src/stm32u5xx_hal_icache.c.obj
LOAD CMakeFiles/stm32u5a5jtxq.dir/Src/lib/ST/STM32U5xx_HAL_Driver/Src/stm32u5xx_hal_pcd.c.obj
LOAD CMakeFiles/stm32u5a5jtxq.dir/Src/lib/ST/STM32U5xx_HAL_Driver/Src/stm32u5xx_hal_pcd_ex.c.obj
LOAD CMakeFiles/stm32u5a5jtxq.dir/Src/lib/ST/STM32U5xx_HAL_Driver/Src/stm32u5xx_hal_pwr.c.obj
LOAD CMakeFiles/stm32u5a5jtxq.dir/Src/lib/ST/STM32U5xx_HAL_Driver/Src/stm32u5xx_hal_pwr_ex.c.obj
LOAD CMakeFiles/stm32u5a5jtxq.dir/Src/lib/ST/STM32U5xx_HAL_Driver/Src/stm32u5xx_hal_rcc.c.obj
LOAD CMakeFiles/stm32u5a5jtxq.dir/Src/lib/ST/STM32U5xx_HAL_Driver/Src/stm32u5xx_hal_rcc_ex.c.obj
LOAD CMakeFiles/stm32u5a5jtxq.dir/Src/lib/ST/STM32U5xx_HAL_Driver/Src/stm32u5xx_hal_rtc.c.obj
LOAD CMakeFiles/stm32u5a5jtxq.dir/Src/lib/ST/STM32U5xx_HAL_Driver/Src/stm32u5xx_hal_rtc_ex.c.obj
LOAD CMakeFiles/stm32u5a5jtxq.dir/Src/lib/ST/STM32U5xx_HAL_Driver/Src/stm32u5xx_hal_tim.c.obj
LOAD CMakeFiles/stm32u5a5jtxq.dir/Src/lib/ST/STM32U5xx_HAL_Driver/Src/stm32u5xx_hal_tim_ex.c.obj
LOAD CMakeFiles/stm32u5a5jtxq.dir/Src/lib/ST/STM32U5xx_HAL_Driver/Src/stm32u5xx_hal_uart.c.obj
LOAD CMakeFiles/stm32u5a5jtxq.dir/Src/lib/ST/STM32U5xx_HAL_Driver/Src/stm32u5xx_hal_uart_ex.c.obj
LOAD CMakeFiles/stm32u5a5jtxq.dir/Src/lib/ST/STM32U5xx_HAL_Driver/Src/stm32u5xx_ll_usb.c.obj
LOAD CMakeFiles/stm32u5a5jtxq.dir/Src/main.cpp.obj
LOAD C:/ST/STM32CubeCLT_1.15.0/GNU-tools-for-STM32/bin/../lib/gcc/arm-none-eabi/12.3.1/../../../../arm-none-eabi/lib/thumb/v8-m.main+fp/hard\libstdc++.a
LOAD C:/ST/STM32CubeCLT_1.15.0/GNU-tools-for-STM32/bin/../lib/gcc/arm-none-eabi/12.3.1/../../../../arm-none-eabi/lib/thumb/v8-m.main+fp/hard\libm.a
LOAD C:/ST/STM32CubeCLT_1.15.0/GNU-tools-for-STM32/bin/../lib/gcc/arm-none-eabi/12.3.1/../../../../arm-none-eabi/lib/thumb/v8-m.main+fp/hard\libc.a
START GROUP
LOAD C:/ST/STM32CubeCLT_1.15.0/GNU-tools-for-STM32/bin/../lib/gcc/arm-none-eabi/12.3.1/thumb/v8-m.main+fp/hard\libgcc.a
LOAD C:/ST/STM32CubeCLT_1.15.0/GNU-tools-for-STM32/bin/../lib/gcc/arm-none-eabi/12.3.1/../../../../arm-none-eabi/lib/thumb/v8-m.main+fp/hard\libg.a
LOAD C:/ST/STM32CubeCLT_1.15.0/GNU-tools-for-STM32/bin/../lib/gcc/arm-none-eabi/12.3.1/../../../../arm-none-eabi/lib/thumb/v8-m.main+fp/hard\libc.a
END GROUP
START GROUP
LOAD C:/ST/STM32CubeCLT_1.15.0/GNU-tools-for-STM32/bin/../lib/gcc/arm-none-eabi/12.3.1/thumb/v8-m.main+fp/hard\libgcc.a
LOAD C:/ST/STM32CubeCLT_1.15.0/GNU-tools-for-STM32/bin/../lib/gcc/arm-none-eabi/12.3.1/../../../../arm-none-eabi/lib/thumb/v8-m.main+fp/hard\libc.a
LOAD C:/ST/STM32CubeCLT_1.15.0/GNU-tools-for-STM32/bin/../lib/gcc/arm-none-eabi/12.3.1/../../../../arm-none-eabi/lib/thumb/v8-m.main+fp/hard\libnosys.a
END GROUP
LOAD C:/ST/STM32CubeCLT_1.15.0/GNU-tools-for-STM32/bin/../lib/gcc/arm-none-eabi/12.3.1/thumb/v8-m.main+fp/hard/crtend.o
LOAD C:/ST/STM32CubeCLT_1.15.0/GNU-tools-for-STM32/bin/../lib/gcc/arm-none-eabi/12.3.1/thumb/v8-m.main+fp/hard/crtn.o
                0x20270000                        _estack = (ORIGIN (RAM) + LENGTH (RAM))
                0x00000200                        _Min_Heap_Size = 0x200
                0x00000400                        _Min_Stack_Size = 0x400

.isr_vector     0x08000000      0x258
                0x08000000                        . = ALIGN (0x4)
 *(.isr_vector)
 .isr_vector    0x08000000      0x258 CMakeFiles/stm32u5a5jtxq.dir/Startup/startup_stm32u5a5zjtxq.s.obj
                0x08000000                g_pfnVectors
                0x08000258                        . = ALIGN (0x4)

.text           0x08000258     0xeb2c
                0x08000258                        . = ALIGN (0x4)
 *(.text)
 .text          0x08000258       0x40 C:/ST/STM32CubeCLT_1.15.0/GNU-tools-for-STM32/bin/../lib/gcc/arm-none-eabi/12.3.1/thumb/v8-m.main+fp/hard/crtbegin.o
 .text          0x08000298       0x14 C:/ST/STM32CubeCLT_1.15.0/GNU-tools-for-STM32/bin/../lib/gcc/arm-none-eabi/12.3.1/../../../../arm-none-eabi/lib/thumb/v8-m.main+fp/hard\libc.a(libc_a-strcmp.o)
                0x08000298                strcmp
 .text          0x080002ac       0x10 C:/ST/STM32CubeCLT_1.15.0/GNU-tools-for-STM32/bin/../lib/gcc/arm-none-eabi/12.3.1/../../../../arm-none-eabi/lib/thumb/v8-m.main+fp/hard\libc.a(libc_a-strlen.o)
                0x080002ac                strlen
 .text          0x080002bc      0x378 C:/ST/STM32CubeCLT_1.15.0/GNU-tools-for-STM32/bin/../lib/gcc/arm-none-eabi/12.3.1/thumb/v8-m.main+fp/hard\libgcc.a(_arm_addsubdf3.o)
                0x080002bc                __aeabi_drsub
                0x080002c4                __aeabi_dsub
                0x080002c4                __subdf3
                0x080002c8                __aeabi_dadd
                0x080002c8                __adddf3
                0x08000540                __floatunsidf
                0x08000540                __aeabi_ui2d
                0x08000560                __floatsidf
                0x08000560                __aeabi_i2d
                0x08000584                __aeabi_f2d
                0x08000584                __extendsfdf2
                0x080005c8                __floatundidf
                0x080005c8                __aeabi_ul2d
                0x080005d8                __floatdidf
                0x080005d8                __aeabi_l2d
 .text          0x08000634      0x424 C:/ST/STM32CubeCLT_1.15.0/GNU-tools-for-STM32/bin/../lib/gcc/arm-none-eabi/12.3.1/thumb/v8-m.main+fp/hard\libgcc.a(_arm_muldivdf3.o)
                0x08000634                __aeabi_dmul
                0x08000634                __muldf3
                0x08000888                __divdf3
                0x08000888                __aeabi_ddiv
 .text          0x08000a58      0x110 C:/ST/STM32CubeCLT_1.15.0/GNU-tools-for-STM32/bin/../lib/gcc/arm-none-eabi/12.3.1/thumb/v8-m.main+fp/hard\libgcc.a(_arm_cmpdf2.o)
                0x08000a58                __gtdf2
                0x08000a58                __gedf2
                0x08000a60                __ltdf2
                0x08000a60                __ledf2
                0x08000a68                __nedf2
                0x08000a68                __eqdf2
                0x08000a68                __cmpdf2
                0x08000ae4                __aeabi_cdrcmple
                0x08000af4                __aeabi_cdcmpeq
                0x08000af4                __aeabi_cdcmple
                0x08000b04                __aeabi_dcmpeq
                0x08000b18                __aeabi_dcmplt
                0x08000b2c                __aeabi_dcmple
                0x08000b40                __aeabi_dcmpge
                0x08000b54                __aeabi_dcmpgt
 .text          0x08000b68       0x2c C:/ST/STM32CubeCLT_1.15.0/GNU-tools-for-STM32/bin/../lib/gcc/arm-none-eabi/12.3.1/thumb/v8-m.main+fp/hard\libgcc.a(_arm_unorddf2.o)
                0x08000b68                __unorddf2
                0x08000b68                __aeabi_dcmpun
 .text          0x08000b94       0x50 C:/ST/STM32CubeCLT_1.15.0/GNU-tools-for-STM32/bin/../lib/gcc/arm-none-eabi/12.3.1/thumb/v8-m.main+fp/hard\libgcc.a(_arm_fixdfsi.o)
                0x08000b94                __aeabi_d2iz
                0x08000b94                __fixdfsi
 .text          0x08000be4       0x40 C:/ST/STM32CubeCLT_1.15.0/GNU-tools-for-STM32/bin/../lib/gcc/arm-none-eabi/12.3.1/thumb/v8-m.main+fp/hard\libgcc.a(_arm_fixunsdfsi.o)
                0x08000be4                __aeabi_d2uiz
                0x08000be4                __fixunsdfsi
 .text          0x08000c24       0xa0 C:/ST/STM32CubeCLT_1.15.0/GNU-tools-for-STM32/bin/../lib/gcc/arm-none-eabi/12.3.1/thumb/v8-m.main+fp/hard\libgcc.a(_arm_truncdfsf2.o)
                0x08000c24                __truncdfsf2
                0x08000c24                __aeabi_d2f
 .text          0x08000cc4       0x30 C:/ST/STM32CubeCLT_1.15.0/GNU-tools-for-STM32/bin/../lib/gcc/arm-none-eabi/12.3.1/thumb/v8-m.main+fp/hard\libgcc.a(_aeabi_uldivmod.o)
                0x08000cc4                __aeabi_uldivmod
 .text          0x08000cf4       0x30 C:/ST/STM32CubeCLT_1.15.0/GNU-tools-for-STM32/bin/../lib/gcc/arm-none-eabi/12.3.1/thumb/v8-m.main+fp/hard\libgcc.a(_fixdfdi.o)
                0x08000cf4                __fixdfdi
                0x08000cf4                __aeabi_d2lz
 .text          0x08000d24       0x3c C:/ST/STM32CubeCLT_1.15.0/GNU-tools-for-STM32/bin/../lib/gcc/arm-none-eabi/12.3.1/thumb/v8-m.main+fp/hard\libgcc.a(_fixunsdfdi.o)
                0x08000d24                __fixunsdfdi
                0x08000d24                __aeabi_d2ulz
 .text          0x08000d60      0x2e4 C:/ST/STM32CubeCLT_1.15.0/GNU-tools-for-STM32/bin/../lib/gcc/arm-none-eabi/12.3.1/thumb/v8-m.main+fp/hard\libgcc.a(_udivmoddi4.o)
                0x08000d60                __udivmoddi4
 .text          0x08001044        0x4 C:/ST/STM32CubeCLT_1.15.0/GNU-tools-for-STM32/bin/../lib/gcc/arm-none-eabi/12.3.1/thumb/v8-m.main+fp/hard\libgcc.a(_dvmd_tls.o)
                0x08001044                __aeabi_idiv0
                0x08001044                __aeabi_ldiv0
 *(.text*)
 .text.Reset_Handler
                0x08001048       0x50 CMakeFiles/stm32u5a5jtxq.dir/Startup/startup_stm32u5a5zjtxq.s.obj
                0x08001048                Reset_Handler
 .text.Default_Handler
                0x08001098        0x2 CMakeFiles/stm32u5a5jtxq.dir/Startup/startup_stm32u5a5zjtxq.s.obj
                0x08001098                EXTI2_IRQHandler
                0x08001098                TIM8_TRG_COM_IRQHandler
                0x08001098                TIM8_CC_IRQHandler
                0x08001098                EXTI5_IRQHandler
                0x08001098                FLASH_S_IRQHandler
                0x08001098                TIM1_CC_IRQHandler
                0x08001098                TSC_IRQHandler
                0x08001098                TAMP_IRQHandler
                0x08001098                TIM6_IRQHandler
                0x08001098                EXTI12_IRQHandler
                0x08001098                CORDIC_IRQHandler
                0x08001098                EXTI3_IRQHandler
                0x08001098                ADC12_IRQHandler
                0x08001098                LPTIM4_IRQHandler
                0x08001098                EXTI8_IRQHandler
                0x08001098                LPTIM2_IRQHandler
                0x08001098                GPDMA1_CH5_IRQHandler
                0x08001098                GPDMA1_CH12_IRQHandler
                0x08001098                I2C3_ER_IRQHandler
                0x08001098                I2C5_EV_IRQHandler
                0x08001098                PWR_S3WU_IRQHandler
                0x08001098                GPDMA1_CH15_IRQHandler
                0x08001098                MDF1_FLT2_IRQHandler
                0x08001098                LPTIM3_IRQHandler
                0x08001098                GPDMA1_CH11_IRQHandler
                0x08001098                EXTI0_IRQHandler
                0x08001098                I2C2_EV_IRQHandler
                0x08001098                FPU_IRQHandler
                0x08001098                MDF1_FLT4_IRQHandler
                0x08001098                FDCAN1_IT1_IRQHandler
                0x08001098                RAMCFG_IRQHandler
                0x08001098                DCACHE1_IRQHandler
                0x08001098                GPDMA1_CH3_IRQHandler
                0x08001098                SPI1_IRQHandler
                0x08001098                OCTOSPI1_IRQHandler
                0x08001098                GPDMA1_CH4_IRQHandler
                0x08001098                GPDMA1_CH14_IRQHandler
                0x08001098                TIM8_UP_IRQHandler
                0x08001098                RCC_S_IRQHandler
                0x08001098                OCTOSPI2_IRQHandler
                0x08001098                SAI2_IRQHandler
                0x08001098                MDF1_FLT1_IRQHandler
                0x08001098                PKA_IRQHandler
                0x08001098                USART6_IRQHandler
                0x08001098                MDF1_FLT5_IRQHandler
                0x08001098                EXTI15_IRQHandler
                0x08001098                TIM17_IRQHandler
                0x08001098                USART3_IRQHandler
                0x08001098                RTC_IRQHandler
                0x08001098                EXTI9_IRQHandler
                0x08001098                UART5_IRQHandler
                0x08001098                GPDMA1_CH7_IRQHandler
                0x08001098                LPDMA1_CH1_IRQHandler
                0x08001098                TIM4_IRQHandler
                0x08001098                I2C1_EV_IRQHandler
                0x08001098                TIM16_IRQHandler
                0x08001098                UART4_IRQHandler
                0x08001098                SecureFault_Handler
                0x08001098                GPDMA1_CH6_IRQHandler
                0x08001098                TIM3_IRQHandler
                0x08001098                RCC_IRQHandler
                0x08001098                TIM1_TRG_COM_IRQHandler
                0x08001098                Default_Handler
                0x08001098                GPDMA1_CH1_IRQHandler
                0x08001098                FMAC_IRQHandler
                0x08001098                I2C5_ER_IRQHandler
                0x08001098                OTFDEC1_IRQHandler
                0x08001098                GPDMA1_CH0_IRQHandler
                0x08001098                TIM7_IRQHandler
                0x08001098                SDMMC1_IRQHandler
                0x08001098                SAES_IRQHandler
                0x08001098                TIM5_IRQHandler
                0x08001098                UCPD1_IRQHandler
                0x08001098                TIM15_IRQHandler
                0x08001098                I2C3_EV_IRQHandler
                0x08001098                GPDMA1_CH9_IRQHandler
                0x08001098                PVD_PVM_IRQHandler
                0x08001098                GPU2D_IRQSYS_IRQHandler
                0x08001098                SPI2_IRQHandler
                0x08001098                LPDMA1_CH3_IRQHandler
                0x08001098                GPDMA1_CH2_IRQHandler
                0x08001098                EXTI14_IRQHandler
                0x08001098                EXTI11_IRQHandler
                0x08001098                OTFDEC2_IRQHandler
                0x08001098                CRS_IRQHandler
                0x08001098                LSECSSD_IRQHandler
                0x08001098                EXTI4_IRQHandler
                0x08001098                RTC_S_IRQHandler
                0x08001098                RNG_IRQHandler
                0x08001098                GPDMA1_CH8_IRQHandler
                0x08001098                GPDMA1_CH13_IRQHandler
                0x08001098                COMP_IRQHandler
                0x08001098                TIM1_UP_IRQHandler
                0x08001098                ADC4_IRQHandler
                0x08001098                WWDG_IRQHandler
                0x08001098                I2C4_EV_IRQHandler
                0x08001098                IWDG_IRQHandler
                0x08001098                I2C6_ER_IRQHandler
                0x08001098                LPUART1_IRQHandler
                0x08001098                MDF1_FLT0_IRQHandler
                0x08001098                FDCAN1_IT0_IRQHandler
                0x08001098                TIM2_IRQHandler
                0x08001098                LPDMA1_CH2_IRQHandler
                0x08001098                GPDMA1_CH10_IRQHandler
                0x08001098                EXTI7_IRQHandler
                0x08001098                DMA2D_IRQHandler
                0x08001098                TIM1_BRK_IRQHandler
                0x08001098                EXTI1_IRQHandler
                0x08001098                SDMMC2_IRQHandler
                0x08001098                AES_IRQHandler
                0x08001098                DAC1_IRQHandler
                0x08001098                GTZC_IRQHandler
                0x08001098                MDF1_FLT3_IRQHandler
                0x08001098                USART2_IRQHandler
                0x08001098                I2C6_EV_IRQHandler
                0x08001098                ADF1_FLT0_IRQHandler
                0x08001098                I2C2_ER_IRQHandler
                0x08001098                TIM8_BRK_IRQHandler
                0x08001098                FLASH_IRQHandler
                0x08001098                USART1_IRQHandler
                0x08001098                EXTI10_IRQHandler
                0x08001098                SPI3_IRQHandler
                0x08001098                I2C1_ER_IRQHandler
                0x08001098                LPDMA1_CH0_IRQHandler
                0x08001098                FMC_IRQHandler
                0x08001098                GPU2D_IRQ_IRQHandler
                0x08001098                EXTI6_IRQHandler
                0x08001098                LPTIM1_IRQHandler
                0x08001098                DCMI_PSSI_IRQHandler
                0x08001098                I2C4_ER_IRQHandler
                0x08001098                ICACHE_IRQHandler
                0x08001098                SAI1_IRQHandler
                0x08001098                HASH_IRQHandler
 .text.qbufferCreate
                0x0800109a       0x12 CMakeFiles/stm32u5a5jtxq.dir/Src/Common/src/qbuffer.c.obj
                0x0800109a                qbufferCreate
 .text.qbufferRead
                0x080010ac       0x5a CMakeFiles/stm32u5a5jtxq.dir/Src/Common/src/qbuffer.c.obj
                0x080010ac                qbufferRead
 .text.qbufferAvailable
                0x08001106       0x14 CMakeFiles/stm32u5a5jtxq.dir/Src/Common/src/qbuffer.c.obj
                0x08001106                qbufferAvailable
 *fill*         0x0800111a        0x2 
 .text._Z6apInitv
                0x0800111c       0x98 CMakeFiles/stm32u5a5jtxq.dir/Src/app/app.cpp.obj
                0x0800111c                apInit()
 .text._Z6apMainv
                0x080011b4       0x22 CMakeFiles/stm32u5a5jtxq.dir/Src/app/app.cpp.obj
                0x080011b4                apMain()
 *fill*         0x080011d6        0x2 
 .text.MX_GPIO_Init
                0x080011d8      0x16c CMakeFiles/stm32u5a5jtxq.dir/Src/app/bsp.c.obj
                0x080011d8                MX_GPIO_Init
 .text.Error_Handler
                0x08001344        0x4 CMakeFiles/stm32u5a5jtxq.dir/Src/app/bsp.c.obj
                0x08001344                Error_Handler
 .text.SystemClock_Config
                0x08001348       0x86 CMakeFiles/stm32u5a5jtxq.dir/Src/app/bsp.c.obj
                0x08001348                SystemClock_Config
 .text.SystemPower_Config
                0x080013ce       0x18 CMakeFiles/stm32u5a5jtxq.dir/Src/app/bsp.c.obj
                0x080013ce                SystemPower_Config
 *fill*         0x080013e6        0x2 
 .text.MX_GPDMA1_Init
                0x080013e8       0x80 CMakeFiles/stm32u5a5jtxq.dir/Src/app/bsp.c.obj
                0x080013e8                MX_GPDMA1_Init
 .text.MX_ICACHE_Init
                0x08001468        0xe CMakeFiles/stm32u5a5jtxq.dir/Src/app/bsp.c.obj
                0x08001468                MX_ICACHE_Init
 *fill*         0x08001476        0x2 
 .text.MX_TIM2_Init
                0x08001478       0x68 CMakeFiles/stm32u5a5jtxq.dir/Src/app/bsp.c.obj
                0x08001478                MX_TIM2_Init
 .text.MX_TIM17_Init
                0x080014e0       0x30 CMakeFiles/stm32u5a5jtxq.dir/Src/app/bsp.c.obj
                0x080014e0                MX_TIM17_Init
 .text.MX_USB_OTG_HS_PCD_Init
                0x08001510       0x34 CMakeFiles/stm32u5a5jtxq.dir/Src/app/bsp.c.obj
                0x08001510                MX_USB_OTG_HS_PCD_Init
 .text.bspInit  0x08001544       0x34 CMakeFiles/stm32u5a5jtxq.dir/Src/app/bsp.c.obj
                0x08001544                bspInit
 .text.delay    0x08001578        0x8 CMakeFiles/stm32u5a5jtxq.dir/Src/app/bsp.c.obj
                0x08001578                delay
 .text.millis   0x08001580        0x8 CMakeFiles/stm32u5a5jtxq.dir/Src/app/bsp.c.obj
                0x08001580                millis
 .text.cliLineClean
                0x08001588       0x16 CMakeFiles/stm32u5a5jtxq.dir/Src/app/src/cli.c.obj
 .text.cliLineAdd
                0x0800159e       0x4e CMakeFiles/stm32u5a5jtxq.dir/Src/app/src/cli.c.obj
 .text.cliToUpper
                0x080015ec       0x36 CMakeFiles/stm32u5a5jtxq.dir/Src/app/src/cli.c.obj
 *fill*         0x08001622        0x2 
 .text.cliArgsGetStr
                0x08001624       0x20 CMakeFiles/stm32u5a5jtxq.dir/Src/app/src/cli.c.obj
 .text.cliArgsIsStr
                0x08001644       0x30 CMakeFiles/stm32u5a5jtxq.dir/Src/app/src/cli.c.obj
 .text.cliArgsGetFloat
                0x08001674       0x2c CMakeFiles/stm32u5a5jtxq.dir/Src/app/src/cli.c.obj
 .text.cliArgsGetData
                0x080016a0       0x28 CMakeFiles/stm32u5a5jtxq.dir/Src/app/src/cli.c.obj
 .text.cliShowPrompt
                0x080016c8       0x20 CMakeFiles/stm32u5a5jtxq.dir/Src/app/src/cli.c.obj
 .text.cliLineChange
                0x080016e8       0xa4 CMakeFiles/stm32u5a5jtxq.dir/Src/app/src/cli.c.obj
 .text.cliParseArgs
                0x0800178c       0x4c CMakeFiles/stm32u5a5jtxq.dir/Src/app/src/cli.c.obj
 .text.cliOpen  0x080017d8       0x30 CMakeFiles/stm32u5a5jtxq.dir/Src/app/src/cli.c.obj
                0x080017d8                cliOpen
 .text.cliGetPort
                0x08001808        0xc CMakeFiles/stm32u5a5jtxq.dir/Src/app/src/cli.c.obj
                0x08001808                cliGetPort
 .text.cliShowLog
                0x08001814       0xb8 CMakeFiles/stm32u5a5jtxq.dir/Src/app/src/cli.c.obj
                0x08001814                cliShowLog
 .text.cliAvailable
                0x080018cc       0x10 CMakeFiles/stm32u5a5jtxq.dir/Src/app/src/cli.c.obj
                0x080018cc                cliAvailable
 .text.cliRead  0x080018dc       0x10 CMakeFiles/stm32u5a5jtxq.dir/Src/app/src/cli.c.obj
                0x080018dc                cliRead
 .text.cliWrite
                0x080018ec       0x14 CMakeFiles/stm32u5a5jtxq.dir/Src/app/src/cli.c.obj
                0x080018ec                cliWrite
 .text.cliPrintf
                0x08001900       0x34 CMakeFiles/stm32u5a5jtxq.dir/Src/app/src/cli.c.obj
                0x08001900                cliPrintf
 .text.cliRunCmd
                0x08001934       0x74 CMakeFiles/stm32u5a5jtxq.dir/Src/app/src/cli.c.obj
 .text.cliUpdate
                0x080019a8      0x310 CMakeFiles/stm32u5a5jtxq.dir/Src/app/src/cli.c.obj
 .text.cliMain  0x08001cb8       0x2c CMakeFiles/stm32u5a5jtxq.dir/Src/app/src/cli.c.obj
                0x08001cb8                cliMain
 .text.cliShowList
                0x08001ce4       0x50 CMakeFiles/stm32u5a5jtxq.dir/Src/app/src/cli.c.obj
                0x08001ce4                cliShowList
 .text.cliMemoryDump
                0x08001d34       0xf0 CMakeFiles/stm32u5a5jtxq.dir/Src/app/src/cli.c.obj
                0x08001d34                cliMemoryDump
 .text.cliKeepLoop
                0x08001e24       0x18 CMakeFiles/stm32u5a5jtxq.dir/Src/app/src/cli.c.obj
                0x08001e24                cliKeepLoop
 .text.cliAdd   0x08001e3c       0x50 CMakeFiles/stm32u5a5jtxq.dir/Src/app/src/cli.c.obj
                0x08001e3c                cliAdd
 .text.cliInit  0x08001e8c       0x74 CMakeFiles/stm32u5a5jtxq.dir/Src/app/src/cli.c.obj
                0x08001e8c                cliInit
 .text.cliCmd   0x08001f00      0x11c CMakeFiles/stm32u5a5jtxq.dir/Src/app/src/log.c.obj
 .text.logInit  0x0800201c       0x58 CMakeFiles/stm32u5a5jtxq.dir/Src/app/src/log.c.obj
                0x0800201c                logInit
 .text.logBoot  0x08002074       0x10 CMakeFiles/stm32u5a5jtxq.dir/Src/app/src/log.c.obj
                0x08002074                logBoot
 .text.logOpen  0x08002084       0x24 CMakeFiles/stm32u5a5jtxq.dir/Src/app/src/log.c.obj
                0x08002084                logOpen
 .text.logBufPrintf
                0x080020a8       0x64 CMakeFiles/stm32u5a5jtxq.dir/Src/app/src/log.c.obj
                0x080020a8                logBufPrintf
 .text.logPrintf
                0x0800210c       0x80 CMakeFiles/stm32u5a5jtxq.dir/Src/app/src/log.c.obj
                0x0800210c                logPrintf
 .text.uartInit
                0x0800218c       0x4c CMakeFiles/stm32u5a5jtxq.dir/Src/app/src/uart.c.obj
                0x0800218c                uartInit
 .text.uartOpen
                0x080021d8      0x16c CMakeFiles/stm32u5a5jtxq.dir/Src/app/src/uart.c.obj
                0x080021d8                uartOpen
 .text.uartAvailable
                0x08002344       0x3c CMakeFiles/stm32u5a5jtxq.dir/Src/app/src/uart.c.obj
                0x08002344                uartAvailable
 .text.uartRead
                0x08002380       0x4c CMakeFiles/stm32u5a5jtxq.dir/Src/app/src/uart.c.obj
                0x08002380                uartRead
 .text.uartWrite
                0x080023cc       0x44 CMakeFiles/stm32u5a5jtxq.dir/Src/app/src/uart.c.obj
                0x080023cc                uartWrite
 .text.uartPrintf
                0x08002410       0x2e CMakeFiles/stm32u5a5jtxq.dir/Src/app/src/uart.c.obj
                0x08002410                uartPrintf
 *fill*         0x0800243e        0x2 
 .text.uartGetBaud
                0x08002440       0x1c CMakeFiles/stm32u5a5jtxq.dir/Src/app/src/uart.c.obj
                0x08002440                uartGetBaud
 .text.cliUart  0x0800245c      0x114 CMakeFiles/stm32u5a5jtxq.dir/Src/app/src/uart.c.obj
 .text.HAL_UART_MspInit
                0x08002570      0x158 CMakeFiles/stm32u5a5jtxq.dir/Src/app/src/uart.c.obj
                0x08002570                HAL_UART_MspInit
 .text.HAL_UART_MspDeInit
                0x080026c8       0x3c CMakeFiles/stm32u5a5jtxq.dir/Src/app/src/uart.c.obj
                0x080026c8                HAL_UART_MspDeInit
 .text.HAL_MspInit
                0x08002704       0x30 CMakeFiles/stm32u5a5jtxq.dir/Src/device/stm32u5xx_hal_msp.c.obj
                0x08002704                HAL_MspInit
 .text.HAL_TIM_Base_MspInit
                0x08002734       0x54 CMakeFiles/stm32u5a5jtxq.dir/Src/device/stm32u5xx_hal_msp.c.obj
                0x08002734                HAL_TIM_Base_MspInit
 .text.HAL_PCD_MspInit
                0x08002788       0xec CMakeFiles/stm32u5a5jtxq.dir/Src/device/stm32u5xx_hal_msp.c.obj
                0x08002788                HAL_PCD_MspInit
 .text.NMI_Handler
                0x08002874        0x2 CMakeFiles/stm32u5a5jtxq.dir/Src/device/stm32u5xx_it.c.obj
                0x08002874                NMI_Handler
 .text.HardFault_Handler
                0x08002876        0x2 CMakeFiles/stm32u5a5jtxq.dir/Src/device/stm32u5xx_it.c.obj
                0x08002876                HardFault_Handler
 .text.MemManage_Handler
                0x08002878        0x2 CMakeFiles/stm32u5a5jtxq.dir/Src/device/stm32u5xx_it.c.obj
                0x08002878                MemManage_Handler
 .text.BusFault_Handler
                0x0800287a        0x2 CMakeFiles/stm32u5a5jtxq.dir/Src/device/stm32u5xx_it.c.obj
                0x0800287a                BusFault_Handler
 .text.UsageFault_Handler
                0x0800287c        0x2 CMakeFiles/stm32u5a5jtxq.dir/Src/device/stm32u5xx_it.c.obj
                0x0800287c                UsageFault_Handler
 .text.SVC_Handler
                0x0800287e        0x2 CMakeFiles/stm32u5a5jtxq.dir/Src/device/stm32u5xx_it.c.obj
                0x0800287e                SVC_Handler
 .text.DebugMon_Handler
                0x08002880        0x2 CMakeFiles/stm32u5a5jtxq.dir/Src/device/stm32u5xx_it.c.obj
                0x08002880                DebugMon_Handler
 .text.PendSV_Handler
                0x08002882        0x2 CMakeFiles/stm32u5a5jtxq.dir/Src/device/stm32u5xx_it.c.obj
                0x08002882                PendSV_Handler
 .text.SysTick_Handler
                0x08002884        0x8 CMakeFiles/stm32u5a5jtxq.dir/Src/device/stm32u5xx_it.c.obj
                0x08002884                SysTick_Handler
 .text.EXTI13_IRQHandler
                0x0800288c        0xc CMakeFiles/stm32u5a5jtxq.dir/Src/device/stm32u5xx_it.c.obj
                0x0800288c                EXTI13_IRQHandler
 .text.OTG_HS_IRQHandler
                0x08002898       0x10 CMakeFiles/stm32u5a5jtxq.dir/Src/device/stm32u5xx_it.c.obj
                0x08002898                OTG_HS_IRQHandler
 .text._getpid  0x080028a8        0x4 CMakeFiles/stm32u5a5jtxq.dir/Src/device/syscall.c.obj
                0x080028a8                _getpid
 .text._kill    0x080028ac       0x10 CMakeFiles/stm32u5a5jtxq.dir/Src/device/syscall.c.obj
                0x080028ac                _kill
 .text._exit    0x080028bc        0xc CMakeFiles/stm32u5a5jtxq.dir/Src/device/syscall.c.obj
                0x080028bc                _exit
 .text._read    0x080028c8       0x20 CMakeFiles/stm32u5a5jtxq.dir/Src/device/syscall.c.obj
                0x080028c8                _read
 .text._write   0x080028e8       0x1c CMakeFiles/stm32u5a5jtxq.dir/Src/device/syscall.c.obj
                0x080028e8                _write
 .text._close   0x08002904        0x6 CMakeFiles/stm32u5a5jtxq.dir/Src/device/syscall.c.obj
                0x08002904                _close
 .text._fstat   0x0800290a        0xa CMakeFiles/stm32u5a5jtxq.dir/Src/device/syscall.c.obj
                0x0800290a                _fstat
 .text._isatty  0x08002914        0x4 CMakeFiles/stm32u5a5jtxq.dir/Src/device/syscall.c.obj
                0x08002914                _isatty
 .text._lseek   0x08002918        0x4 CMakeFiles/stm32u5a5jtxq.dir/Src/device/syscall.c.obj
                0x08002918                _lseek
 .text._sbrk    0x0800291c       0x48 CMakeFiles/stm32u5a5jtxq.dir/Src/device/sysmem.c.obj
                0x0800291c                _sbrk
 .text.SystemInit
                0x08002964       0x44 CMakeFiles/stm32u5a5jtxq.dir/Src/device/system_stm32u5xx.c.obj
                0x08002964                SystemInit
 .text.HAL_InitTick
                0x080029a8       0x50 CMakeFiles/stm32u5a5jtxq.dir/Src/lib/ST/STM32U5xx_HAL_Driver/Src/stm32u5xx_hal.c.obj
                0x080029a8                HAL_InitTick
 .text.HAL_Init
                0x080029f8       0x50 CMakeFiles/stm32u5a5jtxq.dir/Src/lib/ST/STM32U5xx_HAL_Driver/Src/stm32u5xx_hal.c.obj
                0x080029f8                HAL_Init
 .text.HAL_IncTick
                0x08002a48       0x18 CMakeFiles/stm32u5a5jtxq.dir/Src/lib/ST/STM32U5xx_HAL_Driver/Src/stm32u5xx_hal.c.obj
                0x08002a48                HAL_IncTick
 .text.HAL_GetTick
                0x08002a60        0xc CMakeFiles/stm32u5a5jtxq.dir/Src/lib/ST/STM32U5xx_HAL_Driver/Src/stm32u5xx_hal.c.obj
                0x08002a60                HAL_GetTick
 .text.HAL_Delay
                0x08002a6c       0x28 CMakeFiles/stm32u5a5jtxq.dir/Src/lib/ST/STM32U5xx_HAL_Driver/Src/stm32u5xx_hal.c.obj
                0x08002a6c                HAL_Delay
 .text.HAL_SYSCFG_EnableOTGPHY
                0x08002a94       0x14 CMakeFiles/stm32u5a5jtxq.dir/Src/lib/ST/STM32U5xx_HAL_Driver/Src/stm32u5xx_hal.c.obj
                0x08002a94                HAL_SYSCFG_EnableOTGPHY
 .text.HAL_SYSCFG_SetOTGPHYReferenceClockSelection
                0x08002aa8       0x14 CMakeFiles/stm32u5a5jtxq.dir/Src/lib/ST/STM32U5xx_HAL_Driver/Src/stm32u5xx_hal.c.obj
                0x08002aa8                HAL_SYSCFG_SetOTGPHYReferenceClockSelection
 .text.__NVIC_EnableIRQ
                0x08002abc       0x1c CMakeFiles/stm32u5a5jtxq.dir/Src/lib/ST/STM32U5xx_HAL_Driver/Src/stm32u5xx_hal_cortex.c.obj
 .text.__NVIC_SetPriority
                0x08002ad8       0x28 CMakeFiles/stm32u5a5jtxq.dir/Src/lib/ST/STM32U5xx_HAL_Driver/Src/stm32u5xx_hal_cortex.c.obj
 .text.NVIC_EncodePriority
                0x08002b00       0x3e CMakeFiles/stm32u5a5jtxq.dir/Src/lib/ST/STM32U5xx_HAL_Driver/Src/stm32u5xx_hal_cortex.c.obj
 *fill*         0x08002b3e        0x2 
 .text.HAL_NVIC_SetPriorityGrouping
                0x08002b40       0x24 CMakeFiles/stm32u5a5jtxq.dir/Src/lib/ST/STM32U5xx_HAL_Driver/Src/stm32u5xx_hal_cortex.c.obj
                0x08002b40                HAL_NVIC_SetPriorityGrouping
 .text.HAL_NVIC_SetPriority
                0x08002b64       0x20 CMakeFiles/stm32u5a5jtxq.dir/Src/lib/ST/STM32U5xx_HAL_Driver/Src/stm32u5xx_hal_cortex.c.obj
                0x08002b64                HAL_NVIC_SetPriority
 .text.HAL_NVIC_EnableIRQ
                0x08002b84        0x8 CMakeFiles/stm32u5a5jtxq.dir/Src/lib/ST/STM32U5xx_HAL_Driver/Src/stm32u5xx_hal_cortex.c.obj
                0x08002b84                HAL_NVIC_EnableIRQ
 .text.HAL_SYSTICK_Config
                0x08002b8c       0x28 CMakeFiles/stm32u5a5jtxq.dir/Src/lib/ST/STM32U5xx_HAL_Driver/Src/stm32u5xx_hal_cortex.c.obj
                0x08002b8c                HAL_SYSTICK_Config
 .text.DMA_SetConfig
                0x08002bb4       0x2a CMakeFiles/stm32u5a5jtxq.dir/Src/lib/ST/STM32U5xx_HAL_Driver/Src/stm32u5xx_hal_dma.c.obj
 *fill*         0x08002bde        0x2 
 .text.HAL_DMA_DeInit
                0x08002be0      0x100 CMakeFiles/stm32u5a5jtxq.dir/Src/lib/ST/STM32U5xx_HAL_Driver/Src/stm32u5xx_hal_dma.c.obj
                0x08002be0                HAL_DMA_DeInit
 .text.HAL_DMA_Start_IT
                0x08002ce0       0x7a CMakeFiles/stm32u5a5jtxq.dir/Src/lib/ST/STM32U5xx_HAL_Driver/Src/stm32u5xx_hal_dma.c.obj
                0x08002ce0                HAL_DMA_Start_IT
 .text.HAL_DMA_ConfigChannelAttributes
                0x08002d5a       0x46 CMakeFiles/stm32u5a5jtxq.dir/Src/lib/ST/STM32U5xx_HAL_Driver/Src/stm32u5xx_hal_dma.c.obj
                0x08002d5a                HAL_DMA_ConfigChannelAttributes
 .text.DMA_List_Init
                0x08002da0      0x1b0 CMakeFiles/stm32u5a5jtxq.dir/Src/lib/ST/STM32U5xx_HAL_Driver/Src/stm32u5xx_hal_dma_ex.c.obj
 .text.DMA_List_BuildNode
                0x08002f50      0x1ac CMakeFiles/stm32u5a5jtxq.dir/Src/lib/ST/STM32U5xx_HAL_Driver/Src/stm32u5xx_hal_dma_ex.c.obj
 .text.DMA_List_CheckNodesBaseAddresses
                0x080030fc       0x2e CMakeFiles/stm32u5a5jtxq.dir/Src/lib/ST/STM32U5xx_HAL_Driver/Src/stm32u5xx_hal_dma_ex.c.obj
 .text.DMA_List_CheckNodesTypes
                0x0800312a       0x3e CMakeFiles/stm32u5a5jtxq.dir/Src/lib/ST/STM32U5xx_HAL_Driver/Src/stm32u5xx_hal_dma_ex.c.obj
 .text.DMA_List_GetCLLRNodeInfo
                0x08003168       0x2c CMakeFiles/stm32u5a5jtxq.dir/Src/lib/ST/STM32U5xx_HAL_Driver/Src/stm32u5xx_hal_dma_ex.c.obj
 .text.DMA_List_FindNode
                0x08003194       0xcc CMakeFiles/stm32u5a5jtxq.dir/Src/lib/ST/STM32U5xx_HAL_Driver/Src/stm32u5xx_hal_dma_ex.c.obj
 .text.HAL_DMAEx_List_Init
                0x08003260       0x5e CMakeFiles/stm32u5a5jtxq.dir/Src/lib/ST/STM32U5xx_HAL_Driver/Src/stm32u5xx_hal_dma_ex.c.obj
                0x08003260                HAL_DMAEx_List_Init
 .text.HAL_DMAEx_List_Start_IT
                0x080032be       0xce CMakeFiles/stm32u5a5jtxq.dir/Src/lib/ST/STM32U5xx_HAL_Driver/Src/stm32u5xx_hal_dma_ex.c.obj
                0x080032be                HAL_DMAEx_List_Start_IT
 .text.HAL_DMAEx_List_BuildNode
                0x0800338c       0x16 CMakeFiles/stm32u5a5jtxq.dir/Src/lib/ST/STM32U5xx_HAL_Driver/Src/stm32u5xx_hal_dma_ex.c.obj
                0x0800338c                HAL_DMAEx_List_BuildNode
 .text.HAL_DMAEx_List_InsertNode
                0x080033a2      0x118 CMakeFiles/stm32u5a5jtxq.dir/Src/lib/ST/STM32U5xx_HAL_Driver/Src/stm32u5xx_hal_dma_ex.c.obj
                0x080033a2                HAL_DMAEx_List_InsertNode
 .text.HAL_DMAEx_List_SetCircularMode
                0x080034ba       0x80 CMakeFiles/stm32u5a5jtxq.dir/Src/lib/ST/STM32U5xx_HAL_Driver/Src/stm32u5xx_hal_dma_ex.c.obj
                0x080034ba                HAL_DMAEx_List_SetCircularMode
 *fill*         0x0800353a        0x2 
 .text.HAL_DMAEx_List_LinkQ
                0x0800353c       0xc8 CMakeFiles/stm32u5a5jtxq.dir/Src/lib/ST/STM32U5xx_HAL_Driver/Src/stm32u5xx_hal_dma_ex.c.obj
                0x0800353c                HAL_DMAEx_List_LinkQ
 .text.HAL_GPIO_Init
                0x08003604      0x21c CMakeFiles/stm32u5a5jtxq.dir/Src/lib/ST/STM32U5xx_HAL_Driver/Src/stm32u5xx_hal_gpio.c.obj
                0x08003604                HAL_GPIO_Init
 .text.HAL_GPIO_DeInit
                0x08003820      0x104 CMakeFiles/stm32u5a5jtxq.dir/Src/lib/ST/STM32U5xx_HAL_Driver/Src/stm32u5xx_hal_gpio.c.obj
                0x08003820                HAL_GPIO_DeInit
 .text.HAL_GPIO_WritePin
                0x08003924        0xa CMakeFiles/stm32u5a5jtxq.dir/Src/lib/ST/STM32U5xx_HAL_Driver/Src/stm32u5xx_hal_gpio.c.obj
                0x08003924                HAL_GPIO_WritePin
 .text.HAL_GPIO_EXTI_Rising_Callback
                0x0800392e        0x2 CMakeFiles/stm32u5a5jtxq.dir/Src/lib/ST/STM32U5xx_HAL_Driver/Src/stm32u5xx_hal_gpio.c.obj
                0x0800392e                HAL_GPIO_EXTI_Rising_Callback
 .text.HAL_GPIO_EXTI_Falling_Callback
                0x08003930        0x2 CMakeFiles/stm32u5a5jtxq.dir/Src/lib/ST/STM32U5xx_HAL_Driver/Src/stm32u5xx_hal_gpio.c.obj
                0x08003930                HAL_GPIO_EXTI_Falling_Callback
 *fill*         0x08003932        0x2 
 .text.HAL_GPIO_EXTI_IRQHandler
                0x08003934       0x30 CMakeFiles/stm32u5a5jtxq.dir/Src/lib/ST/STM32U5xx_HAL_Driver/Src/stm32u5xx_hal_gpio.c.obj
                0x08003934                HAL_GPIO_EXTI_IRQHandler
 .text.HAL_ICACHE_Enable
                0x08003964       0x14 CMakeFiles/stm32u5a5jtxq.dir/Src/lib/ST/STM32U5xx_HAL_Driver/Src/stm32u5xx_hal_icache.c.obj
                0x08003964                HAL_ICACHE_Enable
 .text.PCD_WriteEmptyTxFifo
                0x08003978       0xd0 CMakeFiles/stm32u5a5jtxq.dir/Src/lib/ST/STM32U5xx_HAL_Driver/Src/stm32u5xx_hal_pcd.c.obj
 .text.HAL_PCD_Init
                0x08003a48      0x12e CMakeFiles/stm32u5a5jtxq.dir/Src/lib/ST/STM32U5xx_HAL_Driver/Src/stm32u5xx_hal_pcd.c.obj
                0x08003a48                HAL_PCD_Init
 .text.HAL_PCD_DataOutStageCallback
                0x08003b76        0x2 CMakeFiles/stm32u5a5jtxq.dir/Src/lib/ST/STM32U5xx_HAL_Driver/Src/stm32u5xx_hal_pcd.c.obj
                0x08003b76                HAL_PCD_DataOutStageCallback
 .text.PCD_EP_OutXfrComplete_int
                0x08003b78      0x104 CMakeFiles/stm32u5a5jtxq.dir/Src/lib/ST/STM32U5xx_HAL_Driver/Src/stm32u5xx_hal_pcd.c.obj
 .text.HAL_PCD_DataInStageCallback
                0x08003c7c        0x2 CMakeFiles/stm32u5a5jtxq.dir/Src/lib/ST/STM32U5xx_HAL_Driver/Src/stm32u5xx_hal_pcd.c.obj
                0x08003c7c                HAL_PCD_DataInStageCallback
 .text.HAL_PCD_SetupStageCallback
                0x08003c7e        0x2 CMakeFiles/stm32u5a5jtxq.dir/Src/lib/ST/STM32U5xx_HAL_Driver/Src/stm32u5xx_hal_pcd.c.obj
                0x08003c7e                HAL_PCD_SetupStageCallback
 .text.PCD_EP_OutSetupPacket_int
                0x08003c80       0x50 CMakeFiles/stm32u5a5jtxq.dir/Src/lib/ST/STM32U5xx_HAL_Driver/Src/stm32u5xx_hal_pcd.c.obj
 .text.HAL_PCD_SOFCallback
                0x08003cd0        0x2 CMakeFiles/stm32u5a5jtxq.dir/Src/lib/ST/STM32U5xx_HAL_Driver/Src/stm32u5xx_hal_pcd.c.obj
                0x08003cd0                HAL_PCD_SOFCallback
 .text.HAL_PCD_ResetCallback
                0x08003cd2        0x2 CMakeFiles/stm32u5a5jtxq.dir/Src/lib/ST/STM32U5xx_HAL_Driver/Src/stm32u5xx_hal_pcd.c.obj
                0x08003cd2                HAL_PCD_ResetCallback
 .text.HAL_PCD_SuspendCallback
                0x08003cd4        0x2 CMakeFiles/stm32u5a5jtxq.dir/Src/lib/ST/STM32U5xx_HAL_Driver/Src/stm32u5xx_hal_pcd.c.obj
                0x08003cd4                HAL_PCD_SuspendCallback
 .text.HAL_PCD_ResumeCallback
                0x08003cd6        0x2 CMakeFiles/stm32u5a5jtxq.dir/Src/lib/ST/STM32U5xx_HAL_Driver/Src/stm32u5xx_hal_pcd.c.obj
                0x08003cd6                HAL_PCD_ResumeCallback
 .text.HAL_PCD_ISOOUTIncompleteCallback
                0x08003cd8        0x2 CMakeFiles/stm32u5a5jtxq.dir/Src/lib/ST/STM32U5xx_HAL_Driver/Src/stm32u5xx_hal_pcd.c.obj
                0x08003cd8                HAL_PCD_ISOOUTIncompleteCallback
 .text.HAL_PCD_ISOINIncompleteCallback
                0x08003cda        0x2 CMakeFiles/stm32u5a5jtxq.dir/Src/lib/ST/STM32U5xx_HAL_Driver/Src/stm32u5xx_hal_pcd.c.obj
                0x08003cda                HAL_PCD_ISOINIncompleteCallback
 .text.HAL_PCD_ConnectCallback
                0x08003cdc        0x2 CMakeFiles/stm32u5a5jtxq.dir/Src/lib/ST/STM32U5xx_HAL_Driver/Src/stm32u5xx_hal_pcd.c.obj
                0x08003cdc                HAL_PCD_ConnectCallback
 .text.HAL_PCD_DisconnectCallback
                0x08003cde        0x2 CMakeFiles/stm32u5a5jtxq.dir/Src/lib/ST/STM32U5xx_HAL_Driver/Src/stm32u5xx_hal_pcd.c.obj
                0x08003cde                HAL_PCD_DisconnectCallback
 .text.HAL_PCD_EP_Abort
                0x08003ce0       0x34 CMakeFiles/stm32u5a5jtxq.dir/Src/lib/ST/STM32U5xx_HAL_Driver/Src/stm32u5xx_hal_pcd.c.obj
                0x08003ce0                HAL_PCD_EP_Abort
 .text.HAL_PCD_IRQHandler
                0x08003d14      0x608 CMakeFiles/stm32u5a5jtxq.dir/Src/lib/ST/STM32U5xx_HAL_Driver/Src/stm32u5xx_hal_pcd.c.obj
                0x08003d14                HAL_PCD_IRQHandler
 .text.HAL_PCDEx_ActivateLPM
                0x0800431c       0x26 CMakeFiles/stm32u5a5jtxq.dir/Src/lib/ST/STM32U5xx_HAL_Driver/Src/stm32u5xx_hal_pcd_ex.c.obj
                0x0800431c                HAL_PCDEx_ActivateLPM
 .text.HAL_PCDEx_LPM_Callback
                0x08004342        0x2 CMakeFiles/stm32u5a5jtxq.dir/Src/lib/ST/STM32U5xx_HAL_Driver/Src/stm32u5xx_hal_pcd_ex.c.obj
                0x08004342                HAL_PCDEx_LPM_Callback
 .text.HAL_PWREx_ControlVoltageScaling
                0x08004344       0xa0 CMakeFiles/stm32u5a5jtxq.dir/Src/lib/ST/STM32U5xx_HAL_Driver/Src/stm32u5xx_hal_pwr_ex.c.obj
                0x08004344                HAL_PWREx_ControlVoltageScaling
 .text.HAL_PWREx_GetVoltageRange
                0x080043e4       0x10 CMakeFiles/stm32u5a5jtxq.dir/Src/lib/ST/STM32U5xx_HAL_Driver/Src/stm32u5xx_hal_pwr_ex.c.obj
                0x080043e4                HAL_PWREx_GetVoltageRange
 .text.HAL_PWREx_ConfigSupply
                0x080043f4       0x6c CMakeFiles/stm32u5a5jtxq.dir/Src/lib/ST/STM32U5xx_HAL_Driver/Src/stm32u5xx_hal_pwr_ex.c.obj
                0x080043f4                HAL_PWREx_ConfigSupply
 .text.HAL_PWREx_EnableVddUSB
                0x08004460       0x10 CMakeFiles/stm32u5a5jtxq.dir/Src/lib/ST/STM32U5xx_HAL_Driver/Src/stm32u5xx_hal_pwr_ex.c.obj
                0x08004460                HAL_PWREx_EnableVddUSB
 .text.HAL_PWREx_EnableVddIO2
                0x08004470       0x10 CMakeFiles/stm32u5a5jtxq.dir/Src/lib/ST/STM32U5xx_HAL_Driver/Src/stm32u5xx_hal_pwr_ex.c.obj
                0x08004470                HAL_PWREx_EnableVddIO2
 .text.HAL_PWREx_EnableUSBHSTranceiverSupply
                0x08004480       0x28 CMakeFiles/stm32u5a5jtxq.dir/Src/lib/ST/STM32U5xx_HAL_Driver/Src/stm32u5xx_hal_pwr_ex.c.obj
                0x08004480                HAL_PWREx_EnableUSBHSTranceiverSupply
 .text.HAL_PWREx_DisableUCPDDeadBattery
                0x080044a8       0x10 CMakeFiles/stm32u5a5jtxq.dir/Src/lib/ST/STM32U5xx_HAL_Driver/Src/stm32u5xx_hal_pwr_ex.c.obj
                0x080044a8                HAL_PWREx_DisableUCPDDeadBattery
 .text.RCC_SetFlashLatencyFromMSIRange
                0x080044b8       0xc4 CMakeFiles/stm32u5a5jtxq.dir/Src/lib/ST/STM32U5xx_HAL_Driver/Src/stm32u5xx_hal_rcc.c.obj
 .text.HAL_RCC_GetSysClockFreq
                0x0800457c      0x17c CMakeFiles/stm32u5a5jtxq.dir/Src/lib/ST/STM32U5xx_HAL_Driver/Src/stm32u5xx_hal_rcc.c.obj
                0x0800457c                HAL_RCC_GetSysClockFreq
 .text.HAL_RCC_ClockConfig
                0x080046f8      0x30c CMakeFiles/stm32u5a5jtxq.dir/Src/lib/ST/STM32U5xx_HAL_Driver/Src/stm32u5xx_hal_rcc.c.obj
                0x080046f8                HAL_RCC_ClockConfig
 .text.HAL_RCC_GetHCLKFreq
                0x08004a04       0x28 CMakeFiles/stm32u5a5jtxq.dir/Src/lib/ST/STM32U5xx_HAL_Driver/Src/stm32u5xx_hal_rcc.c.obj
                0x08004a04                HAL_RCC_GetHCLKFreq
 .text.HAL_RCC_OscConfig
                0x08004a2c      0xaa0 CMakeFiles/stm32u5a5jtxq.dir/Src/lib/ST/STM32U5xx_HAL_Driver/Src/stm32u5xx_hal_rcc.c.obj
                0x08004a2c                HAL_RCC_OscConfig
 .text.HAL_RCC_GetPCLK1Freq
                0x080054cc       0x20 CMakeFiles/stm32u5a5jtxq.dir/Src/lib/ST/STM32U5xx_HAL_Driver/Src/stm32u5xx_hal_rcc.c.obj
                0x080054cc                HAL_RCC_GetPCLK1Freq
 .text.HAL_RCC_GetPCLK2Freq
                0x080054ec       0x20 CMakeFiles/stm32u5a5jtxq.dir/Src/lib/ST/STM32U5xx_HAL_Driver/Src/stm32u5xx_hal_rcc.c.obj
                0x080054ec                HAL_RCC_GetPCLK2Freq
 .text.HAL_RCC_GetPCLK3Freq
                0x0800550c       0x20 CMakeFiles/stm32u5a5jtxq.dir/Src/lib/ST/STM32U5xx_HAL_Driver/Src/stm32u5xx_hal_rcc.c.obj
                0x0800550c                HAL_RCC_GetPCLK3Freq
 .text.RCCEx_PLL3_Config
                0x0800552c       0xe4 CMakeFiles/stm32u5a5jtxq.dir/Src/lib/ST/STM32U5xx_HAL_Driver/Src/stm32u5xx_hal_rcc_ex.c.obj
 .text.RCCEx_PLL2_Config
                0x08005610       0xe4 CMakeFiles/stm32u5a5jtxq.dir/Src/lib/ST/STM32U5xx_HAL_Driver/Src/stm32u5xx_hal_rcc_ex.c.obj
 .text.HAL_RCCEx_PeriphCLKConfig
                0x080056f4      0x79c CMakeFiles/stm32u5a5jtxq.dir/Src/lib/ST/STM32U5xx_HAL_Driver/Src/stm32u5xx_hal_rcc_ex.c.obj
                0x080056f4                HAL_RCCEx_PeriphCLKConfig
 .text.HAL_RCCEx_GetPLL1ClockFreq
                0x08005e90      0x21c CMakeFiles/stm32u5a5jtxq.dir/Src/lib/ST/STM32U5xx_HAL_Driver/Src/stm32u5xx_hal_rcc_ex.c.obj
                0x08005e90                HAL_RCCEx_GetPLL1ClockFreq
 .text.HAL_RCCEx_GetPLL2ClockFreq
                0x080060ac      0x21c CMakeFiles/stm32u5a5jtxq.dir/Src/lib/ST/STM32U5xx_HAL_Driver/Src/stm32u5xx_hal_rcc_ex.c.obj
                0x080060ac                HAL_RCCEx_GetPLL2ClockFreq
 .text.HAL_RCCEx_GetPLL3ClockFreq
                0x080062c8      0x21c CMakeFiles/stm32u5a5jtxq.dir/Src/lib/ST/STM32U5xx_HAL_Driver/Src/stm32u5xx_hal_rcc_ex.c.obj
                0x080062c8                HAL_RCCEx_GetPLL3ClockFreq
 .text.HAL_RCCEx_GetPeriphCLKFreq
                0x080064e4     0x122c CMakeFiles/stm32u5a5jtxq.dir/Src/lib/ST/STM32U5xx_HAL_Driver/Src/stm32u5xx_hal_rcc_ex.c.obj
                0x080064e4                HAL_RCCEx_GetPeriphCLKFreq
 .text.TIM_TI1_ConfigInputStage
                0x08007710       0x26 CMakeFiles/stm32u5a5jtxq.dir/Src/lib/ST/STM32U5xx_HAL_Driver/Src/stm32u5xx_hal_tim.c.obj
 .text.TIM_TI2_ConfigInputStage
                0x08007736       0x28 CMakeFiles/stm32u5a5jtxq.dir/Src/lib/ST/STM32U5xx_HAL_Driver/Src/stm32u5xx_hal_tim.c.obj
 .text.TIM_ITRx_SetConfig
                0x0800775e       0x14 CMakeFiles/stm32u5a5jtxq.dir/Src/lib/ST/STM32U5xx_HAL_Driver/Src/stm32u5xx_hal_tim.c.obj
 *fill*         0x08007772        0x2 
 .text.TIM_Base_SetConfig
                0x08007774      0x164 CMakeFiles/stm32u5a5jtxq.dir/Src/lib/ST/STM32U5xx_HAL_Driver/Src/stm32u5xx_hal_tim.c.obj
                0x08007774                TIM_Base_SetConfig
 .text.HAL_TIM_Base_Init
                0x080078d8       0x60 CMakeFiles/stm32u5a5jtxq.dir/Src/lib/ST/STM32U5xx_HAL_Driver/Src/stm32u5xx_hal_tim.c.obj
                0x080078d8                HAL_TIM_Base_Init
 .text.TIM_ETR_SetConfig
                0x08007938       0x1a CMakeFiles/stm32u5a5jtxq.dir/Src/lib/ST/STM32U5xx_HAL_Driver/Src/stm32u5xx_hal_tim.c.obj
                0x08007938                TIM_ETR_SetConfig
 *fill*         0x08007952        0x2 
 .text.HAL_TIM_ConfigClockSource
                0x08007954      0x140 CMakeFiles/stm32u5a5jtxq.dir/Src/lib/ST/STM32U5xx_HAL_Driver/Src/stm32u5xx_hal_tim.c.obj
                0x08007954                HAL_TIM_ConfigClockSource
 .text.HAL_TIMEx_MasterConfigSynchronization
                0x08007a94       0xe8 CMakeFiles/stm32u5a5jtxq.dir/Src/lib/ST/STM32U5xx_HAL_Driver/Src/stm32u5xx_hal_tim_ex.c.obj
                0x08007a94                HAL_TIMEx_MasterConfigSynchronization
 .text.UART_EndTxTransfer
                0x08007b7c       0x32 CMakeFiles/stm32u5a5jtxq.dir/Src/lib/ST/STM32U5xx_HAL_Driver/Src/stm32u5xx_hal_uart.c.obj
 .text.UART_EndRxTransfer
                0x08007bae       0x56 CMakeFiles/stm32u5a5jtxq.dir/Src/lib/ST/STM32U5xx_HAL_Driver/Src/stm32u5xx_hal_uart.c.obj
 .text.HAL_UART_DeInit
                0x08007c04       0x44 CMakeFiles/stm32u5a5jtxq.dir/Src/lib/ST/STM32U5xx_HAL_Driver/Src/stm32u5xx_hal_uart.c.obj
                0x08007c04                HAL_UART_DeInit
 .text.HAL_UART_RxCpltCallback
                0x08007c48        0x2 CMakeFiles/stm32u5a5jtxq.dir/Src/lib/ST/STM32U5xx_HAL_Driver/Src/stm32u5xx_hal_uart.c.obj
                0x08007c48                HAL_UART_RxCpltCallback
 .text.HAL_UART_RxHalfCpltCallback
                0x08007c4a        0x2 CMakeFiles/stm32u5a5jtxq.dir/Src/lib/ST/STM32U5xx_HAL_Driver/Src/stm32u5xx_hal_uart.c.obj
                0x08007c4a                HAL_UART_RxHalfCpltCallback
 .text.HAL_UART_ErrorCallback
                0x08007c4c        0x2 CMakeFiles/stm32u5a5jtxq.dir/Src/lib/ST/STM32U5xx_HAL_Driver/Src/stm32u5xx_hal_uart.c.obj
                0x08007c4c                HAL_UART_ErrorCallback
 .text.UART_DMAError
                0x08007c4e       0x58 CMakeFiles/stm32u5a5jtxq.dir/Src/lib/ST/STM32U5xx_HAL_Driver/Src/stm32u5xx_hal_uart.c.obj
 .text.HAL_UARTEx_RxEventCallback
                0x08007ca6        0x2 CMakeFiles/stm32u5a5jtxq.dir/Src/lib/ST/STM32U5xx_HAL_Driver/Src/stm32u5xx_hal_uart.c.obj
                0x08007ca6                HAL_UARTEx_RxEventCallback
 .text.UART_DMARxHalfCplt
                0x08007ca8       0x20 CMakeFiles/stm32u5a5jtxq.dir/Src/lib/ST/STM32U5xx_HAL_Driver/Src/stm32u5xx_hal_uart.c.obj
 .text.UART_DMAReceiveCplt
                0x08007cc8       0x8e CMakeFiles/stm32u5a5jtxq.dir/Src/lib/ST/STM32U5xx_HAL_Driver/Src/stm32u5xx_hal_uart.c.obj
 *fill*         0x08007d56        0x2 
 .text.UART_SetConfig
                0x08007d58      0x1e4 CMakeFiles/stm32u5a5jtxq.dir/Src/lib/ST/STM32U5xx_HAL_Driver/Src/stm32u5xx_hal_uart.c.obj
                0x08007d58                UART_SetConfig
 .text.UART_AdvFeatureConfig
                0x08007f3c       0xca CMakeFiles/stm32u5a5jtxq.dir/Src/lib/ST/STM32U5xx_HAL_Driver/Src/stm32u5xx_hal_uart.c.obj
                0x08007f3c                UART_AdvFeatureConfig
 .text.UART_WaitOnFlagUntilTimeout
                0x08008006       0x96 CMakeFiles/stm32u5a5jtxq.dir/Src/lib/ST/STM32U5xx_HAL_Driver/Src/stm32u5xx_hal_uart.c.obj
                0x08008006                UART_WaitOnFlagUntilTimeout
 .text.HAL_UART_Transmit
                0x0800809c       0xd2 CMakeFiles/stm32u5a5jtxq.dir/Src/lib/ST/STM32U5xx_HAL_Driver/Src/stm32u5xx_hal_uart.c.obj
                0x0800809c                HAL_UART_Transmit
 .text.UART_CheckIdleState
                0x0800816e       0xca CMakeFiles/stm32u5a5jtxq.dir/Src/lib/ST/STM32U5xx_HAL_Driver/Src/stm32u5xx_hal_uart.c.obj
                0x0800816e                UART_CheckIdleState
 .text.HAL_UART_Init
                0x08008238       0x66 CMakeFiles/stm32u5a5jtxq.dir/Src/lib/ST/STM32U5xx_HAL_Driver/Src/stm32u5xx_hal_uart.c.obj
                0x08008238                HAL_UART_Init
 *fill*         0x0800829e        0x2 
 .text.UART_Start_Receive_DMA
                0x080082a0      0x104 CMakeFiles/stm32u5a5jtxq.dir/Src/lib/ST/STM32U5xx_HAL_Driver/Src/stm32u5xx_hal_uart.c.obj
                0x080082a0                UART_Start_Receive_DMA
 .text.HAL_UART_Receive_DMA
                0x080083a4       0x54 CMakeFiles/stm32u5a5jtxq.dir/Src/lib/ST/STM32U5xx_HAL_Driver/Src/stm32u5xx_hal_uart.c.obj
                0x080083a4                HAL_UART_Receive_DMA
 .text.HAL_RS485Ex_Init
                0x080083f8       0x86 CMakeFiles/stm32u5a5jtxq.dir/Src/lib/ST/STM32U5xx_HAL_Driver/Src/stm32u5xx_hal_uart_ex.c.obj
                0x080083f8                HAL_RS485Ex_Init
 *fill*         0x0800847e        0x2 
 .text.USB_CoreReset
                0x08008480       0x50 CMakeFiles/stm32u5a5jtxq.dir/Src/lib/ST/STM32U5xx_HAL_Driver/Src/stm32u5xx_ll_usb.c.obj
 .text.USB_CoreInit
                0x080084d0       0x42 CMakeFiles/stm32u5a5jtxq.dir/Src/lib/ST/STM32U5xx_HAL_Driver/Src/stm32u5xx_ll_usb.c.obj
                0x080084d0                USB_CoreInit
 *fill*         0x08008512        0x2 
 .text.USB_SetTurnaroundTime
                0x08008514       0xe4 CMakeFiles/stm32u5a5jtxq.dir/Src/lib/ST/STM32U5xx_HAL_Driver/Src/stm32u5xx_ll_usb.c.obj
                0x08008514                USB_SetTurnaroundTime
 .text.USB_DisableGlobalInt
                0x080085f8        0xc CMakeFiles/stm32u5a5jtxq.dir/Src/lib/ST/STM32U5xx_HAL_Driver/Src/stm32u5xx_ll_usb.c.obj
                0x080085f8                USB_DisableGlobalInt
 .text.USB_FlushTxFifo
                0x08008604       0x50 CMakeFiles/stm32u5a5jtxq.dir/Src/lib/ST/STM32U5xx_HAL_Driver/Src/stm32u5xx_ll_usb.c.obj
                0x08008604                USB_FlushTxFifo
 .text.USB_FlushRxFifo
                0x08008654       0x4c CMakeFiles/stm32u5a5jtxq.dir/Src/lib/ST/STM32U5xx_HAL_Driver/Src/stm32u5xx_ll_usb.c.obj
                0x08008654                USB_FlushRxFifo
 .text.USB_SetDevSpeed
                0x080086a0        0xe CMakeFiles/stm32u5a5jtxq.dir/Src/lib/ST/STM32U5xx_HAL_Driver/Src/stm32u5xx_ll_usb.c.obj
                0x080086a0                USB_SetDevSpeed
 *fill*         0x080086ae        0x2 
 .text.USB_DevInit
                0x080086b0      0x198 CMakeFiles/stm32u5a5jtxq.dir/Src/lib/ST/STM32U5xx_HAL_Driver/Src/stm32u5xx_ll_usb.c.obj
                0x080086b0                USB_DevInit
 .text.USB_GetDevSpeed
                0x08008848       0x22 CMakeFiles/stm32u5a5jtxq.dir/Src/lib/ST/STM32U5xx_HAL_Driver/Src/stm32u5xx_ll_usb.c.obj
                0x08008848                USB_GetDevSpeed
 .text.USB_EPStopXfer
                0x0800886a       0xbe CMakeFiles/stm32u5a5jtxq.dir/Src/lib/ST/STM32U5xx_HAL_Driver/Src/stm32u5xx_ll_usb.c.obj
                0x0800886a                USB_EPStopXfer
 .text.USB_WritePacket
                0x08008928       0x2e CMakeFiles/stm32u5a5jtxq.dir/Src/lib/ST/STM32U5xx_HAL_Driver/Src/stm32u5xx_ll_usb.c.obj
                0x08008928                USB_WritePacket
 .text.USB_ReadPacket
                0x08008956       0x46 CMakeFiles/stm32u5a5jtxq.dir/Src/lib/ST/STM32U5xx_HAL_Driver/Src/stm32u5xx_ll_usb.c.obj
                0x08008956                USB_ReadPacket
 .text.USB_DevDisconnect
                0x0800899c       0x1c CMakeFiles/stm32u5a5jtxq.dir/Src/lib/ST/STM32U5xx_HAL_Driver/Src/stm32u5xx_ll_usb.c.obj
                0x0800899c                USB_DevDisconnect
 .text.USB_ReadInterrupts
                0x080089b8        0x8 CMakeFiles/stm32u5a5jtxq.dir/Src/lib/ST/STM32U5xx_HAL_Driver/Src/stm32u5xx_ll_usb.c.obj
                0x080089b8                USB_ReadInterrupts
 .text.USB_ReadDevAllOutEpInterrupt
                0x080089c0       0x10 CMakeFiles/stm32u5a5jtxq.dir/Src/lib/ST/STM32U5xx_HAL_Driver/Src/stm32u5xx_ll_usb.c.obj
                0x080089c0                USB_ReadDevAllOutEpInterrupt
 .text.USB_ReadDevAllInEpInterrupt
                0x080089d0       0x10 CMakeFiles/stm32u5a5jtxq.dir/Src/lib/ST/STM32U5xx_HAL_Driver/Src/stm32u5xx_ll_usb.c.obj
                0x080089d0                USB_ReadDevAllInEpInterrupt
 .text.USB_ReadDevOutEPInterrupt
                0x080089e0       0x12 CMakeFiles/stm32u5a5jtxq.dir/Src/lib/ST/STM32U5xx_HAL_Driver/Src/stm32u5xx_ll_usb.c.obj
                0x080089e0                USB_ReadDevOutEPInterrupt
 .text.USB_ReadDevInEPInterrupt
                0x080089f2       0x24 CMakeFiles/stm32u5a5jtxq.dir/Src/lib/ST/STM32U5xx_HAL_Driver/Src/stm32u5xx_ll_usb.c.obj
                0x080089f2                USB_ReadDevInEPInterrupt
 .text.USB_GetMode
                0x08008a16        0x8 CMakeFiles/stm32u5a5jtxq.dir/Src/lib/ST/STM32U5xx_HAL_Driver/Src/stm32u5xx_ll_usb.c.obj
                0x08008a16                USB_GetMode
 .text.USB_SetCurrentMode
                0x08008a1e       0x62 CMakeFiles/stm32u5a5jtxq.dir/Src/lib/ST/STM32U5xx_HAL_Driver/Src/stm32u5xx_ll_usb.c.obj
                0x08008a1e                USB_SetCurrentMode
 .text.USB_ActivateSetup
                0x08008a80       0x20 CMakeFiles/stm32u5a5jtxq.dir/Src/lib/ST/STM32U5xx_HAL_Driver/Src/stm32u5xx_ll_usb.c.obj
                0x08008a80                USB_ActivateSetup
 .text.USB_EP0_OutStart
                0x08008aa0       0x60 CMakeFiles/stm32u5a5jtxq.dir/Src/lib/ST/STM32U5xx_HAL_Driver/Src/stm32u5xx_ll_usb.c.obj
                0x08008aa0                USB_EP0_OutStart
 .text.main     0x08008b00       0x12 CMakeFiles/stm32u5a5jtxq.dir/Src/main.cpp.obj
                0x08008b00                main
 .text.sulp     0x08008b12       0x3c C:/ST/STM32CubeCLT_1.15.0/GNU-tools-for-STM32/bin/../lib/gcc/arm-none-eabi/12.3.1/../../../../arm-none-eabi/lib/thumb/v8-m.main+fp/hard\libc.a(libc_a-strtod.o)
 *fill*         0x08008b4e        0x2 
 .text._strtod_l
                0x08008b50      0xbc8 C:/ST/STM32CubeCLT_1.15.0/GNU-tools-for-STM32/bin/../lib/gcc/arm-none-eabi/12.3.1/../../../../arm-none-eabi/lib/thumb/v8-m.main+fp/hard\libc.a(libc_a-strtod.o)
                0x08008b50                _strtod_l
 .text.strtof   0x08009718       0xc8 C:/ST/STM32CubeCLT_1.15.0/GNU-tools-for-STM32/bin/../lib/gcc/arm-none-eabi/12.3.1/../../../../arm-none-eabi/lib/thumb/v8-m.main+fp/hard\libc.a(libc_a-strtod.o)
                0x08009718                strtof
 .text._strtoul_l.constprop.0
                0x080097e0       0xdc C:/ST/STM32CubeCLT_1.15.0/GNU-tools-for-STM32/bin/../lib/gcc/arm-none-eabi/12.3.1/../../../../arm-none-eabi/lib/thumb/v8-m.main+fp/hard\libc.a(libc_a-strtoul.o)
 .text.strtoul  0x080098bc       0x14 C:/ST/STM32CubeCLT_1.15.0/GNU-tools-for-STM32/bin/../lib/gcc/arm-none-eabi/12.3.1/../../../../arm-none-eabi/lib/thumb/v8-m.main+fp/hard\libc.a(libc_a-strtoul.o)
                0x080098bc                strtoul
 .text.std      0x080098d0       0x6c C:/ST/STM32CubeCLT_1.15.0/GNU-tools-for-STM32/bin/../lib/gcc/arm-none-eabi/12.3.1/../../../../arm-none-eabi/lib/thumb/v8-m.main+fp/hard\libc.a(libc_a-findfp.o)
 .text.stdio_exit_handler
                0x0800993c       0x18 C:/ST/STM32CubeCLT_1.15.0/GNU-tools-for-STM32/bin/../lib/gcc/arm-none-eabi/12.3.1/../../../../arm-none-eabi/lib/thumb/v8-m.main+fp/hard\libc.a(libc_a-findfp.o)
 .text.cleanup_stdio
                0x08009954       0x40 C:/ST/STM32CubeCLT_1.15.0/GNU-tools-for-STM32/bin/../lib/gcc/arm-none-eabi/12.3.1/../../../../arm-none-eabi/lib/thumb/v8-m.main+fp/hard\libc.a(libc_a-findfp.o)
 .text.global_stdio_init.part.0
                0x08009994       0x3c C:/ST/STM32CubeCLT_1.15.0/GNU-tools-for-STM32/bin/../lib/gcc/arm-none-eabi/12.3.1/../../../../arm-none-eabi/lib/thumb/v8-m.main+fp/hard\libc.a(libc_a-findfp.o)
 .text.__sfp_lock_acquire
                0x080099d0        0xc C:/ST/STM32CubeCLT_1.15.0/GNU-tools-for-STM32/bin/../lib/gcc/arm-none-eabi/12.3.1/../../../../arm-none-eabi/lib/thumb/v8-m.main+fp/hard\libc.a(libc_a-findfp.o)
                0x080099d0                __sfp_lock_acquire
 .text.__sfp_lock_release
                0x080099dc        0xc C:/ST/STM32CubeCLT_1.15.0/GNU-tools-for-STM32/bin/../lib/gcc/arm-none-eabi/12.3.1/../../../../arm-none-eabi/lib/thumb/v8-m.main+fp/hard\libc.a(libc_a-findfp.o)
                0x080099dc                __sfp_lock_release
 .text.__sinit  0x080099e8       0x30 C:/ST/STM32CubeCLT_1.15.0/GNU-tools-for-STM32/bin/../lib/gcc/arm-none-eabi/12.3.1/../../../../arm-none-eabi/lib/thumb/v8-m.main+fp/hard\libc.a(libc_a-findfp.o)
                0x080099e8                __sinit
 .text._fwalk_sglue
                0x08009a18       0x3c C:/ST/STM32CubeCLT_1.15.0/GNU-tools-for-STM32/bin/../lib/gcc/arm-none-eabi/12.3.1/../../../../arm-none-eabi/lib/thumb/v8-m.main+fp/hard\libc.a(libc_a-fwalk.o)
                0x08009a18                _fwalk_sglue
 .text.snprintf
                0x08009a54       0x68 C:/ST/STM32CubeCLT_1.15.0/GNU-tools-for-STM32/bin/../lib/gcc/arm-none-eabi/12.3.1/../../../../arm-none-eabi/lib/thumb/v8-m.main+fp/hard\libc.a(libc_a-snprintf.o)
                0x08009a54                snprintf
 .text.__sread  0x08009abc       0x22 C:/ST/STM32CubeCLT_1.15.0/GNU-tools-for-STM32/bin/../lib/gcc/arm-none-eabi/12.3.1/../../../../arm-none-eabi/lib/thumb/v8-m.main+fp/hard\libc.a(libc_a-stdio.o)
                0x08009abc                __sread
 .text.__swrite
                0x08009ade       0x38 C:/ST/STM32CubeCLT_1.15.0/GNU-tools-for-STM32/bin/../lib/gcc/arm-none-eabi/12.3.1/../../../../arm-none-eabi/lib/thumb/v8-m.main+fp/hard\libc.a(libc_a-stdio.o)
                0x08009ade                __swrite
 .text.__sseek  0x08009b16       0x24 C:/ST/STM32CubeCLT_1.15.0/GNU-tools-for-STM32/bin/../lib/gcc/arm-none-eabi/12.3.1/../../../../arm-none-eabi/lib/thumb/v8-m.main+fp/hard\libc.a(libc_a-stdio.o)
                0x08009b16                __sseek
 .text.__sclose
                0x08009b3a        0x8 C:/ST/STM32CubeCLT_1.15.0/GNU-tools-for-STM32/bin/../lib/gcc/arm-none-eabi/12.3.1/../../../../arm-none-eabi/lib/thumb/v8-m.main+fp/hard\libc.a(libc_a-stdio.o)
                0x08009b3a                __sclose
 .text._vsnprintf_r
                0x08009b42       0x56 C:/ST/STM32CubeCLT_1.15.0/GNU-tools-for-STM32/bin/../lib/gcc/arm-none-eabi/12.3.1/../../../../arm-none-eabi/lib/thumb/v8-m.main+fp/hard\libc.a(libc_a-vsnprintf.o)
                0x08009b42                _vsnprintf_r
 .text.vsnprintf
                0x08009b98       0x1c C:/ST/STM32CubeCLT_1.15.0/GNU-tools-for-STM32/bin/../lib/gcc/arm-none-eabi/12.3.1/../../../../arm-none-eabi/lib/thumb/v8-m.main+fp/hard\libc.a(libc_a-vsnprintf.o)
                0x08009b98                vsnprintf
 .text.memset   0x08009bb4       0x10 C:/ST/STM32CubeCLT_1.15.0/GNU-tools-for-STM32/bin/../lib/gcc/arm-none-eabi/12.3.1/../../../../arm-none-eabi/lib/thumb/v8-m.main+fp/hard\libc.a(libc_a-memset.o)
                0x08009bb4                memset
 .text.strncmp  0x08009bc4       0x24 C:/ST/STM32CubeCLT_1.15.0/GNU-tools-for-STM32/bin/../lib/gcc/arm-none-eabi/12.3.1/../../../../arm-none-eabi/lib/thumb/v8-m.main+fp/hard\libc.a(libc_a-strncmp.o)
                0x08009bc4                strncmp
 .text.__strtok_r
                0x08009be8       0x50 C:/ST/STM32CubeCLT_1.15.0/GNU-tools-for-STM32/bin/../lib/gcc/arm-none-eabi/12.3.1/../../../../arm-none-eabi/lib/thumb/v8-m.main+fp/hard\libc.a(libc_a-strtok_r.o)
                0x08009be8                __strtok_r
 .text.strtok_r
                0x08009c38        0x6 C:/ST/STM32CubeCLT_1.15.0/GNU-tools-for-STM32/bin/../lib/gcc/arm-none-eabi/12.3.1/../../../../arm-none-eabi/lib/thumb/v8-m.main+fp/hard\libc.a(libc_a-strtok_r.o)
                0x08009c38                strtok_r
 *fill*         0x08009c3e        0x2 
 .text.__locale_mb_cur_max
                0x08009c40        0xc C:/ST/STM32CubeCLT_1.15.0/GNU-tools-for-STM32/bin/../lib/gcc/arm-none-eabi/12.3.1/../../../../arm-none-eabi/lib/thumb/v8-m.main+fp/hard\libc.a(libc_a-locale.o)
                0x08009c40                __locale_mb_cur_max
 .text._close_r
                0x08009c4c       0x20 C:/ST/STM32CubeCLT_1.15.0/GNU-tools-for-STM32/bin/../lib/gcc/arm-none-eabi/12.3.1/../../../../arm-none-eabi/lib/thumb/v8-m.main+fp/hard\libc.a(libc_a-closer.o)
                0x08009c4c                _close_r
 .text._lseek_r
                0x08009c6c       0x24 C:/ST/STM32CubeCLT_1.15.0/GNU-tools-for-STM32/bin/../lib/gcc/arm-none-eabi/12.3.1/../../../../arm-none-eabi/lib/thumb/v8-m.main+fp/hard\libc.a(libc_a-lseekr.o)
                0x08009c6c                _lseek_r
 .text._read_r  0x08009c90       0x24 C:/ST/STM32CubeCLT_1.15.0/GNU-tools-for-STM32/bin/../lib/gcc/arm-none-eabi/12.3.1/../../../../arm-none-eabi/lib/thumb/v8-m.main+fp/hard\libc.a(libc_a-readr.o)
                0x08009c90                _read_r
 .text._write_r
                0x08009cb4       0x24 C:/ST/STM32CubeCLT_1.15.0/GNU-tools-for-STM32/bin/../lib/gcc/arm-none-eabi/12.3.1/../../../../arm-none-eabi/lib/thumb/v8-m.main+fp/hard\libc.a(libc_a-writer.o)
                0x08009cb4                _write_r
 .text.__errno  0x08009cd8        0xc C:/ST/STM32CubeCLT_1.15.0/GNU-tools-for-STM32/bin/../lib/gcc/arm-none-eabi/12.3.1/../../../../arm-none-eabi/lib/thumb/v8-m.main+fp/hard\libc.a(libc_a-errno.o)
                0x08009cd8                __errno
 .text.__libc_init_array
                0x08009ce4       0x48 C:/ST/STM32CubeCLT_1.15.0/GNU-tools-for-STM32/bin/../lib/gcc/arm-none-eabi/12.3.1/../../../../arm-none-eabi/lib/thumb/v8-m.main+fp/hard\libc.a(libc_a-init.o)
                0x08009ce4                __libc_init_array
 .text.__retarget_lock_init_recursive
                0x08009d2c        0x2 C:/ST/STM32CubeCLT_1.15.0/GNU-tools-for-STM32/bin/../lib/gcc/arm-none-eabi/12.3.1/../../../../arm-none-eabi/lib/thumb/v8-m.main+fp/hard\libc.a(libc_a-lock.o)
                0x08009d2c                __retarget_lock_init_recursive
 .text.__retarget_lock_close_recursive
                0x08009d2e        0x2 C:/ST/STM32CubeCLT_1.15.0/GNU-tools-for-STM32/bin/../lib/gcc/arm-none-eabi/12.3.1/../../../../arm-none-eabi/lib/thumb/v8-m.main+fp/hard\libc.a(libc_a-lock.o)
                0x08009d2e                __retarget_lock_close_recursive
 .text.__retarget_lock_acquire_recursive
                0x08009d30        0x2 C:/ST/STM32CubeCLT_1.15.0/GNU-tools-for-STM32/bin/../lib/gcc/arm-none-eabi/12.3.1/../../../../arm-none-eabi/lib/thumb/v8-m.main+fp/hard\libc.a(libc_a-lock.o)
                0x08009d30                __retarget_lock_acquire_recursive
 .text.__retarget_lock_release_recursive
                0x08009d32        0x2 C:/ST/STM32CubeCLT_1.15.0/GNU-tools-for-STM32/bin/../lib/gcc/arm-none-eabi/12.3.1/../../../../arm-none-eabi/lib/thumb/v8-m.main+fp/hard\libc.a(libc_a-lock.o)
                0x08009d32                __retarget_lock_release_recursive
 .text.strcpy   0x08009d34       0x10 C:/ST/STM32CubeCLT_1.15.0/GNU-tools-for-STM32/bin/../lib/gcc/arm-none-eabi/12.3.1/../../../../arm-none-eabi/lib/thumb/v8-m.main+fp/hard\libc.a(libc_a-strcpy.o)
                0x08009d34                strcpy
 .text.memcpy   0x08009d44       0x1a C:/ST/STM32CubeCLT_1.15.0/GNU-tools-for-STM32/bin/../lib/gcc/arm-none-eabi/12.3.1/../../../../arm-none-eabi/lib/thumb/v8-m.main+fp/hard\libc.a(libc_a-memcpy-stub.o)
                0x08009d44                memcpy
 *fill*         0x08009d5e        0x2 
 .text.nan      0x08009d60       0x10 C:/ST/STM32CubeCLT_1.15.0/GNU-tools-for-STM32/bin/../lib/gcc/arm-none-eabi/12.3.1/../../../../arm-none-eabi/lib/thumb/v8-m.main+fp/hard\libc.a(libm_a-s_nan.o)
                0x08009d60                nan
 .text.nanf     0x08009d70        0xc C:/ST/STM32CubeCLT_1.15.0/GNU-tools-for-STM32/bin/../lib/gcc/arm-none-eabi/12.3.1/../../../../arm-none-eabi/lib/thumb/v8-m.main+fp/hard\libc.a(libm_a-sf_nan.o)
                0x08009d70                nanf
 .text.startup.register_fini
                0x08009d7c       0x14 C:/ST/STM32CubeCLT_1.15.0/GNU-tools-for-STM32/bin/../lib/gcc/arm-none-eabi/12.3.1/../../../../arm-none-eabi/lib/thumb/v8-m.main+fp/hard\libc.a(libc_a-__call_atexit.o)
 .text.atexit   0x08009d90        0xc C:/ST/STM32CubeCLT_1.15.0/GNU-tools-for-STM32/bin/../lib/gcc/arm-none-eabi/12.3.1/../../../../arm-none-eabi/lib/thumb/v8-m.main+fp/hard\libc.a(libc_a-atexit.o)
                0x08009d90                atexit
 .text._malloc_trim_r
                0x08009d9c       0xac C:/ST/STM32CubeCLT_1.15.0/GNU-tools-for-STM32/bin/../lib/gcc/arm-none-eabi/12.3.1/../../../../arm-none-eabi/lib/thumb/v8-m.main+fp/hard\libc.a(libc_a-freer.o)
                0x08009d9c                _malloc_trim_r
 .text._free_r  0x08009e48      0x180 C:/ST/STM32CubeCLT_1.15.0/GNU-tools-for-STM32/bin/../lib/gcc/arm-none-eabi/12.3.1/../../../../arm-none-eabi/lib/thumb/v8-m.main+fp/hard\libc.a(libc_a-freer.o)
                0x08009e48                _free_r
 .text.rshift   0x08009fc8       0xa2 C:/ST/STM32CubeCLT_1.15.0/GNU-tools-for-STM32/bin/../lib/gcc/arm-none-eabi/12.3.1/../../../../arm-none-eabi/lib/thumb/v8-m.main+fp/hard\libc.a(libc_a-gdtoa-gethex.o)
 .text.__hexdig_fun
                0x0800a06a       0x2a C:/ST/STM32CubeCLT_1.15.0/GNU-tools-for-STM32/bin/../lib/gcc/arm-none-eabi/12.3.1/../../../../arm-none-eabi/lib/thumb/v8-m.main+fp/hard\libc.a(libc_a-gdtoa-gethex.o)
                0x0800a06a                __hexdig_fun
 .text.__gethex
                0x0800a094      0x41c C:/ST/STM32CubeCLT_1.15.0/GNU-tools-for-STM32/bin/../lib/gcc/arm-none-eabi/12.3.1/../../../../arm-none-eabi/lib/thumb/v8-m.main+fp/hard\libc.a(libc_a-gdtoa-gethex.o)
                0x0800a094                __gethex
 .text.L_shift  0x0800a4b0       0x24 C:/ST/STM32CubeCLT_1.15.0/GNU-tools-for-STM32/bin/../lib/gcc/arm-none-eabi/12.3.1/../../../../arm-none-eabi/lib/thumb/v8-m.main+fp/hard\libc.a(libc_a-gdtoa-hexnan.o)
 .text.__match  0x0800a4d4       0x28 C:/ST/STM32CubeCLT_1.15.0/GNU-tools-for-STM32/bin/../lib/gcc/arm-none-eabi/12.3.1/../../../../arm-none-eabi/lib/thumb/v8-m.main+fp/hard\libc.a(libc_a-gdtoa-hexnan.o)
                0x0800a4d4                __match
 .text.__hexnan
                0x0800a4fc      0x136 C:/ST/STM32CubeCLT_1.15.0/GNU-tools-for-STM32/bin/../lib/gcc/arm-none-eabi/12.3.1/../../../../arm-none-eabi/lib/thumb/v8-m.main+fp/hard\libc.a(libc_a-gdtoa-hexnan.o)
                0x0800a4fc                __hexnan
 *fill*         0x0800a632        0x2 
 .text._malloc_r
                0x0800a634      0x474 C:/ST/STM32CubeCLT_1.15.0/GNU-tools-for-STM32/bin/../lib/gcc/arm-none-eabi/12.3.1/../../../../arm-none-eabi/lib/thumb/v8-m.main+fp/hard\libc.a(libc_a-mallocr.o)
                0x0800a634                _malloc_r
 .text.__ascii_mbtowc
                0x0800aaa8       0x24 C:/ST/STM32CubeCLT_1.15.0/GNU-tools-for-STM32/bin/../lib/gcc/arm-none-eabi/12.3.1/../../../../arm-none-eabi/lib/thumb/v8-m.main+fp/hard\libc.a(libc_a-mbtowc_r.o)
                0x0800aaa8                __ascii_mbtowc
 .text.__malloc_lock
                0x0800aacc        0xc C:/ST/STM32CubeCLT_1.15.0/GNU-tools-for-STM32/bin/../lib/gcc/arm-none-eabi/12.3.1/../../../../arm-none-eabi/lib/thumb/v8-m.main+fp/hard\libc.a(libc_a-mlock.o)
                0x0800aacc                __malloc_lock
 .text.__malloc_unlock
                0x0800aad8        0xc C:/ST/STM32CubeCLT_1.15.0/GNU-tools-for-STM32/bin/../lib/gcc/arm-none-eabi/12.3.1/../../../../arm-none-eabi/lib/thumb/v8-m.main+fp/hard\libc.a(libc_a-mlock.o)
                0x0800aad8                __malloc_unlock
 .text._Balloc  0x0800aae4       0x4a C:/ST/STM32CubeCLT_1.15.0/GNU-tools-for-STM32/bin/../lib/gcc/arm-none-eabi/12.3.1/../../../../arm-none-eabi/lib/thumb/v8-m.main+fp/hard\libc.a(libc_a-mprec.o)
                0x0800aae4                _Balloc
 .text._Bfree   0x0800ab2e       0x12 C:/ST/STM32CubeCLT_1.15.0/GNU-tools-for-STM32/bin/../lib/gcc/arm-none-eabi/12.3.1/../../../../arm-none-eabi/lib/thumb/v8-m.main+fp/hard\libc.a(libc_a-mprec.o)
                0x0800ab2e                _Bfree
 .text.__multadd
                0x0800ab40       0x90 C:/ST/STM32CubeCLT_1.15.0/GNU-tools-for-STM32/bin/../lib/gcc/arm-none-eabi/12.3.1/../../../../arm-none-eabi/lib/thumb/v8-m.main+fp/hard\libc.a(libc_a-mprec.o)
                0x0800ab40                __multadd
 .text.__s2b    0x0800abd0       0x94 C:/ST/STM32CubeCLT_1.15.0/GNU-tools-for-STM32/bin/../lib/gcc/arm-none-eabi/12.3.1/../../../../arm-none-eabi/lib/thumb/v8-m.main+fp/hard\libc.a(libc_a-mprec.o)
                0x0800abd0                __s2b
 .text.__hi0bits
                0x0800ac64       0x3e C:/ST/STM32CubeCLT_1.15.0/GNU-tools-for-STM32/bin/../lib/gcc/arm-none-eabi/12.3.1/../../../../arm-none-eabi/lib/thumb/v8-m.main+fp/hard\libc.a(libc_a-mprec.o)
                0x0800ac64                __hi0bits
 .text.__lo0bits
                0x0800aca2       0x5a C:/ST/STM32CubeCLT_1.15.0/GNU-tools-for-STM32/bin/../lib/gcc/arm-none-eabi/12.3.1/../../../../arm-none-eabi/lib/thumb/v8-m.main+fp/hard\libc.a(libc_a-mprec.o)
                0x0800aca2                __lo0bits
 .text.__i2b    0x0800acfc       0x2c C:/ST/STM32CubeCLT_1.15.0/GNU-tools-for-STM32/bin/../lib/gcc/arm-none-eabi/12.3.1/../../../../arm-none-eabi/lib/thumb/v8-m.main+fp/hard\libc.a(libc_a-mprec.o)
                0x0800acfc                __i2b
 .text.__multiply
                0x0800ad28      0x154 C:/ST/STM32CubeCLT_1.15.0/GNU-tools-for-STM32/bin/../lib/gcc/arm-none-eabi/12.3.1/../../../../arm-none-eabi/lib/thumb/v8-m.main+fp/hard\libc.a(libc_a-mprec.o)
                0x0800ad28                __multiply
 .text.__pow5mult
                0x0800ae7c       0x80 C:/ST/STM32CubeCLT_1.15.0/GNU-tools-for-STM32/bin/../lib/gcc/arm-none-eabi/12.3.1/../../../../arm-none-eabi/lib/thumb/v8-m.main+fp/hard\libc.a(libc_a-mprec.o)
                0x0800ae7c                __pow5mult
 .text.__lshift
                0x0800aefc       0xd8 C:/ST/STM32CubeCLT_1.15.0/GNU-tools-for-STM32/bin/../lib/gcc/arm-none-eabi/12.3.1/../../../../arm-none-eabi/lib/thumb/v8-m.main+fp/hard\libc.a(libc_a-mprec.o)
                0x0800aefc                __lshift
 .text.__mcmp   0x0800afd4       0x36 C:/ST/STM32CubeCLT_1.15.0/GNU-tools-for-STM32/bin/../lib/gcc/arm-none-eabi/12.3.1/../../../../arm-none-eabi/lib/thumb/v8-m.main+fp/hard\libc.a(libc_a-mprec.o)
                0x0800afd4                __mcmp
 *fill*         0x0800b00a        0x2 
 .text.__mdiff  0x0800b00c      0x130 C:/ST/STM32CubeCLT_1.15.0/GNU-tools-for-STM32/bin/../lib/gcc/arm-none-eabi/12.3.1/../../../../arm-none-eabi/lib/thumb/v8-m.main+fp/hard\libc.a(libc_a-mprec.o)
                0x0800b00c                __mdiff
 .text.__ulp    0x0800b13c       0x4c C:/ST/STM32CubeCLT_1.15.0/GNU-tools-for-STM32/bin/../lib/gcc/arm-none-eabi/12.3.1/../../../../arm-none-eabi/lib/thumb/v8-m.main+fp/hard\libc.a(libc_a-mprec.o)
                0x0800b13c                __ulp
 .text.__b2d    0x0800b188       0x9c C:/ST/STM32CubeCLT_1.15.0/GNU-tools-for-STM32/bin/../lib/gcc/arm-none-eabi/12.3.1/../../../../arm-none-eabi/lib/thumb/v8-m.main+fp/hard\libc.a(libc_a-mprec.o)
                0x0800b188                __b2d
 .text.__d2b    0x0800b224       0xb0 C:/ST/STM32CubeCLT_1.15.0/GNU-tools-for-STM32/bin/../lib/gcc/arm-none-eabi/12.3.1/../../../../arm-none-eabi/lib/thumb/v8-m.main+fp/hard\libc.a(libc_a-mprec.o)
                0x0800b224                __d2b
 .text.__ratio  0x0800b2d4       0x64 C:/ST/STM32CubeCLT_1.15.0/GNU-tools-for-STM32/bin/../lib/gcc/arm-none-eabi/12.3.1/../../../../arm-none-eabi/lib/thumb/v8-m.main+fp/hard\libc.a(libc_a-mprec.o)
                0x0800b2d4                __ratio
 .text.__copybits
                0x0800b338       0x46 C:/ST/STM32CubeCLT_1.15.0/GNU-tools-for-STM32/bin/../lib/gcc/arm-none-eabi/12.3.1/../../../../arm-none-eabi/lib/thumb/v8-m.main+fp/hard\libc.a(libc_a-mprec.o)
                0x0800b338                __copybits
 .text.__any_on
                0x0800b37e       0x42 C:/ST/STM32CubeCLT_1.15.0/GNU-tools-for-STM32/bin/../lib/gcc/arm-none-eabi/12.3.1/../../../../arm-none-eabi/lib/thumb/v8-m.main+fp/hard\libc.a(libc_a-mprec.o)
                0x0800b37e                __any_on
 .text.__ascii_wctomb
                0x0800b3c0       0x1a C:/ST/STM32CubeCLT_1.15.0/GNU-tools-for-STM32/bin/../lib/gcc/arm-none-eabi/12.3.1/../../../../arm-none-eabi/lib/thumb/v8-m.main+fp/hard\libc.a(libc_a-wctomb_r.o)
                0x0800b3c0                __ascii_wctomb
 *fill*         0x0800b3da        0x6 
 .text._svfprintf_r
                0x0800b3e0     0x13b0 C:/ST/STM32CubeCLT_1.15.0/GNU-tools-for-STM32/bin/../lib/gcc/arm-none-eabi/12.3.1/../../../../arm-none-eabi/lib/thumb/v8-m.main+fp/hard\libc.a(libc_a-svfprintf.o)
                0x0800b3e0                _svfprintf_r
 .text._fclose_r
                0x0800c790       0xaa C:/ST/STM32CubeCLT_1.15.0/GNU-tools-for-STM32/bin/../lib/gcc/arm-none-eabi/12.3.1/../../../../arm-none-eabi/lib/thumb/v8-m.main+fp/hard\libc.a(libc_a-fclose.o)
                0x0800c790                _fclose_r
 *fill*         0x0800c83a        0x2 
 .text.__sflush_r
                0x0800c83c      0x110 C:/ST/STM32CubeCLT_1.15.0/GNU-tools-for-STM32/bin/../lib/gcc/arm-none-eabi/12.3.1/../../../../arm-none-eabi/lib/thumb/v8-m.main+fp/hard\libc.a(libc_a-fflush.o)
                0x0800c83c                __sflush_r
 .text._fflush_r
                0x0800c94c       0x4a C:/ST/STM32CubeCLT_1.15.0/GNU-tools-for-STM32/bin/../lib/gcc/arm-none-eabi/12.3.1/../../../../arm-none-eabi/lib/thumb/v8-m.main+fp/hard\libc.a(libc_a-fflush.o)
                0x0800c94c                _fflush_r
 .text.strncpy  0x0800c996       0x26 C:/ST/STM32CubeCLT_1.15.0/GNU-tools-for-STM32/bin/../lib/gcc/arm-none-eabi/12.3.1/../../../../arm-none-eabi/lib/thumb/v8-m.main+fp/hard\libc.a(libc_a-strncpy.o)
                0x0800c996                strncpy
 .text._localeconv_r
                0x0800c9bc        0x8 C:/ST/STM32CubeCLT_1.15.0/GNU-tools-for-STM32/bin/../lib/gcc/arm-none-eabi/12.3.1/../../../../arm-none-eabi/lib/thumb/v8-m.main+fp/hard\libc.a(libc_a-localeconv.o)
                0x0800c9bc                _localeconv_r
 .text._sbrk_r  0x0800c9c4       0x20 C:/ST/STM32CubeCLT_1.15.0/GNU-tools-for-STM32/bin/../lib/gcc/arm-none-eabi/12.3.1/../../../../arm-none-eabi/lib/thumb/v8-m.main+fp/hard\libc.a(libc_a-sbrkr.o)
                0x0800c9c4                _sbrk_r
 .text.__libc_fini_array
                0x0800c9e4       0x28 C:/ST/STM32CubeCLT_1.15.0/GNU-tools-for-STM32/bin/../lib/gcc/arm-none-eabi/12.3.1/../../../../arm-none-eabi/lib/thumb/v8-m.main+fp/hard\libc.a(libc_a-fini.o)
                0x0800c9e4                __libc_fini_array
 .text.sysconf  0x0800ca0c       0x18 C:/ST/STM32CubeCLT_1.15.0/GNU-tools-for-STM32/bin/../lib/gcc/arm-none-eabi/12.3.1/../../../../arm-none-eabi/lib/thumb/v8-m.main+fp/hard\libc.a(libc_a-sysconf.o)
                0x0800ca0c                sysconf
 .text.memchr   0x0800ca24       0x1c C:/ST/STM32CubeCLT_1.15.0/GNU-tools-for-STM32/bin/../lib/gcc/arm-none-eabi/12.3.1/../../../../arm-none-eabi/lib/thumb/v8-m.main+fp/hard\libc.a(libc_a-memchr-stub.o)
                0x0800ca24                memchr
 .text.frexp    0x0800ca40       0x6c C:/ST/STM32CubeCLT_1.15.0/GNU-tools-for-STM32/bin/../lib/gcc/arm-none-eabi/12.3.1/../../../../arm-none-eabi/lib/thumb/v8-m.main+fp/hard\libc.a(libm_a-s_frexp.o)
                0x0800ca40                frexp
 .text.__register_exitproc
                0x0800caac       0x84 C:/ST/STM32CubeCLT_1.15.0/GNU-tools-for-STM32/bin/../lib/gcc/arm-none-eabi/12.3.1/../../../../arm-none-eabi/lib/thumb/v8-m.main+fp/hard\libc.a(libc_a-__atexit.o)
                0x0800caac                __register_exitproc
 .text.__assert_func
                0x0800cb30       0x3c C:/ST/STM32CubeCLT_1.15.0/GNU-tools-for-STM32/bin/../lib/gcc/arm-none-eabi/12.3.1/../../../../arm-none-eabi/lib/thumb/v8-m.main+fp/hard\libc.a(libc_a-assert.o)
                0x0800cb30                __assert_func
 .text._calloc_r
                0x0800cb6c       0x6a C:/ST/STM32CubeCLT_1.15.0/GNU-tools-for-STM32/bin/../lib/gcc/arm-none-eabi/12.3.1/../../../../arm-none-eabi/lib/thumb/v8-m.main+fp/hard\libc.a(libc_a-callocr.o)
                0x0800cb6c                _calloc_r
 .text.quorem   0x0800cbd6      0x11a C:/ST/STM32CubeCLT_1.15.0/GNU-tools-for-STM32/bin/../lib/gcc/arm-none-eabi/12.3.1/../../../../arm-none-eabi/lib/thumb/v8-m.main+fp/hard\libc.a(libc_a-dtoa.o)
 .text._dtoa_r  0x0800ccf0      0xb54 C:/ST/STM32CubeCLT_1.15.0/GNU-tools-for-STM32/bin/../lib/gcc/arm-none-eabi/12.3.1/../../../../arm-none-eabi/lib/thumb/v8-m.main+fp/hard\libc.a(libc_a-dtoa.o)
                0x0800ccf0                _dtoa_r
 .text.fiprintf
                0x0800d844       0x24 C:/ST/STM32CubeCLT_1.15.0/GNU-tools-for-STM32/bin/../lib/gcc/arm-none-eabi/12.3.1/../../../../arm-none-eabi/lib/thumb/v8-m.main+fp/hard\libc.a(libc_a-fiprintf.o)
                0x0800d844                fiprintf
 .text.__ssprint_r
                0x0800d868       0xfa C:/ST/STM32CubeCLT_1.15.0/GNU-tools-for-STM32/bin/../lib/gcc/arm-none-eabi/12.3.1/../../../../arm-none-eabi/lib/thumb/v8-m.main+fp/hard\libc.a(libc_a-svfiprintf.o)
                0x0800d868                __ssprint_r
 .text.__sprint_r
                0x0800d962       0x64 C:/ST/STM32CubeCLT_1.15.0/GNU-tools-for-STM32/bin/../lib/gcc/arm-none-eabi/12.3.1/../../../../arm-none-eabi/lib/thumb/v8-m.main+fp/hard\libc.a(libc_a-vfiprintf.o)
                0x0800d962                __sprint_r
 *fill*         0x0800d9c6        0x2 
 .text._vfiprintf_r
                0x0800d9c8      0x910 C:/ST/STM32CubeCLT_1.15.0/GNU-tools-for-STM32/bin/../lib/gcc/arm-none-eabi/12.3.1/../../../../arm-none-eabi/lib/thumb/v8-m.main+fp/hard\libc.a(libc_a-vfiprintf.o)
                0x0800d9c8                _vfiprintf_r
 .text.__sbprintf
                0x0800e2d8       0x80 C:/ST/STM32CubeCLT_1.15.0/GNU-tools-for-STM32/bin/../lib/gcc/arm-none-eabi/12.3.1/../../../../arm-none-eabi/lib/thumb/v8-m.main+fp/hard\libc.a(libc_a-vfiprintf.o)
 .text.__sfvwrite_r
                0x0800e358      0x298 C:/ST/STM32CubeCLT_1.15.0/GNU-tools-for-STM32/bin/../lib/gcc/arm-none-eabi/12.3.1/../../../../arm-none-eabi/lib/thumb/v8-m.main+fp/hard\libc.a(libc_a-fvwrite.o)
                0x0800e358                __sfvwrite_r
 .text.__swsetup_r
                0x0800e5f0       0xac C:/ST/STM32CubeCLT_1.15.0/GNU-tools-for-STM32/bin/../lib/gcc/arm-none-eabi/12.3.1/../../../../arm-none-eabi/lib/thumb/v8-m.main+fp/hard\libc.a(libc_a-wsetup.o)
                0x0800e5f0                __swsetup_r
 .text.__fputwc
                0x0800e69c       0x82 C:/ST/STM32CubeCLT_1.15.0/GNU-tools-for-STM32/bin/../lib/gcc/arm-none-eabi/12.3.1/../../../../arm-none-eabi/lib/thumb/v8-m.main+fp/hard\libc.a(libc_a-fputwc.o)
                0x0800e69c                __fputwc
 .text._fputwc_r
                0x0800e71e       0x52 C:/ST/STM32CubeCLT_1.15.0/GNU-tools-for-STM32/bin/../lib/gcc/arm-none-eabi/12.3.1/../../../../arm-none-eabi/lib/thumb/v8-m.main+fp/hard\libc.a(libc_a-fputwc.o)
                0x0800e71e                _fputwc_r
 .text.memmove  0x0800e770       0x34 C:/ST/STM32CubeCLT_1.15.0/GNU-tools-for-STM32/bin/../lib/gcc/arm-none-eabi/12.3.1/../../../../arm-none-eabi/lib/thumb/v8-m.main+fp/hard\libc.a(libc_a-memmove.o)
                0x0800e770                memmove
 .text.abort    0x0800e7a4        0xe C:/ST/STM32CubeCLT_1.15.0/GNU-tools-for-STM32/bin/../lib/gcc/arm-none-eabi/12.3.1/../../../../arm-none-eabi/lib/thumb/v8-m.main+fp/hard\libc.a(libc_a-abort.o)
                0x0800e7a4                abort
 *fill*         0x0800e7b2        0x2 
 .text._realloc_r
                0x0800e7b4      0x364 C:/ST/STM32CubeCLT_1.15.0/GNU-tools-for-STM32/bin/../lib/gcc/arm-none-eabi/12.3.1/../../../../arm-none-eabi/lib/thumb/v8-m.main+fp/hard\libc.a(libc_a-reallocr.o)
                0x0800e7b4                _realloc_r
 .text._wcrtomb_r
                0x0800eb18       0x2c C:/ST/STM32CubeCLT_1.15.0/GNU-tools-for-STM32/bin/../lib/gcc/arm-none-eabi/12.3.1/../../../../arm-none-eabi/lib/thumb/v8-m.main+fp/hard\libc.a(libc_a-wcrtomb.o)
                0x0800eb18                _wcrtomb_r
 .text.__swhatbuf_r
                0x0800eb44       0x50 C:/ST/STM32CubeCLT_1.15.0/GNU-tools-for-STM32/bin/../lib/gcc/arm-none-eabi/12.3.1/../../../../arm-none-eabi/lib/thumb/v8-m.main+fp/hard\libc.a(libc_a-makebuf.o)
                0x0800eb44                __swhatbuf_r
 .text.__smakebuf_r
                0x0800eb94       0x78 C:/ST/STM32CubeCLT_1.15.0/GNU-tools-for-STM32/bin/../lib/gcc/arm-none-eabi/12.3.1/../../../../arm-none-eabi/lib/thumb/v8-m.main+fp/hard\libc.a(libc_a-makebuf.o)
                0x0800eb94                __smakebuf_r
 .text.__swbuf_r
                0x0800ec0c       0x92 C:/ST/STM32CubeCLT_1.15.0/GNU-tools-for-STM32/bin/../lib/gcc/arm-none-eabi/12.3.1/../../../../arm-none-eabi/lib/thumb/v8-m.main+fp/hard\libc.a(libc_a-wbuf.o)
                0x0800ec0c                __swbuf_r
 .text._raise_r
                0x0800ec9e       0x52 C:/ST/STM32CubeCLT_1.15.0/GNU-tools-for-STM32/bin/../lib/gcc/arm-none-eabi/12.3.1/../../../../arm-none-eabi/lib/thumb/v8-m.main+fp/hard\libc.a(libc_a-signal.o)
                0x0800ec9e                _raise_r
 .text.raise    0x0800ecf0       0x10 C:/ST/STM32CubeCLT_1.15.0/GNU-tools-for-STM32/bin/../lib/gcc/arm-none-eabi/12.3.1/../../../../arm-none-eabi/lib/thumb/v8-m.main+fp/hard\libc.a(libc_a-signal.o)
                0x0800ecf0                raise
 .text._fstat_r
                0x0800ed00       0x24 C:/ST/STM32CubeCLT_1.15.0/GNU-tools-for-STM32/bin/../lib/gcc/arm-none-eabi/12.3.1/../../../../arm-none-eabi/lib/thumb/v8-m.main+fp/hard\libc.a(libc_a-fstatr.o)
                0x0800ed00                _fstat_r
 .text._isatty_r
                0x0800ed24       0x20 C:/ST/STM32CubeCLT_1.15.0/GNU-tools-for-STM32/bin/../lib/gcc/arm-none-eabi/12.3.1/../../../../arm-none-eabi/lib/thumb/v8-m.main+fp/hard\libc.a(libc_a-isattyr.o)
                0x0800ed24                _isatty_r
 .text._kill_r  0x0800ed44       0x24 C:/ST/STM32CubeCLT_1.15.0/GNU-tools-for-STM32/bin/../lib/gcc/arm-none-eabi/12.3.1/../../../../arm-none-eabi/lib/thumb/v8-m.main+fp/hard\libc.a(libc_a-signalr.o)
                0x0800ed44                _kill_r
 .text._getpid_r
                0x0800ed68        0x4 C:/ST/STM32CubeCLT_1.15.0/GNU-tools-for-STM32/bin/../lib/gcc/arm-none-eabi/12.3.1/../../../../arm-none-eabi/lib/thumb/v8-m.main+fp/hard\libc.a(libc_a-signalr.o)
                0x0800ed68                _getpid_r
 *(.glue_7)
 .glue_7        0x0800ed6c        0x0 linker stubs
 *(.glue_7t)
 .glue_7t       0x0800ed6c        0x0 linker stubs
 *(.eh_frame)
 .eh_frame      0x0800ed6c        0x0 C:/ST/STM32CubeCLT_1.15.0/GNU-tools-for-STM32/bin/../lib/gcc/arm-none-eabi/12.3.1/thumb/v8-m.main+fp/hard/crtbegin.o
 *(.init)
 .init          0x0800ed6c        0x4 C:/ST/STM32CubeCLT_1.15.0/GNU-tools-for-STM32/bin/../lib/gcc/arm-none-eabi/12.3.1/thumb/v8-m.main+fp/hard/crti.o
                0x0800ed6c                _init
 .init          0x0800ed70        0x8 C:/ST/STM32CubeCLT_1.15.0/GNU-tools-for-STM32/bin/../lib/gcc/arm-none-eabi/12.3.1/thumb/v8-m.main+fp/hard/crtn.o
 *(.fini)
 .fini          0x0800ed78        0x4 C:/ST/STM32CubeCLT_1.15.0/GNU-tools-for-STM32/bin/../lib/gcc/arm-none-eabi/12.3.1/thumb/v8-m.main+fp/hard/crti.o
                0x0800ed78                _fini
 .fini          0x0800ed7c        0x8 C:/ST/STM32CubeCLT_1.15.0/GNU-tools-for-STM32/bin/../lib/gcc/arm-none-eabi/12.3.1/thumb/v8-m.main+fp/hard/crtn.o
                0x0800ed84                        . = ALIGN (0x4)
                0x0800ed84                        _etext = .

.vfp11_veneer   0x0800ed84        0x0
 .vfp11_veneer  0x0800ed84        0x0 linker stubs

.v4_bx          0x0800ed84        0x0
 .v4_bx         0x0800ed84        0x0 linker stubs

.iplt           0x0800ed84        0x0
 .iplt          0x0800ed84        0x0 C:/ST/STM32CubeCLT_1.15.0/GNU-tools-for-STM32/bin/../lib/gcc/arm-none-eabi/12.3.1/thumb/v8-m.main+fp/hard/crtbegin.o

.rodata         0x0800ed88      0x878
                0x0800ed88                        . = ALIGN (0x4)
 *(.rodata)
 *(.rodata*)
 .rodata._Z6apInitv.str1.4
                0x0800ed88       0x83 CMakeFiles/stm32u5a5jtxq.dir/Src/app/app.cpp.obj
                                 0x86 (size before relaxing)
 *fill*         0x0800ee0b        0x1 
 .rodata.cliShowPrompt.str1.4
                0x0800ee0c        0xa CMakeFiles/stm32u5a5jtxq.dir/Src/app/src/cli.c.obj
 *fill*         0x0800ee16        0x2 
 .rodata.cliLineChange.str1.4
                0x0800ee18        0xe CMakeFiles/stm32u5a5jtxq.dir/Src/app/src/cli.c.obj
 *fill*         0x0800ee26        0x2 
 .rodata.cliParseArgs.str1.4
                0x0800ee28        0x7 CMakeFiles/stm32u5a5jtxq.dir/Src/app/src/cli.c.obj
 *fill*         0x0800ee2f        0x1 
 .rodata.cliShowLog.str1.4
                0x0800ee30       0x7f CMakeFiles/stm32u5a5jtxq.dir/Src/app/src/cli.c.obj
                                 0x82 (size before relaxing)
 .rodata.cliRunCmd.str1.4
                0x0800eeaf       0x7f CMakeFiles/stm32u5a5jtxq.dir/Src/app/src/cli.c.obj
                                  0x3 (size before relaxing)
 *fill*         0x0800eeaf        0x1 
 .rodata.cliUpdate.str1.4
                0x0800eeb0       0x22 CMakeFiles/stm32u5a5jtxq.dir/Src/app/src/cli.c.obj
 *fill*         0x0800eed2        0x2 
 .rodata.cliShowList.str1.4
                0x0800eed4       0x40 CMakeFiles/stm32u5a5jtxq.dir/Src/app/src/cli.c.obj
 .rodata.cliMemoryDump.str1.4
                0x0800ef14       0x42 CMakeFiles/stm32u5a5jtxq.dir/Src/app/src/cli.c.obj
 *fill*         0x0800ef56        0x2 
 .rodata.cliInit.str1.4
                0x0800ef58        0xb CMakeFiles/stm32u5a5jtxq.dir/Src/app/src/cli.c.obj
 *fill*         0x0800ef63        0x1 
 .rodata.cliCmd.str1.4
                0x0800ef64       0x8a CMakeFiles/stm32u5a5jtxq.dir/Src/app/src/log.c.obj
                                 0x8e (size before relaxing)
 *fill*         0x0800efee        0x2 
 .rodata.logInit.str1.4
                0x0800eff0        0x4 CMakeFiles/stm32u5a5jtxq.dir/Src/app/src/log.c.obj
 .rodata.logBufPrintf.str1.4
                0x0800eff4        0x8 CMakeFiles/stm32u5a5jtxq.dir/Src/app/src/log.c.obj
 .rodata.uartInit.str1.4
                0x0800effc        0x5 CMakeFiles/stm32u5a5jtxq.dir/Src/app/src/uart.c.obj
 *fill*         0x0800f001        0x3 
 .rodata.cliUart.str1.4
                0x0800f004       0x90 CMakeFiles/stm32u5a5jtxq.dir/Src/app/src/uart.c.obj
                                 0x98 (size before relaxing)
 .rodata.str1.4
                0x0800f094       0x1e CMakeFiles/stm32u5a5jtxq.dir/Src/app/src/uart.c.obj
 *fill*         0x0800f0b2        0x2 
 .rodata.uart_hw_tbl
                0x0800f0b4       0x20 CMakeFiles/stm32u5a5jtxq.dir/Src/app/src/uart.c.obj
 .rodata.MSIRangeTable
                0x0800f0d4       0x40 CMakeFiles/stm32u5a5jtxq.dir/Src/device/system_stm32u5xx.c.obj
                0x0800f0d4                MSIRangeTable
 .rodata.APBPrescTable
                0x0800f114        0x8 CMakeFiles/stm32u5a5jtxq.dir/Src/device/system_stm32u5xx.c.obj
                0x0800f114                APBPrescTable
 .rodata.AHBPrescTable
                0x0800f11c       0x10 CMakeFiles/stm32u5a5jtxq.dir/Src/device/system_stm32u5xx.c.obj
                0x0800f11c                AHBPrescTable
 .rodata.LPGPIO_Map
                0x0800f12c       0x80 CMakeFiles/stm32u5a5jtxq.dir/Src/lib/ST/STM32U5xx_HAL_Driver/Src/stm32u5xx_hal_gpio.c.obj
 .rodata.UARTPrescTable
                0x0800f1ac       0x18 CMakeFiles/stm32u5a5jtxq.dir/Src/lib/ST/STM32U5xx_HAL_Driver/Src/stm32u5xx_hal_uart.c.obj
                0x0800f1ac                UARTPrescTable
 .rodata._strtod_l.str1.1
                0x0800f1c4        0x2 C:/ST/STM32CubeCLT_1.15.0/GNU-tools-for-STM32/bin/../lib/gcc/arm-none-eabi/12.3.1/../../../../arm-none-eabi/lib/thumb/v8-m.main+fp/hard\libc.a(libc_a-strtod.o)
                                  0xf (size before relaxing)
 *fill*         0x0800f1c6        0x2 
 .rodata.fpinan.0
                0x0800f1c8       0x14 C:/ST/STM32CubeCLT_1.15.0/GNU-tools-for-STM32/bin/../lib/gcc/arm-none-eabi/12.3.1/../../../../arm-none-eabi/lib/thumb/v8-m.main+fp/hard\libc.a(libc_a-strtod.o)
 .rodata.fpi.1  0x0800f1dc       0x14 C:/ST/STM32CubeCLT_1.15.0/GNU-tools-for-STM32/bin/../lib/gcc/arm-none-eabi/12.3.1/../../../../arm-none-eabi/lib/thumb/v8-m.main+fp/hard\libc.a(libc_a-strtod.o)
 .rodata.tinytens